03-16 12:15:38.330  1024  1024 E cnss-daemon: Failed to get sock name Socket operation on non-socket
03-16 12:15:38.336  1024  1024 E cnss-daemon: Failed to get sock name Socket operation on non-socket
03-16 12:15:38.343  1024  1024 E cnss-daemon: Failed to get sock name Socket operation on non-socket
03-16 12:15:38.352  1024  1024 E cnss-daemon: Failed to get sock name Socket operation on non-socket
03-16 12:15:38.359  1024  1024 E cnss-daemon: Failed to get sock name Socket operation on non-socket
03-16 12:15:38.364  1024  1024 E cnss-daemon: Failed to get sock name Socket operation on non-socket
03-16 12:15:38.371  1024  1024 E cnss-daemon: Failed to get sock name Socket operation on non-socket
03-16 12:15:38.377  1024  1024 E cnss-daemon: Failed to get sock name Socket operation on non-socket
03-16 12:15:38.383  1024  1024 E cnss-daemon: Failed to get sock name Socket operation on non-socket
03-16 12:15:38.389  1024  1024 E cnss-daemon: Failed to get sock name Socket operation on non-socket
03-16 12:15:38.394  1024  1024 E cnss-daemon: Failed to get sock name Socket operation on non-socket
03-16 12:15:38.400  1024  1024 E cnss-daemon: Failed to get sock name Socket operation on non-socket
03-16 12:15:38.406  1024  1024 E cnss-daemon: Failed to get sock name Socket operation on non-socket
03-16 12:15:38.412  1024  1024 E cnss-daemon: Failed to get sock name Socket operation on non-socket
03-16 12:15:38.418  1024  1024 E cnss-daemon: Failed to get sock name Socket operation on non-socket
03-16 12:15:38.423  1024  1024 E cnss-daemon: Failed to get sock name Socket operation on non-socket
03-16 12:15:38.429  1024  1024 E cnss-daemon: Failed to get sock name Socket operation on non-socket
03-16 12:15:38.435  1024  1024 E cnss-daemon: Failed to get sock name Socket operation on non-socket
03-16 12:15:38.440  1024  1024 E cnss-daemon: Failed to get sock name Socket operation on non-socket
03-16 12:15:38.445  1024  1024 E cnss-daemon: Failed to get sock name Socket operation on non-socket
03-16 12:15:38.451  1024  1024 E cnss-daemon: Failed to get sock name Socket operation on non-socket
03-16 12:15:38.457  1024  1024 E cnss-daemon: Failed to get sock name Socket operation on non-socket
03-16 12:15:38.462  1024  1024 E cnss-daemon: Failed to get sock name Socket operation on non-socket
03-16 12:15:38.465  1024  1024 E cnss-daemon: Failed to get sock name Socket operation on non-socket
03-16 12:15:38.469  1024  1024 E cnss-daemon: Failed to get sock name Socket operation on non-socket
03-16 12:15:38.473  1024  1024 E cnss-daemon: Failed to get sock name Socket operation on non-socket
03-16 12:15:38.480  1024  1024 E cnss-daemon: Failed to get sock name Socket operation on non-socket
03-16 12:15:38.485  1024  1024 E cnss-daemon: Failed to get sock name Socket operation on non-socket
03-16 12:15:38.490  1024  1024 E cnss-daemon: Failed to get sock name Socket operation on non-socket
03-16 12:15:38.496  1024  1024 E cnss-daemon: Failed to get sock name Socket operation on non-socket
03-16 12:15:38.500  1024  1024 E cnss-daemon: Failed to get sock name Socket operation on non-socket
03-16 12:15:38.505  1024  1024 E cnss-daemon: Failed to get sock name Socket operation on non-socket
03-16 12:15:38.509  1024  1024 E cnss-daemon: Failed to get sock name Socket operation on non-socket
03-16 12:15:38.513  1024  1024 E cnss-daemon: Failed to get sock name Socket operation on non-socket
03-16 12:15:38.518  1024  1024 E cnss-daemon: Failed to get sock name Socket operation on non-socket
03-16 12:15:38.522  1024  1024 E cnss-daemon: Failed to get sock name Socket operation on non-socket
03-16 12:15:38.527  1024  1024 E cnss-daemon: Failed to get sock name Socket operation on non-socket
03-16 12:15:38.531  1024  1024 E cnss-daemon: Failed to get sock name Socket operation on non-socket
03-16 12:15:38.536  1024  1024 E cnss-daemon: Failed to get sock name Socket operation on non-socket
03-16 12:15:38.541  1024  1024 E cnss-daemon: Failed to get sock name Socket operation on non-socket
03-16 12:15:38.548  1024  1024 E cnss-daemon: Failed to get sock name Socket operation on non-socket
03-16 12:15:38.554  1024  1024 E cnss-daemon: Failed to get sock name Socket operation on non-socket
03-16 12:15:38.560  1024  1024 E cnss-daemon: Failed to get sock name Socket operation on non-socket
03-16 12:15:38.566  1024  1024 E cnss-daemon: Failed to get sock name Socket operation on non-socket
03-16 12:15:38.571  1024  1024 E cnss-daemon: Failed to get sock name Socket operation on non-socket
03-16 12:15:38.577  1024  1024 E cnss-daemon: Failed to get sock name Socket operation on non-socket
03-16 12:15:38.581  1024  1024 E cnss-daemon: Failed to get sock name Socket operation on non-socket
03-16 12:15:38.585  1024  1024 E cnss-daemon: Failed to get sock name Socket operation on non-socket
03-16 12:15:38.589  1024  1024 E cnss-daemon: Failed to get sock name Socket operation on non-socket
03-16 12:15:38.594  1024  1024 E cnss-daemon: Failed to get sock name Socket operation on non-socket
03-16 12:15:38.598  1024  1024 E cnss-daemon: Failed to get sock name Socket operation on non-socket
03-16 12:15:38.602  1024  1024 E cnss-daemon: Failed to get sock name Socket operation on non-socket
03-16 12:15:38.606  1024  1024 E cnss-daemon: Failed to get sock name Socket operation on non-socket
03-16 12:15:38.610  1024  1024 E cnss-daemon: Failed to get sock name Socket operation on non-socket
03-16 12:15:38.615  1024  1024 E cnss-daemon: Failed to get sock name Socket operation on non-socket
03-16 12:15:38.619  1024  1024 E cnss-daemon: Failed to get sock name Socket operation on non-socket
03-16 12:15:38.623  1024  1024 E cnss-daemon: Failed to get sock name Socket operation on non-socket
03-16 12:15:38.627  1024  1024 E cnss-daemon: Failed to get sock name Socket operation on non-socket
03-16 12:15:38.631  1024  1024 E cnss-daemon: Failed to get sock name Socket operation on non-socket
03-16 12:15:38.636  1024  1024 E cnss-daemon: Failed to get sock name Socket operation on non-socket
03-16 12:15:38.641  1024  1024 E cnss-daemon: Failed to get sock name Socket operation on non-socket
03-16 12:15:38.646  1024  1024 E cnss-daemon: Failed to get sock name Socket operation on non-socket
03-16 12:15:38.652  1024  1024 E cnss-daemon: Failed to get sock name Socket operation on non-socket
03-16 12:15:38.658  1024  1024 E cnss-daemon: Failed to get sock name Socket operation on non-socket
03-16 12:15:38.663  1024  1024 E cnss-daemon: Failed to get sock name Socket operation on non-socket
03-16 12:15:38.668  1024  1024 E cnss-daemon: Failed to get sock name Socket operation on non-socket
03-16 12:15:38.672  1024  1024 E cnss-daemon: Failed to get sock name Socket operation on non-socket
03-16 12:15:38.678  1024  1024 E cnss-daemon: Failed to get sock name Socket operation on non-socket
03-16 12:15:38.682  1024  1024 E cnss-daemon: Failed to get sock name Socket operation on non-socket
03-16 12:15:38.688  1024  1024 E cnss-daemon: Failed to get sock name Socket operation on non-socket
03-16 12:15:38.693  1024  1024 E cnss-daemon: Failed to get sock name Socket operation on non-socket
03-16 12:15:38.698  1024  1024 E cnss-daemon: Failed to get sock name Socket operation on non-socket
03-16 12:15:38.702  1024  1024 E cnss-daemon: Failed to get sock name Socket operation on non-socket
03-16 12:15:38.707  1024  1024 E cnss-daemon: Failed to get sock name Socket operation on non-socket
03-16 12:15:38.711  1024  1024 E cnss-daemon: Failed to get sock name Socket operation on non-socket
03-16 12:15:38.716  1024  1024 E cnss-daemon: Failed to get sock name Socket operation on non-socket
03-16 12:15:38.720  1024  1024 E cnss-daemon: Failed to get sock name Socket operation on non-socket
03-16 12:15:38.724  1024  1024 E cnss-daemon: Failed to get sock name Socket operation on non-socket
03-16 12:15:38.728  1024  1024 E cnss-daemon: Failed to get sock name Socket operation on non-socket
03-16 12:15:38.732  1024  1024 E cnss-daemon: Failed to get sock name Socket operation on non-socket
03-16 12:15:38.737  1024  1024 E cnss-daemon: Failed to get sock name Socket operation on non-socket
03-16 12:15:38.742  1024  1024 E cnss-daemon: Failed to get sock name Socket operation on non-socket
03-16 12:15:38.746  1024  1024 E cnss-daemon: Failed to get sock name Socket operation on non-socket
03-16 12:15:38.750  1024  1024 E cnss-daemon: Failed to get sock name Socket operation on non-socket
03-16 12:15:38.755  1024  1024 E cnss-daemon: Failed to get sock name Socket operation on non-socket
03-16 12:15:38.759  1024  1024 E cnss-daemon: Failed to get sock name Socket operation on non-socket
03-16 12:15:38.766  1024  1024 E cnss-daemon: Failed to get sock name Socket operation on non-socket
03-16 12:15:38.772  1024  1024 E cnss-daemon: Failed to get sock name Socket operation on non-socket
03-16 12:15:38.778  1024  1024 E cnss-daemon: Failed to get sock name Socket operation on non-socket
03-16 12:15:38.783  1024  1024 E cnss-daemon: Failed to get sock name Socket operation on non-socket
03-16 12:15:38.789  1024  1024 E cnss-daemon: Failed to get sock name Socket operation on non-socket
03-16 12:15:38.795  1024  1024 E cnss-daemon: Failed to get sock name Socket operation on non-socket
03-16 12:15:38.800  1024  1024 E cnss-daemon: Failed to get sock name Socket operation on non-socket
03-16 12:15:38.806  1024  1024 E cnss-daemon: Failed to get sock name Socket operation on non-socket
03-16 12:15:38.811  1024  1024 E cnss-daemon: Failed to get sock name Socket operation on non-socket
03-16 12:15:38.816  1024  1024 E cnss-daemon: Failed to get sock name Socket operation on non-socket
03-16 12:15:38.822  1024  1024 E cnss-daemon: Failed to get sock name Socket operation on non-socket
03-16 12:15:38.829  1024  1024 E cnss-daemon: Failed to get sock name Socket operation on non-socket
03-16 12:15:38.835  1024  1024 E cnss-daemon: Failed to get sock name Socket operation on non-socket
03-16 12:15:38.841  1024  1024 E cnss-daemon: Failed to get sock name Socket operation on non-socket
03-16 12:15:38.846  1024  1024 E cnss-daemon: Failed to get sock name Socket operation on non-socket
03-16 12:15:38.851  1024  1024 E cnss-daemon: Failed to get sock name Socket operation on non-socket
03-16 12:15:38.857  1024  1024 E cnss-daemon: Failed to get sock name Socket operation on non-socket
03-16 12:15:38.863  1024  1024 E cnss-daemon: Failed to get sock name Socket operation on non-socket
03-16 12:15:38.868  1024  1024 E cnss-daemon: Failed to get sock name Socket operation on non-socket
03-16 12:15:38.874  1024  1024 E cnss-daemon: Failed to get sock name Socket operation on non-socket
03-16 12:15:38.879  1024  1024 E cnss-daemon: Failed to get sock name Socket operation on non-socket
03-16 12:15:38.883  1024  1024 E cnss-daemon: Failed to get sock name Socket operation on non-socket
03-16 12:15:38.888  1024  1024 E cnss-daemon: Failed to get sock name Socket operation on non-socket
03-16 12:15:38.892  1024  1024 E cnss-daemon: Failed to get sock name Socket operation on non-socket
03-16 12:15:38.896  1024  1024 E cnss-daemon: Failed to get sock name Socket operation on non-socket
03-16 12:15:38.900  1024  1024 E cnss-daemon: Failed to get sock name Socket operation on non-socket
03-16 12:15:38.904  1024  1024 E cnss-daemon: Failed to get sock name Socket operation on non-socket
03-16 12:15:38.905  1883  6883 D DeviceStorageMonitorService: check() STORAGE TOTAL <= 64G
03-16 12:15:38.906  1883  6883 W DeviceStorageMonitorService: updateBroadcasts(/data) oldLevel:0, newLevel:0, seq:1
03-16 12:15:38.907   501   501 E vold    : getUsedF2fsFileNode -> Cannot Get Used FileNode Number (errno=25 Inappropriate ioctl for device)
03-16 12:15:38.907  1883  6883 D DeviceStorageMonitorService: Cannot get USED FILE NODE NUMBER!!!
03-16 12:15:38.907  1883  6883 D DeviceStorageMonitorService: Available File Node Number is [-1]
03-16 12:15:38.907  1883  6883 W DeviceStorageMonitorService: updateBroadcasts_filenode(/data) fn_oldLevel:0, fn_newLevel:0, seq:1
03-16 12:15:38.909  1024  1024 E cnss-daemon: Failed to get sock name Socket operation on non-socket
03-16 12:15:38.913  1024  1024 E cnss-daemon: Failed to get sock name Socket operation on non-socket
03-16 12:15:38.917  1024  1024 E cnss-daemon: Failed to get sock name Socket operation on non-socket
03-16 12:15:38.922  1024  1024 E cnss-daemon: Failed to get sock name Socket operation on non-socket
03-16 12:15:38.927  1024  1024 E cnss-daemon: Failed to get sock name Socket operation on non-socket
03-16 12:15:38.932  1024  1024 E cnss-daemon: Failed to get sock name Socket operation on non-socket
03-16 12:15:38.937  1024  1024 E cnss-daemon: Failed to get sock name Socket operation on non-socket
03-16 12:15:38.941  1024  1024 E cnss-daemon: Failed to get sock name Socket operation on non-socket
03-16 12:15:38.946  1024  1024 E cnss-daemon: Failed to get sock name Socket operation on non-socket
03-16 12:15:38.951  1024  1024 E cnss-daemon: Failed to get sock name Socket operation on non-socket
03-16 12:15:38.956  1024  1024 E cnss-daemon: Failed to get sock name Socket operation on non-socket
03-16 12:15:38.960  1024  1024 E cnss-daemon: Failed to get sock name Socket operation on non-socket
03-16 12:15:38.965  1024  1024 E cnss-daemon: Failed to get sock name Socket operation on non-socket
03-16 12:15:38.968  1024  1024 E cnss-daemon: Failed to get sock name Socket operation on non-socket
03-16 12:15:38.973  1024  1024 E cnss-daemon: Failed to get sock name Socket operation on non-socket
03-16 12:15:38.977  1024  1024 E cnss-daemon: Failed to get sock name Socket operation on non-socket
03-16 12:15:38.982  1024  1024 E cnss-daemon: Failed to get sock name Socket operation on non-socket
03-16 12:15:38.988  1024  1024 E cnss-daemon: Failed to get sock name Socket operation on non-socket
03-16 12:15:38.992  1024  1024 E cnss-daemon: Failed to get sock name Socket operation on non-socket
03-16 12:15:38.997  1024  1024 E cnss-daemon: Failed to get sock name Socket operation on non-socket
03-16 12:15:39.002  1024  1024 E cnss-daemon: Failed to get sock name Socket operation on non-socket
03-16 12:15:39.007  1024  1024 E cnss-daemon: Failed to get sock name Socket operation on non-socket
03-16 12:15:39.012  1024  1024 E cnss-daemon: Failed to get sock name Socket operation on non-socket
03-16 12:15:39.016   577   577 E audit   : type=1400 audit(1773634539.012:17510739): avc:  denied  { execute_no_trans } for  pid=32658 comm="cnss-daemon" path="/vendor/bin/sh" dev="dm-2" ino=293 scontext=u:r:wcnss_service:s0 tcontext=u:object_r:vendor_shell_exec:s0 tclass=file permissive=0 SEPF_SM-A207F_11_0004 audit_filtered
03-16 12:15:39.017  1024  1024 E cnss-daemon: Failed to get sock name Socket operation on non-socket
03-16 12:15:39.021   577   577 E audit   : type=1400 audit(1773634539.012:17510740): avc:  denied  { execute_no_trans } for  pid=32659 comm="cnss-daemon" path="/vendor/bin/sh" dev="dm-2" ino=293 scontext=u:r:wcnss_service:s0 tcontext=u:object_r:vendor_shell_exec:s0 tclass=file permissive=0 SEPF_SM-A207F_11_0004 audit_filtered
03-16 12:15:39.022  1024  1024 E cnss-daemon: Failed to get sock name Socket operation on non-socket
03-16 12:15:39.026   577   577 E audit   : type=1400 audit(1773634539.022:17510741): avc:  denied  { execute_no_trans } for  pid=32660 comm="cnss-daemon" path="/vendor/bin/sh" dev="dm-2" ino=293 scontext=u:r:wcnss_service:s0 tcontext=u:object_r:vendor_shell_exec:s0 tclass=file permissive=0 SEPF_SM-A207F_11_0004 audit_filtered
03-16 12:15:39.027  1024  1024 E cnss-daemon: Failed to get sock name Socket operation on non-socket
03-16 12:15:39.030   577   577 E audit   : type=1400 audit(1773634539.022:17510742): avc:  denied  { execute_no_trans } for  pid=32661 comm="cnss-daemon" path="/vendor/bin/sh" dev="dm-2" ino=293 scontext=u:r:wcnss_service:s0 tcontext=u:object_r:vendor_shell_exec:s0 tclass=file permissive=0 SEPF_SM-A207F_11_0004 audit_filtered
03-16 12:15:39.032  1024  1024 E cnss-daemon: Failed to get sock name Socket operation on non-socket
03-16 12:15:39.035   577   577 E audit   : type=1400 audit(1773634539.032:17510743): avc:  denied  { execute_no_trans } for  pid=32662 comm="cnss-daemon" path="/vendor/bin/sh" dev="dm-2" ino=293 scontext=u:r:wcnss_service:s0 tcontext=u:object_r:vendor_shell_exec:s0 tclass=file permissive=0 SEPF_SM-A207F_11_0004 audit_filtered
03-16 12:15:39.037  1024  1024 E cnss-daemon: Failed to get sock name Socket operation on non-socket
03-16 12:15:39.042  1024  1024 E cnss-daemon: Failed to get sock name Socket operation on non-socket
03-16 12:15:39.048  1024  1024 E cnss-daemon: Failed to get sock name Socket operation on non-socket
03-16 12:15:39.053  1024  1024 E cnss-daemon: Failed to get sock name Socket operation on non-socket
03-16 12:15:39.059  1024  1024 E cnss-daemon: Failed to get sock name Socket operation on non-socket
03-16 12:15:39.065  1024  1024 E cnss-daemon: Failed to get sock name Socket operation on non-socket
03-16 12:15:39.070  1024  1024 E cnss-daemon: Failed to get sock name Socket operation on non-socket
03-16 12:15:39.075  1024  1024 E cnss-daemon: Failed to get sock name Socket operation on non-socket
03-16 12:15:39.080  1024  1024 E cnss-daemon: Failed to get sock name Socket operation on non-socket
03-16 12:15:39.083  1024  1024 E cnss-daemon: Failed to get sock name Socket operation on non-socket
03-16 12:15:39.088  1024  1024 E cnss-daemon: Failed to get sock name Socket operation on non-socket
03-16 12:15:39.092  1024  1024 E cnss-daemon: Failed to get sock name Socket operation on non-socket
03-16 12:15:39.098  1024  1024 E cnss-daemon: Failed to get sock name Socket operation on non-socket
03-16 12:15:39.103  1024  1024 E cnss-daemon: Failed to get sock name Socket operation on non-socket
03-16 12:15:39.110  1024  1024 E cnss-daemon: Failed to get sock name Socket operation on non-socket
03-16 12:15:39.116  1024  1024 E cnss-daemon: Failed to get sock name Socket operation on non-socket
03-16 12:15:39.121  1024  1024 E cnss-daemon: Failed to get sock name Socket operation on non-socket
03-16 12:15:39.127  1024  1024 E cnss-daemon: Failed to get sock name Socket operation on non-socket
03-16 12:15:39.133  1024  1024 E cnss-daemon: Failed to get sock name Socket operation on non-socket
03-16 12:15:39.139  1024  1024 E cnss-daemon: Failed to get sock name Socket operation on non-socket
03-16 12:15:39.144  1024  1024 E cnss-daemon: Failed to get sock name Socket operation on non-socket
03-16 12:15:39.150  1024  1024 E cnss-daemon: Failed to get sock name Socket operation on non-socket
03-16 12:15:39.155  1024  1024 E cnss-daemon: Failed to get sock name Socket operation on non-socket
03-16 12:15:39.160  1024  1024 E cnss-daemon: Failed to get sock name Socket operation on non-socket
03-16 12:15:39.164  1024  1024 E cnss-daemon: Failed to get sock name Socket operation on non-socket
03-16 12:15:39.168  1024  1024 E cnss-daemon: Failed to get sock name Socket operation on non-socket
03-16 12:15:39.172  1024  1024 E cnss-daemon: Failed to get sock name Socket operation on non-socket
03-16 12:15:39.176  1024  1024 E cnss-daemon: Failed to get sock name Socket operation on non-socket
03-16 12:15:39.181  1024  1024 E cnss-daemon: Failed to get sock name Socket operation on non-socket
03-16 12:15:39.188  1024  1024 E cnss-daemon: Failed to get sock name Socket operation on non-socket
03-16 12:15:39.197  1024  1024 E cnss-daemon: Failed to get sock name Socket operation on non-socket
03-16 12:15:39.203  1024  1024 E cnss-daemon: Failed to get sock name Socket operation on non-socket
03-16 12:15:39.208  1024  1024 E cnss-daemon: Failed to get sock name Socket operation on non-socket
03-16 12:15:39.213  1024  1024 E cnss-daemon: Failed to get sock name Socket operation on non-socket
03-16 12:15:39.218  1024  1024 E cnss-daemon: Failed to get sock name Socket operation on non-socket
03-16 12:15:39.223  1024  1024 E cnss-daemon: Failed to get sock name Socket operation on non-socket
03-16 12:15:39.228  1024  1024 E cnss-daemon: Failed to get sock name Socket operation on non-socket
03-16 12:15:39.233  1024  1024 E cnss-daemon: Failed to get sock name Socket operation on non-socket
03-16 12:15:39.237  1024  1024 E cnss-daemon: Failed to get sock name Socket operation on non-socket
03-16 12:15:39.242  1024  1024 E cnss-daemon: Failed to get sock name Socket operation on non-socket
03-16 12:15:39.246  1024  1024 E cnss-daemon: Failed to get sock name Socket operation on non-socket
03-16 12:15:39.250  1024  1024 E cnss-daemon: Failed to get sock name Socket operation on non-socket
03-16 12:15:39.254  1024  1024 E cnss-daemon: Failed to get sock name Socket operation on non-socket
03-16 12:15:39.258  1024  1024 E cnss-daemon: Failed to get sock name Socket operation on non-socket
03-16 12:15:39.262  1024  1024 E cnss-daemon: Failed to get sock name Socket operation on non-socket
03-16 12:15:39.267  1024  1024 E cnss-daemon: Failed to get sock name Socket operation on non-socket
03-16 12:15:39.271  1024  1024 E cnss-daemon: Failed to get sock name Socket operation on non-socket
03-16 12:15:39.275  1024  1024 E cnss-daemon: Failed to get sock name Socket operation on non-socket
03-16 12:15:39.279  1024  1024 E cnss-daemon: Failed to get sock name Socket operation on non-socket
03-16 12:15:39.283  1024  1024 E cnss-daemon: Failed to get sock name Socket operation on non-socket
03-16 12:15:39.288  1024  1024 E cnss-daemon: Failed to get sock name Socket operation on non-socket
03-16 12:15:39.292  1024  1024 E cnss-daemon: Failed to get sock name Socket operation on non-socket
03-16 12:15:39.296  1024  1024 E cnss-daemon: Failed to get sock name Socket operation on non-socket
03-16 12:15:39.300  1024  1024 E cnss-daemon: Failed to get sock name Socket operation on non-socket
03-16 12:15:39.304  1024  1024 E cnss-daemon: Failed to get sock name Socket operation on non-socket
03-16 12:15:39.309  1024  1024 E cnss-daemon: Failed to get sock name Socket operation on non-socket
03-16 12:15:39.313  1024  1024 E cnss-daemon: Failed to get sock name Socket operation on non-socket
03-16 12:15:39.317  1024  1024 E cnss-daemon: Failed to get sock name Socket operation on non-socket
03-16 12:15:39.321  1024  1024 E cnss-daemon: Failed to get sock name Socket operation on non-socket
03-16 12:15:39.325  1024  1024 E cnss-daemon: Failed to get sock name Socket operation on non-socket
03-16 12:15:39.329  1024  1024 E cnss-daemon: Failed to get sock name Socket operation on non-socket
03-16 12:15:39.333  1024  1024 E cnss-daemon: Failed to get sock name Socket operation on non-socket
03-16 12:15:39.338  1024  1024 E cnss-daemon: Failed to get sock name Socket operation on non-socket
03-16 12:15:39.342  1024  1024 E cnss-daemon: Failed to get sock name Socket operation on non-socket
03-16 12:15:39.346  1024  1024 E cnss-daemon: Failed to get sock name Socket operation on non-socket
03-16 12:15:39.350  1024  1024 E cnss-daemon: Failed to get sock name Socket operation on non-socket
03-16 12:15:39.354  1024  1024 E cnss-daemon: Failed to get sock name Socket operation on non-socket
03-16 12:15:39.358  1024  1024 E cnss-daemon: Failed to get sock name Socket operation on non-socket
03-16 12:15:39.362  1024  1024 E cnss-daemon: Failed to get sock name Socket operation on non-socket
03-16 12:15:39.366  1024  1024 E cnss-daemon: Failed to get sock name Socket operation on non-socket
03-16 12:15:39.370  1024  1024 E cnss-daemon: Failed to get sock name Socket operation on non-socket
03-16 12:15:39.375  1024  1024 E cnss-daemon: Failed to get sock name Socket operation on non-socket
03-16 12:15:39.378  1024  1024 E cnss-daemon: Failed to get sock name Socket operation on non-socket
03-16 12:15:39.382  1024  1024 E cnss-daemon: Failed to get sock name Socket operation on non-socket
03-16 12:15:39.387  1024  1024 E cnss-daemon: Failed to get sock name Socket operation on non-socket
03-16 12:15:39.391  1024  1024 E cnss-daemon: Failed to get sock name Socket operation on non-socket
03-16 12:15:39.395  1024  1024 E cnss-daemon: Failed to get sock name Socket operation on non-socket
03-16 12:15:39.399  1024  1024 E cnss-daemon: Failed to get sock name Socket operation on non-socket
03-16 12:15:39.404  1024  1024 E cnss-daemon: Failed to get sock name Socket operation on non-socket
03-16 12:15:39.408  1024  1024 E cnss-daemon: Failed to get sock name Socket operation on non-socket
03-16 12:15:39.413  1024  1024 E cnss-daemon: Failed to get sock name Socket operation on non-socket
03-16 12:15:39.417  1024  1024 E cnss-daemon: Failed to get sock name Socket operation on non-socket
03-16 12:15:39.421  1024  1024 E cnss-daemon: Failed to get sock name Socket operation on non-socket
03-16 12:15:39.425  1024  1024 E cnss-daemon: Failed to get sock name Socket operation on non-socket
03-16 12:15:39.429  1024  1024 E cnss-daemon: Failed to get sock name Socket operation on non-socket
03-16 12:15:39.434  1024  1024 E cnss-daemon: Failed to get sock name Socket operation on non-socket
03-16 12:15:39.438  1024  1024 E cnss-daemon: Failed to get sock name Socket operation on non-socket
03-16 12:15:39.442  1024  1024 E cnss-daemon: Failed to get sock name Socket operation on non-socket
03-16 12:15:39.447  1024  1024 E cnss-daemon: Failed to get sock name Socket operation on non-socket
03-16 12:15:39.451  1024  1024 E cnss-daemon: Failed to get sock name Socket operation on non-socket
03-16 12:15:39.456  1024  1024 E cnss-daemon: Failed to get sock name Socket operation on non-socket
03-16 12:15:39.462  1024  1024 E cnss-daemon: Failed to get sock name Socket operation on non-socket
03-16 12:15:39.468  1024  1024 E cnss-daemon: Failed to get sock name Socket operation on non-socket
03-16 12:15:39.474  1024  1024 E cnss-daemon: Failed to get sock name Socket operation on non-socket
03-16 12:15:39.479  1024  1024 E cnss-daemon: Failed to get sock name Socket operation on non-socket
03-16 12:15:39.485  1024  1024 E cnss-daemon: Failed to get sock name Socket operation on non-socket
03-16 12:15:39.490  1024  1024 E cnss-daemon: Failed to get sock name Socket operation on non-socket
03-16 12:15:39.496  1024  1024 E cnss-daemon: Failed to get sock name Socket operation on non-socket
03-16 12:15:39.501  1024  1024 E cnss-daemon: Failed to get sock name Socket operation on non-socket
03-16 12:15:39.507  1024  1024 E cnss-daemon: Failed to get sock name Socket operation on non-socket
03-16 12:15:39.512  1024  1024 E cnss-daemon: Failed to get sock name Socket operation on non-socket
03-16 12:15:39.517  1024  1024 E cnss-daemon: Failed to get sock name Socket operation on non-socket
03-16 12:15:39.521  1024  1024 E cnss-daemon: Failed to get sock name Socket operation on non-socket
03-16 12:15:39.526  1024  1024 E cnss-daemon: Failed to get sock name Socket operation on non-socket
03-16 12:15:39.530  1024  1024 E cnss-daemon: Failed to get sock name Socket operation on non-socket
03-16 12:15:39.534  1024  1024 E cnss-daemon: Failed to get sock name Socket operation on non-socket
03-16 12:15:39.539  1024  1024 E cnss-daemon: Failed to get sock name Socket operation on non-socket
03-16 12:15:39.544  1024  1024 E cnss-daemon: Failed to get sock name Socket operation on non-socket
03-16 12:15:39.549  1024  1024 E cnss-daemon: Failed to get sock name Socket operation on non-socket
03-16 12:15:39.555  1024  1024 E cnss-daemon: Failed to get sock name Socket operation on non-socket
03-16 12:15:39.560  1024  1024 E cnss-daemon: Failed to get sock name Socket operation on non-socket
03-16 12:15:39.566  1024  1024 E cnss-daemon: Failed to get sock name Socket operation on non-socket
03-16 12:15:39.571  1024  1024 E cnss-daemon: Failed to get sock name Socket operation on non-socket
03-16 12:15:39.577  1024  1024 E cnss-daemon: Failed to get sock name Socket operation on non-socket
03-16 12:15:39.581  1024  1024 E cnss-daemon: Failed to get sock name Socket operation on non-socket
03-16 12:15:39.585  1024  1024 E cnss-daemon: Failed to get sock name Socket operation on non-socket
03-16 12:15:39.590  1024  1024 E cnss-daemon: Failed to get sock name Socket operation on non-socket
03-16 12:15:39.594  1024  1024 E cnss-daemon: Failed to get sock name Socket operation on non-socket
03-16 12:15:39.599  1024  1024 E cnss-daemon: Failed to get sock name Socket operation on non-socket
03-16 12:15:39.603  1024  1024 E cnss-daemon: Failed to get sock name Socket operation on non-socket
03-16 12:15:39.607  1024  1024 E cnss-daemon: Failed to get sock name Socket operation on non-socket
03-16 12:15:39.611  1024  1024 E cnss-daemon: Failed to get sock name Socket operation on non-socket
03-16 12:15:39.615  1024  1024 E cnss-daemon: Failed to get sock name Socket operation on non-socket
03-16 12:15:39.620  1024  1024 E cnss-daemon: Failed to get sock name Socket operation on non-socket
03-16 12:15:39.624  1024  1024 E cnss-daemon: Failed to get sock name Socket operation on non-socket
03-16 12:15:39.628  1024  1024 E cnss-daemon: Failed to get sock name Socket operation on non-socket
03-16 12:15:39.632  1024  1024 E cnss-daemon: Failed to get sock name Socket operation on non-socket
03-16 12:15:39.636  1024  1024 E cnss-daemon: Failed to get sock name Socket operation on non-socket
03-16 12:15:39.640  1024  1024 E cnss-daemon: Failed to get sock name Socket operation on non-socket
03-16 12:15:39.644  1024  1024 E cnss-daemon: Failed to get sock name Socket operation on non-socket
03-16 12:15:39.649  1024  1024 E cnss-daemon: Failed to get sock name Socket operation on non-socket
03-16 12:15:39.653  1024  1024 E cnss-daemon: Failed to get sock name Socket operation on non-socket
03-16 12:15:39.658  1024  1024 E cnss-daemon: Failed to get sock name Socket operation on non-socket
03-16 12:15:39.662  1024  1024 E cnss-daemon: Failed to get sock name Socket operation on non-socket
03-16 12:15:39.666  1024  1024 E cnss-daemon: Failed to get sock name Socket operation on non-socket
03-16 12:15:39.670  1024  1024 E cnss-daemon: Failed to get sock name Socket operation on non-socket
03-16 12:15:39.675  1024  1024 E cnss-daemon: Failed to get sock name Socket operation on non-socket
03-16 12:15:39.678  1024  1024 E cnss-daemon: Failed to get sock name Socket operation on non-socket
03-16 12:15:39.683  1024  1024 E cnss-daemon: Failed to get sock name Socket operation on non-socket
03-16 12:15:39.687  1024  1024 E cnss-daemon: Failed to get sock name Socket operation on non-socket
03-16 12:15:39.691  1024  1024 E cnss-daemon: Failed to get sock name Socket operation on non-socket
03-16 12:15:39.696  1024  1024 E cnss-daemon: Failed to get sock name Socket operation on non-socket
03-16 12:15:39.700  1024  1024 E cnss-daemon: Failed to get sock name Socket operation on non-socket
03-16 12:15:39.705  1024  1024 E cnss-daemon: Failed to get sock name Socket operation on non-socket
03-16 12:15:39.710  1024  1024 E cnss-daemon: Failed to get sock name Socket operation on non-socket
03-16 12:15:39.715  1024  1024 E cnss-daemon: Failed to get sock name Socket operation on non-socket
03-16 12:15:39.718  1024  1024 E cnss-daemon: Failed to get sock name Socket operation on non-socket
03-16 12:15:39.723  1024  1024 E cnss-daemon: Failed to get sock name Socket operation on non-socket
03-16 12:15:39.727  1024  1024 E cnss-daemon: Failed to get sock name Socket operation on non-socket
03-16 12:15:39.731  1024  1024 E cnss-daemon: Failed to get sock name Socket operation on non-socket
03-16 12:15:39.735  1024  1024 E cnss-daemon: Failed to get sock name Socket operation on non-socket
03-16 12:15:39.740  1024  1024 E cnss-daemon: Failed to get sock name Socket operation on non-socket
03-16 12:15:39.744  1024  1024 E cnss-daemon: Failed to get sock name Socket operation on non-socket
03-16 12:15:39.748  1024  1024 E cnss-daemon: Failed to get sock name Socket operation on non-socket
03-16 12:15:39.752  1024  1024 E cnss-daemon: Failed to get sock name Socket operation on non-socket
03-16 12:15:39.756  1024  1024 E cnss-daemon: Failed to get sock name Socket operation on non-socket
03-16 12:15:39.760  1024  1024 E cnss-daemon: Failed to get sock name Socket operation on non-socket
03-16 12:15:39.764  1024  1024 E cnss-daemon: Failed to get sock name Socket operation on non-socket
03-16 12:15:39.768  1024  1024 E cnss-daemon: Failed to get sock name Socket operation on non-socket
03-16 12:15:39.772  1024  1024 E cnss-daemon: Failed to get sock name Socket operation on non-socket
03-16 12:15:39.777  1024  1024 E cnss-daemon: Failed to get sock name Socket operation on non-socket
03-16 12:15:39.781  1024  1024 E cnss-daemon: Failed to get sock name Socket operation on non-socket
03-16 12:15:39.786  1024  1024 E cnss-daemon: Failed to get sock name Socket operation on non-socket
03-16 12:15:39.790  1024  1024 E cnss-daemon: Failed to get sock name Socket operation on non-socket
03-16 12:15:39.794  1024  1024 E cnss-daemon: Failed to get sock name Socket operation on non-socket
03-16 12:15:39.797  1024  1024 E cnss-daemon: Failed to get sock name Socket operation on non-socket
03-16 12:15:39.802  1024  1024 E cnss-daemon: Failed to get sock name Socket operation on non-socket
03-16 12:15:39.806  1024  1024 E cnss-daemon: Failed to get sock name Socket operation on non-socket
03-16 12:15:39.810  1024  1024 E cnss-daemon: Failed to get sock name Socket operation on non-socket
03-16 12:15:39.814  1024  1024 E cnss-daemon: Failed to get sock name Socket operation on non-socket
03-16 12:15:39.818  1024  1024 E cnss-daemon: Failed to get sock name Socket operation on non-socket
03-16 12:15:39.822  1024  1024 E cnss-daemon: Failed to get sock name Socket operation on non-socket
03-16 12:15:39.826  1024  1024 E cnss-daemon: Failed to get sock name Socket operation on non-socket
03-16 12:15:39.830  1024  1024 E cnss-daemon: Failed to get sock name Socket operation on non-socket
03-16 12:15:39.835  1024  1024 E cnss-daemon: Failed to get sock name Socket operation on non-socket
03-16 12:15:39.838  1024  1024 E cnss-daemon: Failed to get sock name Socket operation on non-socket
03-16 12:15:39.843  1024  1024 E cnss-daemon: Failed to get sock name Socket operation on non-socket
03-16 12:15:39.847   533   533 I io_stats: !@ 179,0 r 37626986 497069415 w 3202842 54021216 d 737984 16870828 f 425901 721302 iot 16894300 14846952 th 51200 51200 38740 pt 101170 inp 0 0 82824.672
03-16 12:15:39.848  1024  1024 E cnss-daemon: Failed to get sock name Socket operation on non-socket
03-16 12:15:39.851  1024  1024 E cnss-daemon: Failed to get sock name Socket operation on non-socket
03-16 12:15:39.856  1024  1024 E cnss-daemon: Failed to get sock name Socket operation on non-socket
03-16 12:15:39.860  1024  1024 E cnss-daemon: Failed to get sock name Socket operation on non-socket
03-16 12:15:39.864  1024  1024 E cnss-daemon: Failed to get sock name Socket operation on non-socket
03-16 12:15:39.868  1024  1024 E cnss-daemon: Failed to get sock name Socket operation on non-socket
03-16 12:15:39.872  1024  1024 E cnss-daemon: Failed to get sock name Socket operation on non-socket
03-16 12:15:39.877  1024  1024 E cnss-daemon: Failed to get sock name Socket operation on non-socket
03-16 12:15:39.881  1024  1024 E cnss-daemon: Failed to get sock name Socket operation on non-socket
03-16 12:15:39.885  1024  1024 E cnss-daemon: Failed to get sock name Socket operation on non-socket
03-16 12:15:39.889  1024  1024 E cnss-daemon: Failed to get sock name Socket operation on non-socket
03-16 12:15:39.893  1024  1024 E cnss-daemon: Failed to get sock name Socket operation on non-socket
03-16 12:15:39.899  1024  1024 E cnss-daemon: Failed to get sock name Socket operation on non-socket
03-16 12:15:39.904  1024  1024 E cnss-daemon: Failed to get sock name Socket operation on non-socket
03-16 12:15:39.910  1024  1024 E cnss-daemon: Failed to get sock name Socket operation on non-socket
03-16 12:15:39.915  1024  1024 E cnss-daemon: Failed to get sock name Socket operation on non-socket
03-16 12:15:39.919  1024  1024 E cnss-daemon: Failed to get sock name Socket operation on non-socket
03-16 12:15:39.923  1024  1024 E cnss-daemon: Failed to get sock name Socket operation on non-socket
03-16 12:15:39.927  1024  1024 E cnss-daemon: Failed to get sock name Socket operation on non-socket
03-16 12:15:39.931  1024  1024 E cnss-daemon: Failed to get sock name Socket operation on non-socket
03-16 12:15:39.934  4429  4429 I wpa_supplicant: Heartbeat 5160
03-16 12:15:39.936  1024  1024 E cnss-daemon: Failed to get sock name Socket operation on non-socket
03-16 12:15:39.941  1024  1024 E cnss-daemon: Failed to get sock name Socket operation on non-socket
03-16 12:15:39.947  1024  1024 E cnss-daemon: Failed to get sock name Socket operation on non-socket
03-16 12:15:39.953  1024  1024 E cnss-daemon: Failed to get sock name Socket operation on non-socket
03-16 12:15:39.958  1024  1024 E cnss-daemon: Failed to get sock name Socket operation on non-socket
03-16 12:15:39.964  1024  1024 E cnss-daemon: Failed to get sock name Socket operation on non-socket
03-16 12:15:39.969  1024  1024 E cnss-daemon: Failed to get sock name Socket operation on non-socket
03-16 12:15:39.973  1024  1024 E cnss-daemon: Failed to get sock name Socket operation on non-socket
03-16 12:15:39.978  1024  1024 E cnss-daemon: Failed to get sock name Socket operation on non-socket
03-16 12:15:39.982  1024  1024 E cnss-daemon: Failed to get sock name Socket operation on non-socket
03-16 12:15:39.986  1024  1024 E cnss-daemon: Failed to get sock name Socket operation on non-socket
03-16 12:15:39.990  1024  1024 E cnss-daemon: Failed to get sock name Socket operation on non-socket
03-16 12:15:39.994  1024  1024 E cnss-daemon: Failed to get sock name Socket operation on non-socket
03-16 12:15:39.998  1024  1024 E cnss-daemon: Failed to get sock name Socket operation on non-socket
03-16 12:15:40.002  1024  1024 E cnss-daemon: Failed to get sock name Socket operation on non-socket
03-16 12:15:40.007  1024  1024 E cnss-daemon: Failed to get sock name Socket operation on non-socket
03-16 12:15:40.011  1024  1024 E cnss-daemon: Failed to get sock name Socket operation on non-socket
03-16 12:15:40.015  1024  1024 E cnss-daemon: Failed to get sock name Socket operation on non-socket
03-16 12:15:40.019  1024  1024 E cnss-daemon: Failed to get sock name Socket operation on non-socket
03-16 12:15:40.023  1024  1024 E cnss-daemon: Failed to get sock name Socket operation on non-socket
03-16 12:15:40.026   577   577 E audit   : type=1400 audit(1773634540.022:17510960): avc:  denied  { execute_no_trans } for  pid=649 comm="cnss-daemon" path="/vendor/bin/sh" dev="dm-2" ino=293 scontext=u:r:wcnss_service:s0 tcontext=u:object_r:vendor_shell_exec:s0 tclass=file permissive=0 SEPF_SM-A207F_11_0004 audit_filtered
03-16 12:15:40.028  1024  1024 E cnss-daemon: Failed to get sock name Socket operation on non-socket
03-16 12:15:40.030   577   577 E audit   : type=1400 audit(1773634540.022:17510961): avc:  denied  { execute_no_trans } for  pid=651 comm="cnss-daemon" path="/vendor/bin/sh" dev="dm-2" ino=293 scontext=u:r:wcnss_service:s0 tcontext=u:object_r:vendor_shell_exec:s0 tclass=file permissive=0 SEPF_SM-A207F_11_0004 audit_filtered
03-16 12:15:40.031  1024  1024 E cnss-daemon: Failed to get sock name Socket operation on non-socket
03-16 12:15:40.034   577   577 E audit   : type=1400 audit(1773634540.022:17510962): avc:  denied  { execute_no_trans } for  pid=657 comm="cnss-daemon" path="/vendor/bin/sh" dev="dm-2" ino=293 scontext=u:r:wcnss_service:s0 tcontext=u:object_r:vendor_shell_exec:s0 tclass=file permissive=0 SEPF_SM-A207F_11_0004 audit_filtered
03-16 12:15:40.036  1024  1024 E cnss-daemon: Failed to get sock name Socket operation on non-socket
03-16 12:15:40.038   577   577 E audit   : type=1400 audit(1773634540.032:17510963): avc:  denied  { execute_no_trans } for  pid=658 comm="cnss-daemon" path="/vendor/bin/sh" dev="dm-2" ino=293 scontext=u:r:wcnss_service:s0 tcontext=u:object_r:vendor_shell_exec:s0 tclass=file permissive=0 SEPF_SM-A207F_11_0004 audit_filtered
03-16 12:15:40.040  1024  1024 E cnss-daemon: Failed to get sock name Socket operation on non-socket
03-16 12:15:40.042   577   577 E audit   : type=1400 audit(1773634540.032:17510964): avc:  denied  { execute_no_trans } for  pid=659 comm="cnss-daemon" path="/vendor/bin/sh" dev="dm-2" ino=293 scontext=u:r:wcnss_service:s0 tcontext=u:object_r:vendor_shell_exec:s0 tclass=file permissive=0 SEPF_SM-A207F_11_0004 audit_filtered
03-16 12:15:40.044  1024  1024 E cnss-daemon: Failed to get sock name Socket operation on non-socket
03-16 12:15:40.048  1024  1024 E cnss-daemon: Failed to get sock name Socket operation on non-socket
03-16 12:15:40.052  1024  1024 E cnss-daemon: Failed to get sock name Socket operation on non-socket
03-16 12:15:40.056  1024  1024 E cnss-daemon: Failed to get sock name Socket operation on non-socket
03-16 12:15:40.059  1024  1024 E cnss-daemon: Failed to get sock name Socket operation on non-socket
03-16 12:15:40.063  1024  1024 E cnss-daemon: Failed to get sock name Socket operation on non-socket
03-16 12:15:40.068  1024  1024 E cnss-daemon: Failed to get sock name Socket operation on non-socket
03-16 12:15:40.072  1024  1024 E cnss-daemon: Failed to get sock name Socket operation on non-socket
03-16 12:15:40.076  1024  1024 E cnss-daemon: Failed to get sock name Socket operation on non-socket
03-16 12:15:40.080  1024  1024 E cnss-daemon: Failed to get sock name Socket operation on non-socket
03-16 12:15:40.084  1024  1024 E cnss-daemon: Failed to get sock name Socket operation on non-socket
03-16 12:15:40.088  1024  1024 E cnss-daemon: Failed to get sock name Socket operation on non-socket
03-16 12:15:40.092  1024  1024 E cnss-daemon: Failed to get sock name Socket operation on non-socket
03-16 12:15:40.097  1024  1024 E cnss-daemon: Failed to get sock name Socket operation on non-socket
03-16 12:15:40.101  1024  1024 E cnss-daemon: Failed to get sock name Socket operation on non-socket
03-16 12:15:40.106  1024  1024 E cnss-daemon: Failed to get sock name Socket operation on non-socket
03-16 12:15:40.110  1024  1024 E cnss-daemon: Failed to get sock name Socket operation on non-socket
03-16 12:15:40.114  1024  1024 E cnss-daemon: Failed to get sock name Socket operation on non-socket
03-16 12:15:40.118  1024  1024 E cnss-daemon: Failed to get sock name Socket operation on non-socket
03-16 12:15:40.122  1024  1024 E cnss-daemon: Failed to get sock name Socket operation on non-socket
03-16 12:15:40.126  1024  1024 E cnss-daemon: Failed to get sock name Socket operation on non-socket
03-16 12:15:40.130  1024  1024 E cnss-daemon: Failed to get sock name Socket operation on non-socket
03-16 12:15:40.136  1024  1024 E cnss-daemon: Failed to get sock name Socket operation on non-socket
03-16 12:15:40.140  1024  1024 E cnss-daemon: Failed to get sock name Socket operation on non-socket
03-16 12:15:40.146  1024  1024 E cnss-daemon: Failed to get sock name Socket operation on non-socket
03-16 12:15:40.150  1024  1024 E cnss-daemon: Failed to get sock name Socket operation on non-socket
03-16 12:15:40.155  1024  1024 E cnss-daemon: Failed to get sock name Socket operation on non-socket
03-16 12:15:40.159  1024  1024 E cnss-daemon: Failed to get sock name Socket operation on non-socket
03-16 12:15:40.164  1024  1024 E cnss-daemon: Failed to get sock name Socket operation on non-socket
03-16 12:15:40.169  1024  1024 E cnss-daemon: Failed to get sock name Socket operation on non-socket
03-16 12:15:40.174  1024  1024 E cnss-daemon: Failed to get sock name Socket operation on non-socket
03-16 12:15:40.178  1024  1024 E cnss-daemon: Failed to get sock name Socket operation on non-socket
03-16 12:15:40.183  1024  1024 E cnss-daemon: Failed to get sock name Socket operation on non-socket
03-16 12:15:40.188  1024  1024 E cnss-daemon: Failed to get sock name Socket operation on non-socket
03-16 12:15:40.193  1024  1024 E cnss-daemon: Failed to get sock name Socket operation on non-socket
03-16 12:15:40.199  1024  1024 E cnss-daemon: Failed to get sock name Socket operation on non-socket
03-16 12:15:40.205  1024  1024 E cnss-daemon: Failed to get sock name Socket operation on non-socket
03-16 12:15:40.210  1024  1024 E cnss-daemon: Failed to get sock name Socket operation on non-socket
03-16 12:15:40.216  1024  1024 E cnss-daemon: Failed to get sock name Socket operation on non-socket
03-16 12:15:40.220  1024  1024 E cnss-daemon: Failed to get sock name Socket operation on non-socket
03-16 12:15:40.224  1024  1024 E cnss-daemon: Failed to get sock name Socket operation on non-socket
03-16 12:15:40.229  1024  1024 E cnss-daemon: Failed to get sock name Socket operation on non-socket
03-16 12:15:40.233  1024  1024 E cnss-daemon: Failed to get sock name Socket operation on non-socket
03-16 12:15:40.237  1024  1024 E cnss-daemon: Failed to get sock name Socket operation on non-socket
03-16 12:15:40.241  1024  1024 E cnss-daemon: Failed to get sock name Socket operation on non-socket
03-16 12:15:40.246  1024  1024 E cnss-daemon: Failed to get sock name Socket operation on non-socket
03-16 12:15:40.250  1024  1024 E cnss-daemon: Failed to get sock name Socket operation on non-socket
03-16 12:15:40.255  1024  1024 E cnss-daemon: Failed to get sock name Socket operation on non-socket
03-16 12:15:40.259  1024  1024 E cnss-daemon: Failed to get sock name Socket operation on non-socket
03-16 12:15:40.263  1024  1024 E cnss-daemon: Failed to get sock name Socket operation on non-socket
03-16 12:15:40.267  1024  1024 E cnss-daemon: Failed to get sock name Socket operation on non-socket
03-16 12:15:40.271  1024  1024 E cnss-daemon: Failed to get sock name Socket operation on non-socket
03-16 12:15:40.276  1024  1024 E cnss-daemon: Failed to get sock name Socket operation on non-socket
03-16 12:15:40.280  1024  1024 E cnss-daemon: Failed to get sock name Socket operation on non-socket
03-16 12:15:40.285  1024  1024 E cnss-daemon: Failed to get sock name Socket operation on non-socket
03-16 12:15:40.289  1024  1024 E cnss-daemon: Failed to get sock name Socket operation on non-socket
03-16 12:15:40.293  1024  1024 E cnss-daemon: Failed to get sock name Socket operation on non-socket
03-16 12:15:40.297  1024  1024 E cnss-daemon: Failed to get sock name Socket operation on non-socket
03-16 12:15:40.302  1024  1024 E cnss-daemon: Failed to get sock name Socket operation on non-socket
03-16 12:15:40.306  1024  1024 E cnss-daemon: Failed to get sock name Socket operation on non-socket
03-16 12:15:40.310  1024  1024 E cnss-daemon: Failed to get sock name Socket operation on non-socket
03-16 12:15:40.314  1024  1024 E cnss-daemon: Failed to get sock name Socket operation on non-socket
03-16 12:15:40.320  1024  1024 E cnss-daemon: Failed to get sock name Socket operation on non-socket
03-16 12:15:40.325  1024  1024 E cnss-daemon: Failed to get sock name Socket operation on non-socket
03-16 12:15:40.331  1024  1024 E cnss-daemon: Failed to get sock name Socket operation on non-socket
03-16 12:15:40.336  1024  1024 E cnss-daemon: Failed to get sock name Socket operation on non-socket
03-16 12:15:40.340  1024  1024 E cnss-daemon: Failed to get sock name Socket operation on non-socket
03-16 12:15:40.344  1024  1024 E cnss-daemon: Failed to get sock name Socket operation on non-socket
03-16 12:15:40.348  1024  1024 E cnss-daemon: Failed to get sock name Socket operation on non-socket
03-16 12:15:40.353  1024  1024 E cnss-daemon: Failed to get sock name Socket operation on non-socket
03-16 12:15:40.357  1024  1024 E cnss-daemon: Failed to get sock name Socket operation on non-socket
03-16 12:15:40.361  1024  1024 E cnss-daemon: Failed to get sock name Socket operation on non-socket
03-16 12:15:40.365  1024  1024 E cnss-daemon: Failed to get sock name Socket operation on non-socket
03-16 12:15:40.369  1024  1024 E cnss-daemon: Failed to get sock name Socket operation on non-socket
03-16 12:15:40.373  1024  1024 E cnss-daemon: Failed to get sock name Socket operation on non-socket
03-16 12:15:40.377  1024  1024 E cnss-daemon: Failed to get sock name Socket operation on non-socket
03-16 12:15:40.381  1024  1024 E cnss-daemon: Failed to get sock name Socket operation on non-socket
03-16 12:15:40.385  1024  1024 E cnss-daemon: Failed to get sock name Socket operation on non-socket
03-16 12:15:40.389  1024  1024 E cnss-daemon: Failed to get sock name Socket operation on non-socket
03-16 12:15:40.394  1024  1024 E cnss-daemon: Failed to get sock name Socket operation on non-socket
03-16 12:15:40.398  1024  1024 E cnss-daemon: Failed to get sock name Socket operation on non-socket
03-16 12:15:40.402  1024  1024 E cnss-daemon: Failed to get sock name Socket operation on non-socket
03-16 12:15:40.407  1024  1024 E cnss-daemon: Failed to get sock name Socket operation on non-socket
03-16 12:15:40.411  1024  1024 E cnss-daemon: Failed to get sock name Socket operation on non-socket
03-16 12:15:40.415  1024  1024 E cnss-daemon: Failed to get sock name Socket operation on non-socket
03-16 12:15:40.420  1024  1024 E cnss-daemon: Failed to get sock name Socket operation on non-socket
03-16 12:15:40.424  1024  1024 E cnss-daemon: Failed to get sock name Socket operation on non-socket
03-16 12:15:40.429  1024  1024 E cnss-daemon: Failed to get sock name Socket operation on non-socket
03-16 12:15:40.433  1024  1024 E cnss-daemon: Failed to get sock name Socket operation on non-socket
03-16 12:15:40.437  1024  1024 E cnss-daemon: Failed to get sock name Socket operation on non-socket
03-16 12:15:40.442  1024  1024 E cnss-daemon: Failed to get sock name Socket operation on non-socket
03-16 12:15:40.447  1024  1024 E cnss-daemon: Failed to get sock name Socket operation on non-socket
