03-16 12:15:40.451  1024  1024 E cnss-daemon: Failed to get sock name Socket operation on non-socket
03-16 12:15:40.456  1024  1024 E cnss-daemon: Failed to get sock name Socket operation on non-socket
03-16 12:15:40.461  1024  1024 E cnss-daemon: Failed to get sock name Socket operation on non-socket
03-16 12:15:40.466  1024  1024 E cnss-daemon: Failed to get sock name Socket operation on non-socket
03-16 12:15:40.471  1024  1024 E cnss-daemon: Failed to get sock name Socket operation on non-socket
03-16 12:15:40.476  1024  1024 E cnss-daemon: Failed to get sock name Socket operation on non-socket
03-16 12:15:40.481  1024  1024 E cnss-daemon: Failed to get sock name Socket operation on non-socket
03-16 12:15:40.486  1024  1024 E cnss-daemon: Failed to get sock name Socket operation on non-socket
03-16 12:15:40.491  1024  1024 E cnss-daemon: Failed to get sock name Socket operation on non-socket
03-16 12:15:40.496  1024  1024 E cnss-daemon: Failed to get sock name Socket operation on non-socket
03-16 12:15:40.500  1024  1024 E cnss-daemon: Failed to get sock name Socket operation on non-socket
03-16 12:15:40.504  1024  1024 E cnss-daemon: Failed to get sock name Socket operation on non-socket
03-16 12:15:40.507  1024  1024 E cnss-daemon: Failed to get sock name Socket operation on non-socket
03-16 12:15:40.512  1024  1024 E cnss-daemon: Failed to get sock name Socket operation on non-socket
03-16 12:15:40.516  1024  1024 E cnss-daemon: Failed to get sock name Socket operation on non-socket
03-16 12:15:40.520  1024  1024 E cnss-daemon: Failed to get sock name Socket operation on non-socket
03-16 12:15:40.524  1024  1024 E cnss-daemon: Failed to get sock name Socket operation on non-socket
03-16 12:15:40.528  1024  1024 E cnss-daemon: Failed to get sock name Socket operation on non-socket
03-16 12:15:40.532  1024  1024 E cnss-daemon: Failed to get sock name Socket operation on non-socket
03-16 12:15:40.537  1024  1024 E cnss-daemon: Failed to get sock name Socket operation on non-socket
03-16 12:15:40.540  1024  1024 E cnss-daemon: Failed to get sock name Socket operation on non-socket
03-16 12:15:40.544  1024  1024 E cnss-daemon: Failed to get sock name Socket operation on non-socket
03-16 12:15:40.548  1024  1024 E cnss-daemon: Failed to get sock name Socket operation on non-socket
03-16 12:15:40.552  1024  1024 E cnss-daemon: Failed to get sock name Socket operation on non-socket
03-16 12:15:40.555  1024  1024 E cnss-daemon: Failed to get sock name Socket operation on non-socket
03-16 12:15:40.559  1024  1024 E cnss-daemon: Failed to get sock name Socket operation on non-socket
03-16 12:15:40.562  1024  1024 E cnss-daemon: Failed to get sock name Socket operation on non-socket
03-16 12:15:40.565  1024  1024 E cnss-daemon: Failed to get sock name Socket operation on non-socket
03-16 12:15:40.570  1024  1024 E cnss-daemon: Failed to get sock name Socket operation on non-socket
03-16 12:15:40.575  1024  1024 E cnss-daemon: Failed to get sock name Socket operation on non-socket
03-16 12:15:40.580  1024  1024 E cnss-daemon: Failed to get sock name Socket operation on non-socket
03-16 12:15:40.586  1024  1024 E cnss-daemon: Failed to get sock name Socket operation on non-socket
03-16 12:15:40.591  1024  1024 E cnss-daemon: Failed to get sock name Socket operation on non-socket
03-16 12:15:40.596  1024  1024 E cnss-daemon: Failed to get sock name Socket operation on non-socket
03-16 12:15:40.602  1024  1024 E cnss-daemon: Failed to get sock name Socket operation on non-socket
03-16 12:15:40.607  1024  1024 E cnss-daemon: Failed to get sock name Socket operation on non-socket
03-16 12:15:40.613  1024  1024 E cnss-daemon: Failed to get sock name Socket operation on non-socket
03-16 12:15:40.619  1024  1024 E cnss-daemon: Failed to get sock name Socket operation on non-socket
03-16 12:15:40.623  1024  1024 E cnss-daemon: Failed to get sock name Socket operation on non-socket
03-16 12:15:40.628  1024  1024 E cnss-daemon: Failed to get sock name Socket operation on non-socket
03-16 12:15:40.634  1024  1024 E cnss-daemon: Failed to get sock name Socket operation on non-socket
03-16 12:15:40.638  1024  1024 E cnss-daemon: Failed to get sock name Socket operation on non-socket
03-16 12:15:40.643  1024  1024 E cnss-daemon: Failed to get sock name Socket operation on non-socket
03-16 12:15:40.647  1024  1024 E cnss-daemon: Failed to get sock name Socket operation on non-socket
03-16 12:15:40.651  1024  1024 E cnss-daemon: Failed to get sock name Socket operation on non-socket
03-16 12:15:40.656  1024  1024 E cnss-daemon: Failed to get sock name Socket operation on non-socket
03-16 12:15:40.661  1024  1024 E cnss-daemon: Failed to get sock name Socket operation on non-socket
03-16 12:15:40.668  1024  1024 E cnss-daemon: Failed to get sock name Socket operation on non-socket
03-16 12:15:40.673  1024  1024 E cnss-daemon: Failed to get sock name Socket operation on non-socket
03-16 12:15:40.680  1024  1024 E cnss-daemon: Failed to get sock name Socket operation on non-socket
03-16 12:15:40.687  1024  1024 E cnss-daemon: Failed to get sock name Socket operation on non-socket
03-16 12:15:40.693  1024  1024 E cnss-daemon: Failed to get sock name Socket operation on non-socket
03-16 12:15:40.699  1024  1024 E cnss-daemon: Failed to get sock name Socket operation on non-socket
03-16 12:15:40.705  1024  1024 E cnss-daemon: Failed to get sock name Socket operation on non-socket
03-16 12:15:40.711  1024  1024 E cnss-daemon: Failed to get sock name Socket operation on non-socket
03-16 12:15:40.718  1024  1024 E cnss-daemon: Failed to get sock name Socket operation on non-socket
03-16 12:15:40.726  1024  1024 E cnss-daemon: Failed to get sock name Socket operation on non-socket
03-16 12:15:40.735  1024  1024 E cnss-daemon: Failed to get sock name Socket operation on non-socket
03-16 12:15:40.741  1024  1024 E cnss-daemon: Failed to get sock name Socket operation on non-socket
03-16 12:15:40.747  1024  1024 E cnss-daemon: Failed to get sock name Socket operation on non-socket
03-16 12:15:40.753  1024  1024 E cnss-daemon: Failed to get sock name Socket operation on non-socket
03-16 12:15:40.760  1024  1024 E cnss-daemon: Failed to get sock name Socket operation on non-socket
03-16 12:15:40.766  1024  1024 E cnss-daemon: Failed to get sock name Socket operation on non-socket
03-16 12:15:40.772  1024  1024 E cnss-daemon: Failed to get sock name Socket operation on non-socket
03-16 12:15:40.778  1024  1024 E cnss-daemon: Failed to get sock name Socket operation on non-socket
03-16 12:15:40.785  1024  1024 E cnss-daemon: Failed to get sock name Socket operation on non-socket
03-16 12:15:40.790  1024  1024 E cnss-daemon: Failed to get sock name Socket operation on non-socket
03-16 12:15:40.797  1024  1024 E cnss-daemon: Failed to get sock name Socket operation on non-socket
03-16 12:15:40.803  1024  1024 E cnss-daemon: Failed to get sock name Socket operation on non-socket
03-16 12:15:40.808  1024  1024 E cnss-daemon: Failed to get sock name Socket operation on non-socket
03-16 12:15:40.814  1024  1024 E cnss-daemon: Failed to get sock name Socket operation on non-socket
03-16 12:15:40.820  1024  1024 E cnss-daemon: Failed to get sock name Socket operation on non-socket
03-16 12:15:40.826  1024  1024 E cnss-daemon: Failed to get sock name Socket operation on non-socket
03-16 12:15:40.831  1024  1024 E cnss-daemon: Failed to get sock name Socket operation on non-socket
03-16 12:15:40.838  1024  1024 E cnss-daemon: Failed to get sock name Socket operation on non-socket
03-16 12:15:40.844  1024  1024 E cnss-daemon: Failed to get sock name Socket operation on non-socket
03-16 12:15:40.850  1024  1024 E cnss-daemon: Failed to get sock name Socket operation on non-socket
03-16 12:15:40.857  1024  1024 E cnss-daemon: Failed to get sock name Socket operation on non-socket
03-16 12:15:40.865  1024  1024 E cnss-daemon: Failed to get sock name Socket operation on non-socket
03-16 12:15:40.872  1024  1024 E cnss-daemon: Failed to get sock name Socket operation on non-socket
03-16 12:15:40.881  1024  1024 E cnss-daemon: Failed to get sock name Socket operation on non-socket
03-16 12:15:40.888  1024  1024 E cnss-daemon: Failed to get sock name Socket operation on non-socket
03-16 12:15:40.896  1024  1024 E cnss-daemon: Failed to get sock name Socket operation on non-socket
03-16 12:15:40.905  1024  1024 E cnss-daemon: Failed to get sock name Socket operation on non-socket
03-16 12:15:40.913  1024  1024 E cnss-daemon: Failed to get sock name Socket operation on non-socket
03-16 12:15:40.919  1024  1024 E cnss-daemon: Failed to get sock name Socket operation on non-socket
03-16 12:15:40.925  1024  1024 E cnss-daemon: Failed to get sock name Socket operation on non-socket
03-16 12:15:40.930  1024  1024 E cnss-daemon: Failed to get sock name Socket operation on non-socket
03-16 12:15:40.935  1024  1024 E cnss-daemon: Failed to get sock name Socket operation on non-socket
03-16 12:15:40.939  1024  1024 E cnss-daemon: Failed to get sock name Socket operation on non-socket
03-16 12:15:40.943  1024  1024 E cnss-daemon: Failed to get sock name Socket operation on non-socket
03-16 12:15:40.948  1024  1024 E cnss-daemon: Failed to get sock name Socket operation on non-socket
03-16 12:15:40.952  1024  1024 E cnss-daemon: Failed to get sock name Socket operation on non-socket
03-16 12:15:40.956  1024  1024 E cnss-daemon: Failed to get sock name Socket operation on non-socket
03-16 12:15:40.960  1024  1024 E cnss-daemon: Failed to get sock name Socket operation on non-socket
03-16 12:15:40.965  1024  1024 E cnss-daemon: Failed to get sock name Socket operation on non-socket
03-16 12:15:40.969  1024  1024 E cnss-daemon: Failed to get sock name Socket operation on non-socket
03-16 12:15:40.974  1024  1024 E cnss-daemon: Failed to get sock name Socket operation on non-socket
03-16 12:15:40.979  1024  1024 E cnss-daemon: Failed to get sock name Socket operation on non-socket
03-16 12:15:40.984  1024  1024 E cnss-daemon: Failed to get sock name Socket operation on non-socket
03-16 12:15:40.989  1024  1024 E cnss-daemon: Failed to get sock name Socket operation on non-socket
03-16 12:15:40.994  1024  1024 E cnss-daemon: Failed to get sock name Socket operation on non-socket
03-16 12:15:40.999  1024  1024 E cnss-daemon: Failed to get sock name Socket operation on non-socket
03-16 12:15:41.003  1024  1024 E cnss-daemon: Failed to get sock name Socket operation on non-socket
03-16 12:15:41.008  1024  1024 E cnss-daemon: Failed to get sock name Socket operation on non-socket
03-16 12:15:41.012  1024  1024 E cnss-daemon: Failed to get sock name Socket operation on non-socket
03-16 12:15:41.017  1024  1024 E cnss-daemon: Failed to get sock name Socket operation on non-socket
03-16 12:15:41.021  1024  1024 E cnss-daemon: Failed to get sock name Socket operation on non-socket
03-16 12:15:41.025  1024  1024 E cnss-daemon: Failed to get sock name Socket operation on non-socket
03-16 12:15:41.030  1024  1024 E cnss-daemon: Failed to get sock name Socket operation on non-socket
03-16 12:15:41.035  1024  1024 E cnss-daemon: Failed to get sock name Socket operation on non-socket
03-16 12:15:41.038   577   577 E audit   : type=1400 audit(1773634541.032:17511168): avc:  denied  { execute_no_trans } for  pid=1233 comm="cnss-daemon" path="/vendor/bin/sh" dev="dm-2" ino=293 scontext=u:r:wcnss_service:s0 tcontext=u:object_r:vendor_shell_exec:s0 tclass=file permissive=0 SEPF_SM-A207F_11_0004 audit_filtered
03-16 12:15:41.040  1024  1024 E cnss-daemon: Failed to get sock name Socket operation on non-socket
03-16 12:15:41.043   577   577 E audit   : type=1400 audit(1773634541.032:17511169): avc:  denied  { execute_no_trans } for  pid=1234 comm="cnss-daemon" path="/vendor/bin/sh" dev="dm-2" ino=293 scontext=u:r:wcnss_service:s0 tcontext=u:object_r:vendor_shell_exec:s0 tclass=file permissive=0 SEPF_SM-A207F_11_0004 audit_filtered
03-16 12:15:41.045  1024  1024 E cnss-daemon: Failed to get sock name Socket operation on non-socket
03-16 12:15:41.048   577   577 E audit   : type=1400 audit(1773634541.042:17511170): avc:  denied  { execute_no_trans } for  pid=1235 comm="cnss-daemon" path="/vendor/bin/sh" dev="dm-2" ino=293 scontext=u:r:wcnss_service:s0 tcontext=u:object_r:vendor_shell_exec:s0 tclass=file permissive=0 SEPF_SM-A207F_11_0004 audit_filtered
03-16 12:15:41.050  1024  1024 E cnss-daemon: Failed to get sock name Socket operation on non-socket
03-16 12:15:41.053   577   577 E audit   : type=1400 audit(1773634541.042:17511171): avc:  denied  { execute_no_trans } for  pid=1236 comm="cnss-daemon" path="/vendor/bin/sh" dev="dm-2" ino=293 scontext=u:r:wcnss_service:s0 tcontext=u:object_r:vendor_shell_exec:s0 tclass=file permissive=0 SEPF_SM-A207F_11_0004 audit_filtered
03-16 12:15:41.055  1024  1024 E cnss-daemon: Failed to get sock name Socket operation on non-socket
03-16 12:15:41.059   577   577 E audit   : type=1400 audit(1773634541.052:17511172): avc:  denied  { execute_no_trans } for  pid=1237 comm="cnss-daemon" path="/vendor/bin/sh" dev="dm-2" ino=293 scontext=u:r:wcnss_service:s0 tcontext=u:object_r:vendor_shell_exec:s0 tclass=file permissive=0 SEPF_SM-A207F_11_0004 audit_filtered
03-16 12:15:41.061  1024  1024 E cnss-daemon: Failed to get sock name Socket operation on non-socket
03-16 12:15:41.066  1024  1024 E cnss-daemon: Failed to get sock name Socket operation on non-socket
03-16 12:15:41.071  1024  1024 E cnss-daemon: Failed to get sock name Socket operation on non-socket
03-16 12:15:41.077  1024  1024 E cnss-daemon: Failed to get sock name Socket operation on non-socket
03-16 12:15:41.081  1024  1024 E cnss-daemon: Failed to get sock name Socket operation on non-socket
03-16 12:15:41.086  1024  1024 E cnss-daemon: Failed to get sock name Socket operation on non-socket
03-16 12:15:41.089  1024  1024 E cnss-daemon: Failed to get sock name Socket operation on non-socket
03-16 12:15:41.092  1024  1024 E cnss-daemon: Failed to get sock name Socket operation on non-socket
03-16 12:15:41.096  1024  1024 E cnss-daemon: Failed to get sock name Socket operation on non-socket
03-16 12:15:41.101  1024  1024 E cnss-daemon: Failed to get sock name Socket operation on non-socket
03-16 12:15:41.106  1024  1024 E cnss-daemon: Failed to get sock name Socket operation on non-socket
03-16 12:15:41.112  1024  1024 E cnss-daemon: Failed to get sock name Socket operation on non-socket
03-16 12:15:41.118  1024  1024 E cnss-daemon: Failed to get sock name Socket operation on non-socket
03-16 12:15:41.123  1024  1024 E cnss-daemon: Failed to get sock name Socket operation on non-socket
03-16 12:15:41.129  1024  1024 E cnss-daemon: Failed to get sock name Socket operation on non-socket
03-16 12:15:41.135  1024  1024 E cnss-daemon: Failed to get sock name Socket operation on non-socket
03-16 12:15:41.140  1024  1024 E cnss-daemon: Failed to get sock name Socket operation on non-socket
03-16 12:15:41.145  1024  1024 E cnss-daemon: Failed to get sock name Socket operation on non-socket
03-16 12:15:41.150  1024  1024 E cnss-daemon: Failed to get sock name Socket operation on non-socket
03-16 12:15:41.155  1024  1024 E cnss-daemon: Failed to get sock name Socket operation on non-socket
03-16 12:15:41.159  1024  1024 E cnss-daemon: Failed to get sock name Socket operation on non-socket
03-16 12:15:41.163  1024  1024 E cnss-daemon: Failed to get sock name Socket operation on non-socket
03-16 12:15:41.167  1024  1024 E cnss-daemon: Failed to get sock name Socket operation on non-socket
03-16 12:15:41.171  1024  1024 E cnss-daemon: Failed to get sock name Socket operation on non-socket
03-16 12:15:41.175  1024  1024 E cnss-daemon: Failed to get sock name Socket operation on non-socket
03-16 12:15:41.179  1024  1024 E cnss-daemon: Failed to get sock name Socket operation on non-socket
03-16 12:15:41.183  1024  1024 E cnss-daemon: Failed to get sock name Socket operation on non-socket
03-16 12:15:41.187  1024  1024 E cnss-daemon: Failed to get sock name Socket operation on non-socket
03-16 12:15:41.191  1024  1024 E cnss-daemon: Failed to get sock name Socket operation on non-socket
03-16 12:15:41.195  1024  1024 E cnss-daemon: Failed to get sock name Socket operation on non-socket
03-16 12:15:41.200  1024  1024 E cnss-daemon: Failed to get sock name Socket operation on non-socket
03-16 12:15:41.203  1024  1024 E cnss-daemon: Failed to get sock name Socket operation on non-socket
03-16 12:15:41.207  1024  1024 E cnss-daemon: Failed to get sock name Socket operation on non-socket
03-16 12:15:41.211  1024  1024 E cnss-daemon: Failed to get sock name Socket operation on non-socket
03-16 12:15:41.215  1024  1024 E cnss-daemon: Failed to get sock name Socket operation on non-socket
03-16 12:15:41.218  1024  1024 E cnss-daemon: Failed to get sock name Socket operation on non-socket
03-16 12:15:41.222  1024  1024 E cnss-daemon: Failed to get sock name Socket operation on non-socket
03-16 12:15:41.226  1024  1024 E cnss-daemon: Failed to get sock name Socket operation on non-socket
03-16 12:15:41.229  1024  1024 E cnss-daemon: Failed to get sock name Socket operation on non-socket
03-16 12:15:41.232  1024  1024 E cnss-daemon: Failed to get sock name Socket operation on non-socket
03-16 12:15:41.236  1024  1024 E cnss-daemon: Failed to get sock name Socket operation on non-socket
03-16 12:15:41.240  1024  1024 E cnss-daemon: Failed to get sock name Socket operation on non-socket
03-16 12:15:41.243  1024  1024 E cnss-daemon: Failed to get sock name Socket operation on non-socket
03-16 12:15:41.246  1024  1024 E cnss-daemon: Failed to get sock name Socket operation on non-socket
03-16 12:15:41.250  1024  1024 E cnss-daemon: Failed to get sock name Socket operation on non-socket
03-16 12:15:41.254  1024  1024 E cnss-daemon: Failed to get sock name Socket operation on non-socket
03-16 12:15:41.258  1024  1024 E cnss-daemon: Failed to get sock name Socket operation on non-socket
03-16 12:15:41.261  1024  1024 E cnss-daemon: Failed to get sock name Socket operation on non-socket
03-16 12:15:41.265  1024  1024 E cnss-daemon: Failed to get sock name Socket operation on non-socket
03-16 12:15:41.268  1024  1024 E cnss-daemon: Failed to get sock name Socket operation on non-socket
03-16 12:15:41.272  1024  1024 E cnss-daemon: Failed to get sock name Socket operation on non-socket
03-16 12:15:41.276  1024  1024 E cnss-daemon: Failed to get sock name Socket operation on non-socket
03-16 12:15:41.279  1024  1024 E cnss-daemon: Failed to get sock name Socket operation on non-socket
03-16 12:15:41.283  1024  1024 E cnss-daemon: Failed to get sock name Socket operation on non-socket
03-16 12:15:41.287  1024  1024 E cnss-daemon: Failed to get sock name Socket operation on non-socket
03-16 12:15:41.290  1024  1024 E cnss-daemon: Failed to get sock name Socket operation on non-socket
03-16 12:15:41.293  1024  1024 E cnss-daemon: Failed to get sock name Socket operation on non-socket
03-16 12:15:41.297  1024  1024 E cnss-daemon: Failed to get sock name Socket operation on non-socket
03-16 12:15:41.301  1024  1024 E cnss-daemon: Failed to get sock name Socket operation on non-socket
03-16 12:15:41.304  1024  1024 E cnss-daemon: Failed to get sock name Socket operation on non-socket
03-16 12:15:41.308  1024  1024 E cnss-daemon: Failed to get sock name Socket operation on non-socket
03-16 12:15:41.312  1024  1024 E cnss-daemon: Failed to get sock name Socket operation on non-socket
03-16 12:15:41.316  1024  1024 E cnss-daemon: Failed to get sock name Socket operation on non-socket
03-16 12:15:41.320  1024  1024 E cnss-daemon: Failed to get sock name Socket operation on non-socket
03-16 12:15:41.324  1024  1024 E cnss-daemon: Failed to get sock name Socket operation on non-socket
03-16 12:15:41.328  1024  1024 E cnss-daemon: Failed to get sock name Socket operation on non-socket
03-16 12:15:41.332  1024  1024 E cnss-daemon: Failed to get sock name Socket operation on non-socket
03-16 12:15:41.336  1024  1024 E cnss-daemon: Failed to get sock name Socket operation on non-socket
03-16 12:15:41.339  1024  1024 E cnss-daemon: Failed to get sock name Socket operation on non-socket
03-16 12:15:41.342  1024  1024 E cnss-daemon: Failed to get sock name Socket operation on non-socket
03-16 12:15:41.346  1024  1024 E cnss-daemon: Failed to get sock name Socket operation on non-socket
03-16 12:15:41.349  1024  1024 E cnss-daemon: Failed to get sock name Socket operation on non-socket
03-16 12:15:41.352  1024  1024 E cnss-daemon: Failed to get sock name Socket operation on non-socket
03-16 12:15:41.356  1024  1024 E cnss-daemon: Failed to get sock name Socket operation on non-socket
03-16 12:15:41.360  1024  1024 E cnss-daemon: Failed to get sock name Socket operation on non-socket
03-16 12:15:41.363  1024  1024 E cnss-daemon: Failed to get sock name Socket operation on non-socket
03-16 12:15:41.367  1024  1024 E cnss-daemon: Failed to get sock name Socket operation on non-socket
03-16 12:15:41.370  1024  1024 E cnss-daemon: Failed to get sock name Socket operation on non-socket
03-16 12:15:41.373  1024  1024 E cnss-daemon: Failed to get sock name Socket operation on non-socket
03-16 12:15:41.377  1024  1024 E cnss-daemon: Failed to get sock name Socket operation on non-socket
03-16 12:15:41.380  1024  1024 E cnss-daemon: Failed to get sock name Socket operation on non-socket
03-16 12:15:41.384  1024  1024 E cnss-daemon: Failed to get sock name Socket operation on non-socket
03-16 12:15:41.387  1024  1024 E cnss-daemon: Failed to get sock name Socket operation on non-socket
03-16 12:15:41.391  1024  1024 E cnss-daemon: Failed to get sock name Socket operation on non-socket
03-16 12:15:41.394  1024  1024 E cnss-daemon: Failed to get sock name Socket operation on non-socket
03-16 12:15:41.398  1024  1024 E cnss-daemon: Failed to get sock name Socket operation on non-socket
03-16 12:15:41.401  1024  1024 E cnss-daemon: Failed to get sock name Socket operation on non-socket
03-16 12:15:41.404  1024  1024 E cnss-daemon: Failed to get sock name Socket operation on non-socket
03-16 12:15:41.408  1024  1024 E cnss-daemon: Failed to get sock name Socket operation on non-socket
03-16 12:15:41.411  1024  1024 E cnss-daemon: Failed to get sock name Socket operation on non-socket
03-16 12:15:41.415  1024  1024 E cnss-daemon: Failed to get sock name Socket operation on non-socket
03-16 12:15:41.418  1024  1024 E cnss-daemon: Failed to get sock name Socket operation on non-socket
03-16 12:15:41.421  1024  1024 E cnss-daemon: Failed to get sock name Socket operation on non-socket
03-16 12:15:41.424  1024  1024 E cnss-daemon: Failed to get sock name Socket operation on non-socket
03-16 12:15:41.428  1024  1024 E cnss-daemon: Failed to get sock name Socket operation on non-socket
03-16 12:15:41.431  1024  1024 E cnss-daemon: Failed to get sock name Socket operation on non-socket
03-16 12:15:41.434  1024  1024 E cnss-daemon: Failed to get sock name Socket operation on non-socket
03-16 12:15:41.438  1024  1024 E cnss-daemon: Failed to get sock name Socket operation on non-socket
03-16 12:15:41.441  1024  1024 E cnss-daemon: Failed to get sock name Socket operation on non-socket
03-16 12:15:41.444  1024  1024 E cnss-daemon: Failed to get sock name Socket operation on non-socket
03-16 12:15:41.447  1024  1024 E cnss-daemon: Failed to get sock name Socket operation on non-socket
03-16 12:15:41.450  1024  1024 E cnss-daemon: Failed to get sock name Socket operation on non-socket
03-16 12:15:41.454  1024  1024 E cnss-daemon: Failed to get sock name Socket operation on non-socket
03-16 12:15:41.457  1024  1024 E cnss-daemon: Failed to get sock name Socket operation on non-socket
03-16 12:15:41.461  1024  1024 E cnss-daemon: Failed to get sock name Socket operation on non-socket
03-16 12:15:41.465  1024  1024 E cnss-daemon: Failed to get sock name Socket operation on non-socket
03-16 12:15:41.469  1024  1024 E cnss-daemon: Failed to get sock name Socket operation on non-socket
03-16 12:15:41.473  1024  1024 E cnss-daemon: Failed to get sock name Socket operation on non-socket
03-16 12:15:41.477  1024  1024 E cnss-daemon: Failed to get sock name Socket operation on non-socket
03-16 12:15:41.480  1024  1024 E cnss-daemon: Failed to get sock name Socket operation on non-socket
03-16 12:15:41.484  1024  1024 E cnss-daemon: Failed to get sock name Socket operation on non-socket
03-16 12:15:41.488  1024  1024 E cnss-daemon: Failed to get sock name Socket operation on non-socket
03-16 12:15:41.492  1024  1024 E cnss-daemon: Failed to get sock name Socket operation on non-socket
03-16 12:15:41.495  1024  1024 E cnss-daemon: Failed to get sock name Socket operation on non-socket
03-16 12:15:41.499  1024  1024 E cnss-daemon: Failed to get sock name Socket operation on non-socket
03-16 12:15:41.502  1024  1024 E cnss-daemon: Failed to get sock name Socket operation on non-socket
03-16 12:15:41.505  1024  1024 E cnss-daemon: Failed to get sock name Socket operation on non-socket
03-16 12:15:41.508  1024  1024 E cnss-daemon: Failed to get sock name Socket operation on non-socket
03-16 12:15:41.512  1024  1024 E cnss-daemon: Failed to get sock name Socket operation on non-socket
03-16 12:15:41.515  1024  1024 E cnss-daemon: Failed to get sock name Socket operation on non-socket
03-16 12:15:41.518  1024  1024 E cnss-daemon: Failed to get sock name Socket operation on non-socket
03-16 12:15:41.522  1024  1024 E cnss-daemon: Failed to get sock name Socket operation on non-socket
03-16 12:15:41.526  1024  1024 E cnss-daemon: Failed to get sock name Socket operation on non-socket
03-16 12:15:41.529  1024  1024 E cnss-daemon: Failed to get sock name Socket operation on non-socket
03-16 12:15:41.532  1024  1024 E cnss-daemon: Failed to get sock name Socket operation on non-socket
03-16 12:15:41.535  1024  1024 E cnss-daemon: Failed to get sock name Socket operation on non-socket
03-16 12:15:41.539  1024  1024 E cnss-daemon: Failed to get sock name Socket operation on non-socket
03-16 12:15:41.542 16430 16430 D BoundBrokerSvc: onUnbind: Intent { act=com.google.android.gms.ads.service.START pkg=com.google.android.gms }
03-16 12:15:41.543  1024  1024 E cnss-daemon: Failed to get sock name Socket operation on non-socket
03-16 12:15:41.547  1024  1024 E cnss-daemon: Failed to get sock name Socket operation on non-socket
03-16 12:15:41.551  1024  1024 E cnss-daemon: Failed to get sock name Socket operation on non-socket
03-16 12:15:41.555  1024  1024 E cnss-daemon: Failed to get sock name Socket operation on non-socket
03-16 12:15:41.558  1024  1024 E cnss-daemon: Failed to get sock name Socket operation on non-socket
03-16 12:15:41.562  1024  1024 E cnss-daemon: Failed to get sock name Socket operation on non-socket
03-16 12:15:41.566  1024  1024 E cnss-daemon: Failed to get sock name Socket operation on non-socket
03-16 12:15:41.570  1024  1024 E cnss-daemon: Failed to get sock name Socket operation on non-socket
03-16 12:15:41.573  1024  1024 E cnss-daemon: Failed to get sock name Socket operation on non-socket
03-16 12:15:41.577  1024  1024 E cnss-daemon: Failed to get sock name Socket operation on non-socket
03-16 12:15:41.581  1024  1024 E cnss-daemon: Failed to get sock name Socket operation on non-socket
03-16 12:15:41.585  1024  1024 E cnss-daemon: Failed to get sock name Socket operation on non-socket
03-16 12:15:41.589  1024  1024 E cnss-daemon: Failed to get sock name Socket operation on non-socket
03-16 12:15:41.593  1024  1024 E cnss-daemon: Failed to get sock name Socket operation on non-socket
03-16 12:15:41.597  1024  1024 E cnss-daemon: Failed to get sock name Socket operation on non-socket
03-16 12:15:41.601  1024  1024 E cnss-daemon: Failed to get sock name Socket operation on non-socket
03-16 12:15:41.605  1024  1024 E cnss-daemon: Failed to get sock name Socket operation on non-socket
03-16 12:15:41.609  1024  1024 E cnss-daemon: Failed to get sock name Socket operation on non-socket
03-16 12:15:41.613  1024  1024 E cnss-daemon: Failed to get sock name Socket operation on non-socket
03-16 12:15:41.617  1024  1024 E cnss-daemon: Failed to get sock name Socket operation on non-socket
03-16 12:15:41.621  1024  1024 E cnss-daemon: Failed to get sock name Socket operation on non-socket
03-16 12:15:41.625  1024  1024 E cnss-daemon: Failed to get sock name Socket operation on non-socket
03-16 12:15:41.629  1024  1024 E cnss-daemon: Failed to get sock name Socket operation on non-socket
03-16 12:15:41.633  1024  1024 E cnss-daemon: Failed to get sock name Socket operation on non-socket
03-16 12:15:41.637  1024  1024 E cnss-daemon: Failed to get sock name Socket operation on non-socket
03-16 12:15:41.641  1024  1024 E cnss-daemon: Failed to get sock name Socket operation on non-socket
03-16 12:15:41.645  1024  1024 E cnss-daemon: Failed to get sock name Socket operation on non-socket
03-16 12:15:41.648  1024  1024 E cnss-daemon: Failed to get sock name Socket operation on non-socket
03-16 12:15:41.652  1024  1024 E cnss-daemon: Failed to get sock name Socket operation on non-socket
03-16 12:15:41.655  1024  1024 E cnss-daemon: Failed to get sock name Socket operation on non-socket
03-16 12:15:41.659  1024  1024 E cnss-daemon: Failed to get sock name Socket operation on non-socket
03-16 12:15:41.662  1024  1024 E cnss-daemon: Failed to get sock name Socket operation on non-socket
03-16 12:15:41.665  1024  1024 E cnss-daemon: Failed to get sock name Socket operation on non-socket
03-16 12:15:41.669  1024  1024 E cnss-daemon: Failed to get sock name Socket operation on non-socket
03-16 12:15:41.672  1024  1024 E cnss-daemon: Failed to get sock name Socket operation on non-socket
03-16 12:15:41.675  1024  1024 E cnss-daemon: Failed to get sock name Socket operation on non-socket
03-16 12:15:41.679  1024  1024 E cnss-daemon: Failed to get sock name Socket operation on non-socket
03-16 12:15:41.682  1024  1024 E cnss-daemon: Failed to get sock name Socket operation on non-socket
03-16 12:15:41.686  1024  1024 E cnss-daemon: Failed to get sock name Socket operation on non-socket
03-16 12:15:41.689  1024  1024 E cnss-daemon: Failed to get sock name Socket operation on non-socket
03-16 12:15:41.692  1024  1024 E cnss-daemon: Failed to get sock name Socket operation on non-socket
03-16 12:15:41.696  1024  1024 E cnss-daemon: Failed to get sock name Socket operation on non-socket
03-16 12:15:41.699  1024  1024 E cnss-daemon: Failed to get sock name Socket operation on non-socket
03-16 12:15:41.702  1024  1024 E cnss-daemon: Failed to get sock name Socket operation on non-socket
03-16 12:15:41.706  1024  1024 E cnss-daemon: Failed to get sock name Socket operation on non-socket
03-16 12:15:41.709  1024  1024 E cnss-daemon: Failed to get sock name Socket operation on non-socket
03-16 12:15:41.712  1024  1024 E cnss-daemon: Failed to get sock name Socket operation on non-socket
03-16 12:15:41.716  1024  1024 E cnss-daemon: Failed to get sock name Socket operation on non-socket
03-16 12:15:41.719  1024  1024 E cnss-daemon: Failed to get sock name Socket operation on non-socket
03-16 12:15:41.722  1024  1024 E cnss-daemon: Failed to get sock name Socket operation on non-socket
03-16 12:15:41.725  1024  1024 E cnss-daemon: Failed to get sock name Socket operation on non-socket
03-16 12:15:41.728  1024  1024 E cnss-daemon: Failed to get sock name Socket operation on non-socket
03-16 12:15:41.731  1024  1024 E cnss-daemon: Failed to get sock name Socket operation on non-socket
03-16 12:15:41.734  1024  1024 E cnss-daemon: Failed to get sock name Socket operation on non-socket
03-16 12:15:41.738  1024  1024 E cnss-daemon: Failed to get sock name Socket operation on non-socket
03-16 12:15:41.741  1024  1024 E cnss-daemon: Failed to get sock name Socket operation on non-socket
03-16 12:15:41.742 27341 28342 W om.whatsapp.w4: Long monitor contention with owner WhatsApp Worker #26 (30255) at X.1PU X.0eN.A0A(X.0eW, X.14k)(:1317) waiters=0 in X.1PU X.0eN.A0A(X.0eW, X.14k) for 587ms
03-16 12:15:41.745  1024  1024 E cnss-daemon: Failed to get sock name Socket operation on non-socket
03-16 12:15:41.748  1024  1024 E cnss-daemon: Failed to get sock name Socket operation on non-socket
03-16 12:15:41.751  1024  1024 E cnss-daemon: Failed to get sock name Socket operation on non-socket
03-16 12:15:41.754  1024  1024 E cnss-daemon: Failed to get sock name Socket operation on non-socket
03-16 12:15:41.757  1024  1024 E cnss-daemon: Failed to get sock name Socket operation on non-socket
03-16 12:15:41.761  1024  1024 E cnss-daemon: Failed to get sock name Socket operation on non-socket
03-16 12:15:41.765  1024  1024 E cnss-daemon: Failed to get sock name Socket operation on non-socket
03-16 12:15:41.768  1024  1024 E cnss-daemon: Failed to get sock name Socket operation on non-socket
03-16 12:15:41.772  1024  1024 E cnss-daemon: Failed to get sock name Socket operation on non-socket
03-16 12:15:41.776  1024  1024 E cnss-daemon: Failed to get sock name Socket operation on non-socket
03-16 12:15:41.779  1024  1024 E cnss-daemon: Failed to get sock name Socket operation on non-socket
03-16 12:15:41.783  1024  1024 E cnss-daemon: Failed to get sock name Socket operation on non-socket
03-16 12:15:41.786  1024  1024 E cnss-daemon: Failed to get sock name Socket operation on non-socket
03-16 12:15:41.790  1024  1024 E cnss-daemon: Failed to get sock name Socket operation on non-socket
03-16 12:15:41.793  1024  1024 E cnss-daemon: Failed to get sock name Socket operation on non-socket
03-16 12:15:41.796  1024  1024 E cnss-daemon: Failed to get sock name Socket operation on non-socket
03-16 12:15:41.799  1024  1024 E cnss-daemon: Failed to get sock name Socket operation on non-socket
03-16 12:15:41.803  1024  1024 E cnss-daemon: Failed to get sock name Socket operation on non-socket
03-16 12:15:41.806  1024  1024 E cnss-daemon: Failed to get sock name Socket operation on non-socket
03-16 12:15:41.810  1024  1024 E cnss-daemon: Failed to get sock name Socket operation on non-socket
03-16 12:15:41.813  1024  1024 E cnss-daemon: Failed to get sock name Socket operation on non-socket
03-16 12:15:41.817  1024  1024 E cnss-daemon: Failed to get sock name Socket operation on non-socket
03-16 12:15:41.821  1024  1024 E cnss-daemon: Failed to get sock name Socket operation on non-socket
03-16 12:15:41.824  1024  1024 E cnss-daemon: Failed to get sock name Socket operation on non-socket
03-16 12:15:41.828  1024  1024 E cnss-daemon: Failed to get sock name Socket operation on non-socket
03-16 12:15:41.831  1024  1024 E cnss-daemon: Failed to get sock name Socket operation on non-socket
03-16 12:15:41.835  1024  1024 E cnss-daemon: Failed to get sock name Socket operation on non-socket
03-16 12:15:41.838  1024  1024 E cnss-daemon: Failed to get sock name Socket operation on non-socket
03-16 12:15:41.841  1024  1024 E cnss-daemon: Failed to get sock name Socket operation on non-socket
03-16 12:15:41.844  1024  1024 E cnss-daemon: Failed to get sock name Socket operation on non-socket
03-16 12:15:41.848  1024  1024 E cnss-daemon: Failed to get sock name Socket operation on non-socket
03-16 12:15:41.851  1024  1024 E cnss-daemon: Failed to get sock name Socket operation on non-socket
03-16 12:15:41.851   533   533 I io_stats: !@ 179,0 r 37627725 497073399 w 3202859 54021284 d 737984 16870828 f 425901 721302 iot 16894530 14847140 th 51200 51200 38740 pt 101170 inp 1 0 82826.676
03-16 12:15:41.854  1024  1024 E cnss-daemon: Failed to get sock name Socket operation on non-socket
03-16 12:15:41.857  1024  1024 E cnss-daemon: Failed to get sock name Socket operation on non-socket
03-16 12:15:41.860  1024  1024 E cnss-daemon: Failed to get sock name Socket operation on non-socket
03-16 12:15:41.863  1024  1024 E cnss-daemon: Failed to get sock name Socket operation on non-socket
03-16 12:15:41.867  1024  1024 E cnss-daemon: Failed to get sock name Socket operation on non-socket
03-16 12:15:41.870  1024  1024 E cnss-daemon: Failed to get sock name Socket operation on non-socket
03-16 12:15:41.873  1024  1024 E cnss-daemon: Failed to get sock name Socket operation on non-socket
03-16 12:15:41.876  1024  1024 E cnss-daemon: Failed to get sock name Socket operation on non-socket
03-16 12:15:41.879  1024  1024 E cnss-daemon: Failed to get sock name Socket operation on non-socket
03-16 12:15:41.883  1024  1024 E cnss-daemon: Failed to get sock name Socket operation on non-socket
03-16 12:15:41.886  1024  1024 E cnss-daemon: Failed to get sock name Socket operation on non-socket
03-16 12:15:41.889  1024  1024 E cnss-daemon: Failed to get sock name Socket operation on non-socket
03-16 12:15:41.892  1024  1024 E cnss-daemon: Failed to get sock name Socket operation on non-socket
03-16 12:15:41.896  1024  1024 E cnss-daemon: Failed to get sock name Socket operation on non-socket
03-16 12:15:41.899  1024  1024 E cnss-daemon: Failed to get sock name Socket operation on non-socket
03-16 12:15:41.902  1024  1024 E cnss-daemon: Failed to get sock name Socket operation on non-socket
03-16 12:15:41.905  1024  1024 E cnss-daemon: Failed to get sock name Socket operation on non-socket
03-16 12:15:41.908  1024  1024 E cnss-daemon: Failed to get sock name Socket operation on non-socket
03-16 12:15:41.911  1024  1024 E cnss-daemon: Failed to get sock name Socket operation on non-socket
03-16 12:15:41.914  1024  1024 E cnss-daemon: Failed to get sock name Socket operation on non-socket
03-16 12:15:41.918  1024  1024 E cnss-daemon: Failed to get sock name Socket operation on non-socket
03-16 12:15:41.921  1024  1024 E cnss-daemon: Failed to get sock name Socket operation on non-socket
03-16 12:15:41.925  1024  1024 E cnss-daemon: Failed to get sock name Socket operation on non-socket
03-16 12:15:41.929  1024  1024 E cnss-daemon: Failed to get sock name Socket operation on non-socket
03-16 12:15:41.933  1024  1024 E cnss-daemon: Failed to get sock name Socket operation on non-socket
03-16 12:15:41.937  1024  1024 E cnss-daemon: Failed to get sock name Socket operation on non-socket
03-16 12:15:41.940  1024  1024 E cnss-daemon: Failed to get sock name Socket operation on non-socket
03-16 12:15:41.943  1024  1024 E cnss-daemon: Failed to get sock name Socket operation on non-socket
03-16 12:15:41.946  1024  1024 E cnss-daemon: Failed to get sock name Socket operation on non-socket
03-16 12:15:41.950  1024  1024 E cnss-daemon: Failed to get sock name Socket operation on non-socket
03-16 12:15:41.954  1024  1024 E cnss-daemon: Failed to get sock name Socket operation on non-socket
03-16 12:15:41.958  1024  1024 E cnss-daemon: Failed to get sock name Socket operation on non-socket
03-16 12:15:41.962  1024  1024 E cnss-daemon: Failed to get sock name Socket operation on non-socket
03-16 12:15:41.962 15528 15528 I BadgeCountReceiver: badge intent : Intent { act=android.intent.action.BADGE_COUNT_UPDATE flg=0x1000010 cmp=com.sec.android.provider.badge/.BadgeCountReceiver (has extras) }
03-16 12:15:41.962 15528 15528 I BadgeCountReceiver: packageName: com.whatsapp.w4b, className: com.whatsapp.Main, count: 444
03-16 12:15:41.965  1024  1024 E cnss-daemon: Failed to get sock name Socket operation on non-socket
03-16 12:15:41.968  9369  9369 I BadgeCountUpdaterImpl: onChange
03-16 12:15:41.968  1024  1024 E cnss-daemon: Failed to get sock name Socket operation on non-socket
03-16 12:15:41.970  9369  9369 I BadgeCountUpdaterImpl: onChange
03-16 12:15:41.971 15528 15528 I BadgeProvider: sendNotify entered. [uri] : content://com.sec.badge/apps
03-16 12:15:41.971 15528 15528 I BadgeProvider: sendNotify, [notify] : null
03-16 12:15:41.972 15528 15528 I BadgeProvider: update, getCallingPackage() : com.sec.android.provider.badge
03-16 12:15:41.972  1024  1024 E cnss-daemon: Failed to get sock name Socket operation on non-socket
03-16 12:15:41.972 15528 15528 I BadgeProvider: update, [uri] : content://com.sec.badge/apps
03-16 12:15:41.972 15528 15528 I BadgeProvider: update, [uri.query] : null
03-16 12:15:41.972 15528 15528 I BadgeProvider: update, [BadgeCount] : badgecount=444
03-16 12:15:41.972 15528 15528 I BadgeProvider: update, [UpdateCount] : 1
03-16 12:15:41.975  1024  1024 E cnss-daemon: Failed to get sock name Socket operation on non-socket
03-16 12:15:41.979  1024  1024 E cnss-daemon: Failed to get sock name Socket operation on non-socket
03-16 12:15:41.982  1024  1024 E cnss-daemon: Failed to get sock name Socket operation on non-socket
03-16 12:15:41.986  1024  1024 E cnss-daemon: Failed to get sock name Socket operation on non-socket
03-16 12:15:41.989  1024  1024 E cnss-daemon: Failed to get sock name Socket operation on non-socket
03-16 12:15:41.992  1024  1024 E cnss-daemon: Failed to get sock name Socket operation on non-socket
03-16 12:15:41.994  1883  2535 W ProcessCpuTracker: Failed to stat(/proc/1513): android.system.ErrnoException: stat failed: ENOENT (No such file or directory)
03-16 12:15:41.994  1883  2535 W ProcessCpuTracker: Skipping unknown process pid 1513
03-16 12:15:41.996  1024  1024 E cnss-daemon: Failed to get sock name Socket operation on non-socket
03-16 12:15:41.999  1024  1024 E cnss-daemon: Failed to get sock name Socket operation on non-socket
03-16 12:15:42.003  1024  1024 E cnss-daemon: Failed to get sock name Socket operation on non-socket
03-16 12:15:42.006  1024  1024 E cnss-daemon: Failed to get sock name Socket operation on non-socket
03-16 12:15:42.010  1024  1024 E cnss-daemon: Failed to get sock name Socket operation on non-socket
03-16 12:15:42.013  1024  1024 E cnss-daemon: Failed to get sock name Socket operation on non-socket
03-16 12:15:42.018  1024  1024 E cnss-daemon: Failed to get sock name Socket operation on non-socket
03-16 12:15:42.021  1024  1024 E cnss-daemon: Failed to get sock name Socket operation on non-socket
03-16 12:15:42.025  1024  1024 E cnss-daemon: Failed to get sock name Socket operation on non-socket
03-16 12:15:42.028  1024  1024 E cnss-daemon: Failed to get sock name Socket operation on non-socket
03-16 12:15:42.032  1024  1024 E cnss-daemon: Failed to get sock name Socket operation on non-socket
03-16 12:15:42.036  1024  1024 E cnss-daemon: Failed to get sock name Socket operation on non-socket
03-16 12:15:42.039  1024  1024 E cnss-daemon: Failed to get sock name Socket operation on non-socket
03-16 12:15:42.042  1024  1024 E cnss-daemon: Failed to get sock name Socket operation on non-socket
03-16 12:15:42.045  1024  1024 E cnss-daemon: Failed to get sock name Socket operation on non-socket
03-16 12:15:42.048   577   577 E audit   : type=1400 audit(1773634542.042:17511445): avc:  denied  { execute_no_trans } for  pid=1541 comm="cnss-daemon" path="/vendor/bin/sh" dev="dm-2" ino=293 scontext=u:r:wcnss_service:s0 tcontext=u:object_r:vendor_shell_exec:s0 tclass=file permissive=0 SEPF_SM-A207F_11_0004 audit_filtered
03-16 12:15:42.049  1024  1024 E cnss-daemon: Failed to get sock name Socket operation on non-socket
03-16 12:15:42.051   577   577 E audit   : type=1400 audit(1773634542.042:17511446): avc:  denied  { execute_no_trans } for  pid=1543 comm="cnss-daemon" path="/vendor/bin/sh" dev="dm-2" ino=293 scontext=u:r:wcnss_service:s0 tcontext=u:object_r:vendor_shell_exec:s0 tclass=file permissive=0 SEPF_SM-A207F_11_0004 audit_filtered
03-16 12:15:42.053  1024  1024 E cnss-daemon: Failed to get sock name Socket operation on non-socket
03-16 12:15:42.055   577   577 E audit   : type=1400 audit(1773634542.052:17511447): avc:  denied  { execute_no_trans } for  pid=1545 comm="cnss-daemon" path="/vendor/bin/sh" dev="dm-2" ino=293 scontext=u:r:wcnss_service:s0 tcontext=u:object_r:vendor_shell_exec:s0 tclass=file permissive=0 SEPF_SM-A207F_11_0004 audit_filtered
03-16 12:15:42.057  1024  1024 E cnss-daemon: Failed to get sock name Socket operation on non-socket
03-16 12:15:42.059   577   577 E audit   : type=1400 audit(1773634542.052:17511448): avc:  denied  { execute_no_trans } for  pid=1546 comm="cnss-daemon" path="/vendor/bin/sh" dev="dm-2" ino=293 scontext=u:r:wcnss_service:s0 tcontext=u:object_r:vendor_shell_exec:s0 tclass=file permissive=0 SEPF_SM-A207F_11_0004 audit_filtered
03-16 12:15:42.059  1883  8029 D BatteryService: Sending ACTION_BATTERY_CHANGED. scale:100, info:{.chargerAcOnline = false, .chargerUsbOnline = true, .chargerWirelessOnline = false, .maxChargingCurrent = 500000, .maxChargingVoltage = 5000000, .batteryStatus = CHARGING, .batteryHealth = GOOD, .batteryPresent = true, .batteryLevel = 82, .batteryVoltage = 4205, .batteryTemperature = 380, .batteryCurrent = 114441, .batteryCycleCount = 43, .batteryFullCharge = 4006000, .batteryChargeCounter = 2424730, .batteryTechnology = Li-ion}
03-16 12:15:42.060  1883  8029 D BatteryService: online:4, current avg:114441, charge type:1, POGO powered:false, power sharing:false, high voltage charger:false, charger_type:0, capacity:280000, misc_event:0x0, current_event:0x0, current_now:114441
03-16 12:15:42.061  1024  1024 E cnss-daemon: Failed to get sock name Socket operation on non-socket
03-16 12:15:42.062  1883  5937 D MotionRecognitionService:   onReceive : ACTION_BATTERY_CHANGED, Plugged: 2
03-16 12:15:42.062  1883  5937 I MotionRecognitionService: [TA] In/out: true, curr state: 1
03-16 12:15:42.062  1883  5937 I MotionRecognitionService: [TA] Before receiving the SAR request for Main. Return.
03-16 12:15:42.062  1883  1883 D PhoneWindowManagerExt: ACTION_BATTERY_CHANGED - Level=82, status=2
03-16 12:15:42.063  1883  1883 D SemWifiApBroadcastReceiver: Received : android.intent.action.BATTERY_CHANGED
03-16 12:15:42.063   577   577 E audit   : type=1400 audit(1773634542.052:17511449): avc:  denied  { execute_no_trans } for  pid=1550 comm="cnss-daemon" path="/vendor/bin/sh" dev="dm-2" ino=293 scontext=u:r:wcnss_service:s0 tcontext=u:object_r:vendor_shell_exec:s0 tclass=file permissive=0 SEPF_SM-A207F_11_0004 audit_filtered
03-16 12:15:42.065  1024  1024 E cnss-daemon: Failed to get sock name Socket operation on non-socket
03-16 12:15:42.065  8236  8236 I PowerUI : BATTERY_HEALTH_CHECK extraHealth=2 mBatteryMiscEvent=0
03-16 12:15:42.065  8236  8236 D PowerUI : priorPlugType = 2 mPlugType = 2 priorBatteryStatus = 2 mBatteryStatus = 2
03-16 12:15:42.066  8004  8004 D SemBigDataInfoController: Intent : android.intent.action.BATTERY_CHANGED
03-16 12:15:42.066  8004  8004 D SemBigDataInfoController: Intent : android.intent.action.BATTERY_CHANGED
03-16 12:15:42.069  1024  1024 E cnss-daemon: Failed to get sock name Socket operation on non-socket
03-16 12:15:42.070  8236  8236 D PowerUI.Notification: showChargingNotice oldChargingType : 1 currentChargingType : 1 oldChargingTime : 7461000 mChargingTime : 7332000
03-16 12:15:42.070  8236  8236 D PowerUI.Notification: showChargingNotification()
03-16 12:15:42.073  1024  1024 E cnss-daemon: Failed to get sock name Socket operation on non-socket
03-16 12:15:42.075  1883 13521 D ApplicationPolicy: isStatusBarNotificationAllowedAsUser: packageName = com.android.systemui,userId = 0
03-16 12:15:42.075  1883 13521 D PersonaManagerAdapter: ContainerOnlyMode - EOS
03-16 12:15:42.075  1883 13521 D ApplicationPolicy: isStatusBarNotificationAllowedAsUser: packageName = com.android.systemui,userId = -1
03-16 12:15:42.075  1883 13521 D PersonaManagerAdapter: ContainerOnlyMode - EOS
03-16 12:15:42.075  1883 13521 D ApplicationPolicy: isStatusBarNotificationAllowedAsUser: converting userId from USER_ALLto 0
03-16 12:15:42.075  1883 13521 D PersonaManagerAdapter: ContainerOnlyMode - EOS
03-16 12:15:42.076  8236  8236 D PowerUI : Battery swelling mode - priorBatterySwellingMode = 0 mBatterySwellingMode = 0 mBatteryStatus = 2
03-16 12:15:42.076  8236  8236 I PowerUI : mBatteryMiscEvent = 0
03-16 12:15:42.076  1883  2323 E Watchdog: !@Sync: 2758 heap: 79 / 95 [2026-03-16 12:15:42.076] sdogWay: softdog FD: 733
03-16 12:15:42.077  1024  1024 E cnss-daemon: Failed to get sock name Socket operation on non-socket
03-16 12:15:42.079  8236  8236 D KeyguardUpdateMonitor: received broadcast android.intent.action.BATTERY_CHANGED
03-16 12:15:42.081  1024  1024 E cnss-daemon: Failed to get sock name Socket operation on non-socket
03-16 12:15:42.081  8236  8236 I AODBatteryManager: updateBatteryData: ACTION_BATTERY_CHANGED
03-16 12:15:42.083  8236  8236 I AODBatteryManager: saveBatteryData : AOD BatteryData [mBatteryLevel=82, mBatteryStatus=CHARGING, mBatteryPlugType=USB, mBatteryPlugged=true, mRemainingChargeTime=7332000, mBatteryChargingType=1, mBatteryChargerType=NORMAL, mBatteryOnline=USB, mBatterySwellingMode=NONE]
03-16 12:15:42.083  8236  8236 I ChargingInfoManager: updateChargingInfo: newState = AOD ChargingInfo [mState=BATTERY_AND_REMAIN_TIME, mIsCharging=true, mIsFullyCharged=false], oldState = AOD ChargingInfo [mState=BATTERY_AND_REMAIN_TIME, mIsCharging=true, mIsFullyCharged=false]
03-16 12:15:42.083  8236  8236 D KeyguardUpdateMonitor: handleBatteryUpdate
03-16 12:15:42.085  1024  1024 E cnss-daemon: Failed to get sock name Socket operation on non-socket
03-16 12:15:42.086  8236  8236 D KeyguardSecIndicationPolicy:  add T Event pos = DEFAULT, type =              BATTERY, id =  2902, text = Mengisi daya: 82%
03-16 12:15:42.086  8236  8236 D KeyguardSecIndicationPolicy: 2 j 2 m hingga terisi penuh, duration = 3000
03-16 12:15:42.087  8236  8236 D KeyguardSecIndicationPolicy:   update top pos = DEFAULT, item = [id=2901|ty=BATTERY_RESTING|pr=20|txt=Mengisi daya: 82%
03-16 12:15:42.087  8236  8236 D KeyguardSecIndicationPolicy: 2 j 4 m hingga terisi penuh|ti=duration=PERSISTENT|an=false] -> [id=2902|ty=BATTERY|pr=40|txt=Mengisi daya: 82%
03-16 12:15:42.087  8236  8236 D KeyguardSecIndicationPolicy: 2 j 2 m hingga terisi penuh|ti=duration=3000|an=false]
03-16 12:15:42.087  8236  8236 D KeyguardSecIndicationController: onIndicationChanged() return - keyguard is not visible, pos = DEFAULT, item = [id=2902|ty=BATTERY|pr=40|txt=Mengisi daya: 82%
