03-16 12:15:42.087  8236  8236 D KeyguardSecIndicationController: 2 j 2 m hingga terisi penuh|ti=duration=3000|an=false]
03-16 12:15:42.087  8236  8236 D KeyguardSecIndicationPolicy: update Event pos = DEFAULT, type =      BATTERY_RESTING, id =  2903, text = Mengisi daya: 82%
03-16 12:15:42.087  8236  8236 D KeyguardSecIndicationPolicy: 2 j 2 m hingga terisi penuh
03-16 12:15:42.087  8236  8236 D KeyguardSecIndicationController: addBatteryIndication() status = BatteryStatus{status=2,level=82,plugged=2,health=2,maxChargingWattage=2500000,remaining=7332000ultraFastCharger=0}
03-16 12:15:42.088  1024  1024 E cnss-daemon: Failed to get sock name Socket operation on non-socket
03-16 12:15:42.091  1024  1024 E cnss-daemon: Failed to get sock name Socket operation on non-socket
03-16 12:15:42.095  1024  1024 E cnss-daemon: Failed to get sock name Socket operation on non-socket
03-16 12:15:42.099  1024  1024 E cnss-daemon: Failed to get sock name Socket operation on non-socket
03-16 12:15:42.103  1024  1024 E cnss-daemon: Failed to get sock name Socket operation on non-socket
03-16 12:15:42.107  1024  1024 E cnss-daemon: Failed to get sock name Socket operation on non-socket
03-16 12:15:42.111  1024  1024 E cnss-daemon: Failed to get sock name Socket operation on non-socket
03-16 12:15:42.114  1024  1024 E cnss-daemon: Failed to get sock name Socket operation on non-socket
03-16 12:15:42.118  1024  1024 E cnss-daemon: Failed to get sock name Socket operation on non-socket
03-16 12:15:42.121  1024  1024 E cnss-daemon: Failed to get sock name Socket operation on non-socket
03-16 12:15:42.125  1024  1024 E cnss-daemon: Failed to get sock name Socket operation on non-socket
03-16 12:15:42.128  1024  1024 E cnss-daemon: Failed to get sock name Socket operation on non-socket
03-16 12:15:42.132  1024  1024 E cnss-daemon: Failed to get sock name Socket operation on non-socket
03-16 12:15:42.137  1024  1024 E cnss-daemon: Failed to get sock name Socket operation on non-socket
03-16 12:15:42.140  1024  1024 E cnss-daemon: Failed to get sock name Socket operation on non-socket
03-16 12:15:42.144  1024  1024 E cnss-daemon: Failed to get sock name Socket operation on non-socket
03-16 12:15:42.147  1024  1024 E cnss-daemon: Failed to get sock name Socket operation on non-socket
03-16 12:15:42.151  1024  1024 E cnss-daemon: Failed to get sock name Socket operation on non-socket
03-16 12:15:42.154  1024  1024 E cnss-daemon: Failed to get sock name Socket operation on non-socket
03-16 12:15:42.158  1024  1024 E cnss-daemon: Failed to get sock name Socket operation on non-socket
03-16 12:15:42.161  1024  1024 E cnss-daemon: Failed to get sock name Socket operation on non-socket
03-16 12:15:42.165  1024  1024 E cnss-daemon: Failed to get sock name Socket operation on non-socket
03-16 12:15:42.168  1024  1024 E cnss-daemon: Failed to get sock name Socket operation on non-socket
03-16 12:15:42.171  9369  9571 I BadgeCountUpdaterImpl: reload badge without refresh
03-16 12:15:42.172  1024  1024 E cnss-daemon: Failed to get sock name Socket operation on non-socket
03-16 12:15:42.180  1024  1024 E cnss-daemon: Failed to get sock name Socket operation on non-socket
03-16 12:15:42.182 15528 15554 I BadgeProvider: query, [selection] : null
03-16 12:15:42.183  1024  1024 E cnss-daemon: Failed to get sock name Socket operation on non-socket
03-16 12:15:42.187  9369  9571 I BadgeCache: update cache : com.linkedin.android user : UserHandle{0}  count : 4
03-16 12:15:42.187  9369  9571 I BadgeCache: update cache : com.traveloka.android user : UserHandle{0}  count : 35
03-16 12:15:42.187  9369  9571 I BadgeCache: update cache : com.traveloka.android user : UserHandle{0}  count : 36
03-16 12:15:42.187  9369  9571 I BadgeCache: update cache : com.linkedin.android user : UserHandle{0}  count : 15
03-16 12:15:42.187  1024  1024 E cnss-daemon: Failed to get sock name Socket operation on non-socket
03-16 12:15:42.190  9369  9571 I BadgeCache: reloadBadge size : 2
03-16 12:15:42.191  1024  1024 E cnss-daemon: Failed to get sock name Socket operation on non-socket
03-16 12:15:42.194  1024  1024 E cnss-daemon: Failed to get sock name Socket operation on non-socket
03-16 12:15:42.197  1024  1024 E cnss-daemon: Failed to get sock name Socket operation on non-socket
03-16 12:15:42.201  1024  1024 E cnss-daemon: Failed to get sock name Socket operation on non-socket
03-16 12:15:42.205  1024  1024 E cnss-daemon: Failed to get sock name Socket operation on non-socket
03-16 12:15:42.208  1024  1024 E cnss-daemon: Failed to get sock name Socket operation on non-socket
03-16 12:15:42.212  1024  1024 E cnss-daemon: Failed to get sock name Socket operation on non-socket
03-16 12:15:42.216  1024  1024 E cnss-daemon: Failed to get sock name Socket operation on non-socket
03-16 12:15:42.219  1024  1024 E cnss-daemon: Failed to get sock name Socket operation on non-socket
03-16 12:15:42.223  1024  1024 E cnss-daemon: Failed to get sock name Socket operation on non-socket
03-16 12:15:42.226  1024  1024 E cnss-daemon: Failed to get sock name Socket operation on non-socket
03-16 12:15:42.230  1024  1024 E cnss-daemon: Failed to get sock name Socket operation on non-socket
03-16 12:15:42.234  1024  1024 E cnss-daemon: Failed to get sock name Socket operation on non-socket
03-16 12:15:42.237  1024  1024 E cnss-daemon: Failed to get sock name Socket operation on non-socket
03-16 12:15:42.241  1024  1024 E cnss-daemon: Failed to get sock name Socket operation on non-socket
03-16 12:15:42.245  1024  1024 E cnss-daemon: Failed to get sock name Socket operation on non-socket
03-16 12:15:42.248  1024  1024 E cnss-daemon: Failed to get sock name Socket operation on non-socket
03-16 12:15:42.252  1024  1024 E cnss-daemon: Failed to get sock name Socket operation on non-socket
03-16 12:15:42.256  1024  1024 E cnss-daemon: Failed to get sock name Socket operation on non-socket
03-16 12:15:42.259  1024  1024 E cnss-daemon: Failed to get sock name Socket operation on non-socket
03-16 12:15:42.263  1024  1024 E cnss-daemon: Failed to get sock name Socket operation on non-socket
03-16 12:15:42.267  1024  1024 E cnss-daemon: Failed to get sock name Socket operation on non-socket
03-16 12:15:42.271  1024  1024 E cnss-daemon: Failed to get sock name Socket operation on non-socket
03-16 12:15:42.274  1024  1024 E cnss-daemon: Failed to get sock name Socket operation on non-socket
03-16 12:15:42.278  1024  1024 E cnss-daemon: Failed to get sock name Socket operation on non-socket
03-16 12:15:42.282  1024  1024 E cnss-daemon: Failed to get sock name Socket operation on non-socket
03-16 12:15:42.286  1024  1024 E cnss-daemon: Failed to get sock name Socket operation on non-socket
03-16 12:15:42.289  1024  1024 E cnss-daemon: Failed to get sock name Socket operation on non-socket
03-16 12:15:42.292  1024  1024 E cnss-daemon: Failed to get sock name Socket operation on non-socket
03-16 12:15:42.292  1883  1883 W NotificationHistory: Attempted to add notif for locked/gone/disabled user 0
03-16 12:15:42.296  1024  1024 E cnss-daemon: Failed to get sock name Socket operation on non-socket
03-16 12:15:42.297  9369  9369 I Launcher.NotificationListener: onNotificationPosted : com.android.systemui number : 0
03-16 12:15:42.299  8236  8236 D InterruptionStateProvider: No bubble up: not allowed to bubble: -1|com.android.systemui|2131362956|charging_state|10064
03-16 12:15:42.300  1024  1024 E cnss-daemon: Failed to get sock name Socket operation on non-socket
03-16 12:15:42.301  8236  8236 D InterruptionStateProvider:  no Heads up : edgelighting enabled app. -1|com.android.systemui|2131362956|charging_state|10064
03-16 12:15:42.301 14427 14427 I info    : java.lang.NullPointerException: Attempt to get length of null array 
03-16 12:15:42.303  1024  1024 E cnss-daemon: Failed to get sock name Socket operation on non-socket
03-16 12:15:42.307  1024  1024 E cnss-daemon: Failed to get sock name Socket operation on non-socket
03-16 12:15:42.310  1024  1024 E cnss-daemon: Failed to get sock name Socket operation on non-socket
03-16 12:15:42.313  1024  1024 E cnss-daemon: Failed to get sock name Socket operation on non-socket
03-16 12:15:42.317  1024  1024 E cnss-daemon: Failed to get sock name Socket operation on non-socket
03-16 12:15:42.320  1024  1024 E cnss-daemon: Failed to get sock name Socket operation on non-socket
03-16 12:15:42.324  1024  1024 E cnss-daemon: Failed to get sock name Socket operation on non-socket
03-16 12:15:42.328  1024  1024 E cnss-daemon: Failed to get sock name Socket operation on non-socket
03-16 12:15:42.331  1024  1024 E cnss-daemon: Failed to get sock name Socket operation on non-socket
03-16 12:15:42.335  1024  1024 E cnss-daemon: Failed to get sock name Socket operation on non-socket
03-16 12:15:42.339  1024  1024 E cnss-daemon: Failed to get sock name Socket operation on non-socket
03-16 12:15:42.342  1024  1024 E cnss-daemon: Failed to get sock name Socket operation on non-socket
03-16 12:15:42.346  1024  1024 E cnss-daemon: Failed to get sock name Socket operation on non-socket
03-16 12:15:42.350  1024  1024 E cnss-daemon: Failed to get sock name Socket operation on non-socket
03-16 12:15:42.354  1024  1024 E cnss-daemon: Failed to get sock name Socket operation on non-socket
03-16 12:15:42.358  1024  1024 E cnss-daemon: Failed to get sock name Socket operation on non-socket
03-16 12:15:42.359  8236  8236 E ExpandableNotifRow: onNotificationUpdated() NSSL is null..
03-16 12:15:42.361  1024  1024 E cnss-daemon: Failed to get sock name Socket operation on non-socket
03-16 12:15:42.363  8236  8236 D FaceWidgetNotificationManager: updateFaceWidgetMusicNotificationKey() return : mFaceWidgetMusicNotificationKey is empty
03-16 12:15:42.365  1024  1024 E cnss-daemon: Failed to get sock name Socket operation on non-socket
03-16 12:15:42.369  1024  1024 E cnss-daemon: Failed to get sock name Socket operation on non-socket
03-16 12:15:42.372  1024  1024 E cnss-daemon: Failed to get sock name Socket operation on non-socket
03-16 12:15:42.376  1024  1024 E cnss-daemon: Failed to get sock name Socket operation on non-socket
03-16 12:15:42.379  1024  1024 E cnss-daemon: Failed to get sock name Socket operation on non-socket
03-16 12:15:42.383  1024  1024 E cnss-daemon: Failed to get sock name Socket operation on non-socket
03-16 12:15:42.387  1024  1024 E cnss-daemon: Failed to get sock name Socket operation on non-socket
03-16 12:15:42.391  1024  1024 E cnss-daemon: Failed to get sock name Socket operation on non-socket
03-16 12:15:42.395  1024  1024 E cnss-daemon: Failed to get sock name Socket operation on non-socket
03-16 12:15:42.398  1024  1024 E cnss-daemon: Failed to get sock name Socket operation on non-socket
03-16 12:15:42.402  1024  1024 E cnss-daemon: Failed to get sock name Socket operation on non-socket
03-16 12:15:42.405  1024  1024 E cnss-daemon: Failed to get sock name Socket operation on non-socket
03-16 12:15:42.409  1024  1024 E cnss-daemon: Failed to get sock name Socket operation on non-socket
03-16 12:15:42.413  1024  1024 E cnss-daemon: Failed to get sock name Socket operation on non-socket
03-16 12:15:42.416  1024  1024 E cnss-daemon: Failed to get sock name Socket operation on non-socket
03-16 12:15:42.420  1024  1024 E cnss-daemon: Failed to get sock name Socket operation on non-socket
03-16 12:15:42.423  1024  1024 E cnss-daemon: Failed to get sock name Socket operation on non-socket
03-16 12:15:42.427  1024  1024 E cnss-daemon: Failed to get sock name Socket operation on non-socket
03-16 12:15:42.430  1024  1024 E cnss-daemon: Failed to get sock name Socket operation on non-socket
03-16 12:15:42.434  1024  1024 E cnss-daemon: Failed to get sock name Socket operation on non-socket
03-16 12:15:42.438  1024  1024 E cnss-daemon: Failed to get sock name Socket operation on non-socket
03-16 12:15:42.441  1024  1024 E cnss-daemon: Failed to get sock name Socket operation on non-socket
03-16 12:15:42.445  1024  1024 E cnss-daemon: Failed to get sock name Socket operation on non-socket
03-16 12:15:42.449  1024  1024 E cnss-daemon: Failed to get sock name Socket operation on non-socket
03-16 12:15:42.453  1024  1024 E cnss-daemon: Failed to get sock name Socket operation on non-socket
03-16 12:15:42.457  1024  1024 E cnss-daemon: Failed to get sock name Socket operation on non-socket
03-16 12:15:42.460  1024  1024 E cnss-daemon: Failed to get sock name Socket operation on non-socket
03-16 12:15:42.464  1024  1024 E cnss-daemon: Failed to get sock name Socket operation on non-socket
03-16 12:15:42.468  1024  1024 E cnss-daemon: Failed to get sock name Socket operation on non-socket
03-16 12:15:42.471  1024  1024 E cnss-daemon: Failed to get sock name Socket operation on non-socket
03-16 12:15:42.476  1024  1024 E cnss-daemon: Failed to get sock name Socket operation on non-socket
03-16 12:15:42.479  1024  1024 E cnss-daemon: Failed to get sock name Socket operation on non-socket
03-16 12:15:42.483  1024  1024 E cnss-daemon: Failed to get sock name Socket operation on non-socket
03-16 12:15:42.487  1024  1024 E cnss-daemon: Failed to get sock name Socket operation on non-socket
03-16 12:15:42.491  1024  1024 E cnss-daemon: Failed to get sock name Socket operation on non-socket
03-16 12:15:42.495  1024  1024 E cnss-daemon: Failed to get sock name Socket operation on non-socket
03-16 12:15:42.498  1024  1024 E cnss-daemon: Failed to get sock name Socket operation on non-socket
03-16 12:15:42.502  1024  1024 E cnss-daemon: Failed to get sock name Socket operation on non-socket
03-16 12:15:42.506  1024  1024 E cnss-daemon: Failed to get sock name Socket operation on non-socket
03-16 12:15:42.510  1024  1024 E cnss-daemon: Failed to get sock name Socket operation on non-socket
03-16 12:15:42.514  1024  1024 E cnss-daemon: Failed to get sock name Socket operation on non-socket
03-16 12:15:42.518  1024  1024 E cnss-daemon: Failed to get sock name Socket operation on non-socket
03-16 12:15:42.521  1024  1024 E cnss-daemon: Failed to get sock name Socket operation on non-socket
03-16 12:15:42.525  1024  1024 E cnss-daemon: Failed to get sock name Socket operation on non-socket
03-16 12:15:42.529  1024  1024 E cnss-daemon: Failed to get sock name Socket operation on non-socket
03-16 12:15:42.533  1024  1024 E cnss-daemon: Failed to get sock name Socket operation on non-socket
03-16 12:15:42.537  1024  1024 E cnss-daemon: Failed to get sock name Socket operation on non-socket
03-16 12:15:42.541  1024  1024 E cnss-daemon: Failed to get sock name Socket operation on non-socket
03-16 12:15:42.545  1024  1024 E cnss-daemon: Failed to get sock name Socket operation on non-socket
03-16 12:15:42.548  1024  1024 E cnss-daemon: Failed to get sock name Socket operation on non-socket
03-16 12:15:42.552  1024  1024 E cnss-daemon: Failed to get sock name Socket operation on non-socket
03-16 12:15:42.556  1024  1024 E cnss-daemon: Failed to get sock name Socket operation on non-socket
03-16 12:15:42.560  1024  1024 E cnss-daemon: Failed to get sock name Socket operation on non-socket
03-16 12:15:42.564  1024  1024 E cnss-daemon: Failed to get sock name Socket operation on non-socket
03-16 12:15:42.568  1024  1024 E cnss-daemon: Failed to get sock name Socket operation on non-socket
03-16 12:15:42.571  1024  1024 E cnss-daemon: Failed to get sock name Socket operation on non-socket
03-16 12:15:42.575  1024  1024 E cnss-daemon: Failed to get sock name Socket operation on non-socket
03-16 12:15:42.578  1024  1024 E cnss-daemon: Failed to get sock name Socket operation on non-socket
03-16 12:15:42.582  1024  1024 E cnss-daemon: Failed to get sock name Socket operation on non-socket
03-16 12:15:42.586  1024  1024 E cnss-daemon: Failed to get sock name Socket operation on non-socket
03-16 12:15:42.589  1024  1024 E cnss-daemon: Failed to get sock name Socket operation on non-socket
03-16 12:15:42.593  1024  1024 E cnss-daemon: Failed to get sock name Socket operation on non-socket
03-16 12:15:42.597  1024  1024 E cnss-daemon: Failed to get sock name Socket operation on non-socket
03-16 12:15:42.601  1024  1024 E cnss-daemon: Failed to get sock name Socket operation on non-socket
03-16 12:15:42.605  1024  1024 E cnss-daemon: Failed to get sock name Socket operation on non-socket
03-16 12:15:42.608  1024  1024 E cnss-daemon: Failed to get sock name Socket operation on non-socket
03-16 12:15:42.612  1024  1024 E cnss-daemon: Failed to get sock name Socket operation on non-socket
03-16 12:15:42.616  1024  1024 E cnss-daemon: Failed to get sock name Socket operation on non-socket
03-16 12:15:42.620  1024  1024 E cnss-daemon: Failed to get sock name Socket operation on non-socket
03-16 12:15:42.623  1024  1024 E cnss-daemon: Failed to get sock name Socket operation on non-socket
03-16 12:15:42.627  1024  1024 E cnss-daemon: Failed to get sock name Socket operation on non-socket
03-16 12:15:42.631  1024  1024 E cnss-daemon: Failed to get sock name Socket operation on non-socket
03-16 12:15:42.634  1024  1024 E cnss-daemon: Failed to get sock name Socket operation on non-socket
03-16 12:15:42.638  1024  1024 E cnss-daemon: Failed to get sock name Socket operation on non-socket
03-16 12:15:42.642  1024  1024 E cnss-daemon: Failed to get sock name Socket operation on non-socket
03-16 12:15:42.646  1024  1024 E cnss-daemon: Failed to get sock name Socket operation on non-socket
03-16 12:15:42.650  1024  1024 E cnss-daemon: Failed to get sock name Socket operation on non-socket
03-16 12:15:42.653  1024  1024 E cnss-daemon: Failed to get sock name Socket operation on non-socket
03-16 12:15:42.657  1024  1024 E cnss-daemon: Failed to get sock name Socket operation on non-socket
03-16 12:15:42.661  1024  1024 E cnss-daemon: Failed to get sock name Socket operation on non-socket
03-16 12:15:42.665  1024  1024 E cnss-daemon: Failed to get sock name Socket operation on non-socket
03-16 12:15:42.669  1024  1024 E cnss-daemon: Failed to get sock name Socket operation on non-socket
03-16 12:15:42.673  1024  1024 E cnss-daemon: Failed to get sock name Socket operation on non-socket
03-16 12:15:42.677  1024  1024 E cnss-daemon: Failed to get sock name Socket operation on non-socket
03-16 12:15:42.681  1024  1024 E cnss-daemon: Failed to get sock name Socket operation on non-socket
03-16 12:15:42.684  1024  1024 E cnss-daemon: Failed to get sock name Socket operation on non-socket
03-16 12:15:42.688  1024  1024 E cnss-daemon: Failed to get sock name Socket operation on non-socket
03-16 12:15:42.692  1024  1024 E cnss-daemon: Failed to get sock name Socket operation on non-socket
03-16 12:15:42.696  1024  1024 E cnss-daemon: Failed to get sock name Socket operation on non-socket
03-16 12:15:42.699  1024  1024 E cnss-daemon: Failed to get sock name Socket operation on non-socket
03-16 12:15:42.703  1024  1024 E cnss-daemon: Failed to get sock name Socket operation on non-socket
03-16 12:15:42.707  1024  1024 E cnss-daemon: Failed to get sock name Socket operation on non-socket
03-16 12:15:42.710  1024  1024 E cnss-daemon: Failed to get sock name Socket operation on non-socket
03-16 12:15:42.713  1024  1024 E cnss-daemon: Failed to get sock name Socket operation on non-socket
03-16 12:15:42.716  1024  1024 E cnss-daemon: Failed to get sock name Socket operation on non-socket
03-16 12:15:42.720  1024  1024 E cnss-daemon: Failed to get sock name Socket operation on non-socket
03-16 12:15:42.723  1024  1024 E cnss-daemon: Failed to get sock name Socket operation on non-socket
03-16 12:15:42.727  1024  1024 E cnss-daemon: Failed to get sock name Socket operation on non-socket
03-16 12:15:42.731  1024  1024 E cnss-daemon: Failed to get sock name Socket operation on non-socket
03-16 12:15:42.735  1024  1024 E cnss-daemon: Failed to get sock name Socket operation on non-socket
03-16 12:15:42.738  1024  1024 E cnss-daemon: Failed to get sock name Socket operation on non-socket
03-16 12:15:42.742  1024  1024 E cnss-daemon: Failed to get sock name Socket operation on non-socket
03-16 12:15:42.746  1024  1024 E cnss-daemon: Failed to get sock name Socket operation on non-socket
03-16 12:15:42.749  1024  1024 E cnss-daemon: Failed to get sock name Socket operation on non-socket
03-16 12:15:42.753  1024  1024 E cnss-daemon: Failed to get sock name Socket operation on non-socket
03-16 12:15:42.757  1024  1024 E cnss-daemon: Failed to get sock name Socket operation on non-socket
03-16 12:15:42.761  1024  1024 E cnss-daemon: Failed to get sock name Socket operation on non-socket
03-16 12:15:42.764  1024  1024 E cnss-daemon: Failed to get sock name Socket operation on non-socket
03-16 12:15:42.768  1024  1024 E cnss-daemon: Failed to get sock name Socket operation on non-socket
03-16 12:15:42.772  1024  1024 E cnss-daemon: Failed to get sock name Socket operation on non-socket
03-16 12:15:42.776  1024  1024 E cnss-daemon: Failed to get sock name Socket operation on non-socket
03-16 12:15:42.779  1024  1024 E cnss-daemon: Failed to get sock name Socket operation on non-socket
03-16 12:15:42.783  1024  1024 E cnss-daemon: Failed to get sock name Socket operation on non-socket
03-16 12:15:42.787  1024  1024 E cnss-daemon: Failed to get sock name Socket operation on non-socket
03-16 12:15:42.790  1024  1024 E cnss-daemon: Failed to get sock name Socket operation on non-socket
03-16 12:15:42.795  1024  1024 E cnss-daemon: Failed to get sock name Socket operation on non-socket
03-16 12:15:42.798  1024  1024 E cnss-daemon: Failed to get sock name Socket operation on non-socket
03-16 12:15:42.802  1024  1024 E cnss-daemon: Failed to get sock name Socket operation on non-socket
03-16 12:15:42.806  1024  1024 E cnss-daemon: Failed to get sock name Socket operation on non-socket
03-16 12:15:42.810  1024  1024 E cnss-daemon: Failed to get sock name Socket operation on non-socket
03-16 12:15:42.814  1024  1024 E cnss-daemon: Failed to get sock name Socket operation on non-socket
03-16 12:15:42.818  1024  1024 E cnss-daemon: Failed to get sock name Socket operation on non-socket
03-16 12:15:42.822  1024  1024 E cnss-daemon: Failed to get sock name Socket operation on non-socket
03-16 12:15:42.826  1024  1024 E cnss-daemon: Failed to get sock name Socket operation on non-socket
03-16 12:15:42.829  1024  1024 E cnss-daemon: Failed to get sock name Socket operation on non-socket
03-16 12:15:42.833  1024  1024 E cnss-daemon: Failed to get sock name Socket operation on non-socket
03-16 12:15:42.837  1024  1024 E cnss-daemon: Failed to get sock name Socket operation on non-socket
03-16 12:15:42.841  1024  1024 E cnss-daemon: Failed to get sock name Socket operation on non-socket
03-16 12:15:42.845  1024  1024 E cnss-daemon: Failed to get sock name Socket operation on non-socket
03-16 12:15:42.848  1024  1024 E cnss-daemon: Failed to get sock name Socket operation on non-socket
03-16 12:15:42.852  1024  1024 E cnss-daemon: Failed to get sock name Socket operation on non-socket
03-16 12:15:42.857  1024  1024 E cnss-daemon: Failed to get sock name Socket operation on non-socket
03-16 12:15:42.860  1024  1024 E cnss-daemon: Failed to get sock name Socket operation on non-socket
03-16 12:15:42.864  1024  1024 E cnss-daemon: Failed to get sock name Socket operation on non-socket
03-16 12:15:42.868  1024  1024 E cnss-daemon: Failed to get sock name Socket operation on non-socket
03-16 12:15:42.872  1024  1024 E cnss-daemon: Failed to get sock name Socket operation on non-socket
03-16 12:15:42.876  1024  1024 E cnss-daemon: Failed to get sock name Socket operation on non-socket
03-16 12:15:42.880  1024  1024 E cnss-daemon: Failed to get sock name Socket operation on non-socket
03-16 12:15:42.886  1024  1024 E cnss-daemon: Failed to get sock name Socket operation on non-socket
03-16 12:15:42.890  1024  1024 E cnss-daemon: Failed to get sock name Socket operation on non-socket
03-16 12:15:42.894  1024  1024 E cnss-daemon: Failed to get sock name Socket operation on non-socket
03-16 12:15:42.898  1024  1024 E cnss-daemon: Failed to get sock name Socket operation on non-socket
03-16 12:15:42.903  1024  1024 E cnss-daemon: Failed to get sock name Socket operation on non-socket
03-16 12:15:42.908  1024  1024 E cnss-daemon: Failed to get sock name Socket operation on non-socket
03-16 12:15:42.913  1024  1024 E cnss-daemon: Failed to get sock name Socket operation on non-socket
03-16 12:15:42.917  1024  1024 E cnss-daemon: Failed to get sock name Socket operation on non-socket
03-16 12:15:42.921  1024  1024 E cnss-daemon: Failed to get sock name Socket operation on non-socket
03-16 12:15:42.926  1024  1024 E cnss-daemon: Failed to get sock name Socket operation on non-socket
03-16 12:15:42.931  1024  1024 E cnss-daemon: Failed to get sock name Socket operation on non-socket
03-16 12:15:42.935  1024  1024 E cnss-daemon: Failed to get sock name Socket operation on non-socket
03-16 12:15:42.940  1024  1024 E cnss-daemon: Failed to get sock name Socket operation on non-socket
03-16 12:15:42.946  1024  1024 E cnss-daemon: Failed to get sock name Socket operation on non-socket
03-16 12:15:42.950  1024  1024 E cnss-daemon: Failed to get sock name Socket operation on non-socket
03-16 12:15:42.955  1024  1024 E cnss-daemon: Failed to get sock name Socket operation on non-socket
03-16 12:15:42.959  1024  1024 E cnss-daemon: Failed to get sock name Socket operation on non-socket
03-16 12:15:42.964  1024  1024 E cnss-daemon: Failed to get sock name Socket operation on non-socket
03-16 12:15:42.969  1024  1024 E cnss-daemon: Failed to get sock name Socket operation on non-socket
03-16 12:15:42.975  1024  1024 E cnss-daemon: Failed to get sock name Socket operation on non-socket
03-16 12:15:42.979  1024  1024 E cnss-daemon: Failed to get sock name Socket operation on non-socket
03-16 12:15:42.984  1024  1024 E cnss-daemon: Failed to get sock name Socket operation on non-socket
03-16 12:15:42.989  1024  1024 E cnss-daemon: Failed to get sock name Socket operation on non-socket
03-16 12:15:42.994  1024  1024 E cnss-daemon: Failed to get sock name Socket operation on non-socket
03-16 12:15:43.000  1024  1024 E cnss-daemon: Failed to get sock name Socket operation on non-socket
03-16 12:15:43.005  1024  1024 E cnss-daemon: Failed to get sock name Socket operation on non-socket
03-16 12:15:43.011  1024  1024 E cnss-daemon: Failed to get sock name Socket operation on non-socket
03-16 12:15:43.017  1024  1024 E cnss-daemon: Failed to get sock name Socket operation on non-socket
03-16 12:15:43.023  1024  1024 E cnss-daemon: Failed to get sock name Socket operation on non-socket
03-16 12:15:43.031  1024  1024 E cnss-daemon: Failed to get sock name Socket operation on non-socket
03-16 12:15:43.040  1024  1024 E cnss-daemon: Failed to get sock name Socket operation on non-socket
03-16 12:15:43.047  1024  1024 E cnss-daemon: Failed to get sock name Socket operation on non-socket
03-16 12:15:43.053  1024  1024 E cnss-daemon: Failed to get sock name Socket operation on non-socket
03-16 12:15:43.057   577   577 E audit   : type=1400 audit(1773634543.052:17511701): avc:  denied  { execute_no_trans } for  pid=1816 comm="cnss-daemon" path="/vendor/bin/sh" dev="dm-2" ino=293 scontext=u:r:wcnss_service:s0 tcontext=u:object_r:vendor_shell_exec:s0 tclass=file permissive=0 SEPF_SM-A207F_11_0004 audit_filtered
03-16 12:15:43.058  1024  1024 E cnss-daemon: Failed to get sock name Socket operation on non-socket
03-16 12:15:43.061   577   577 E audit   : type=1400 audit(1773634543.052:17511702): avc:  denied  { execute_no_trans } for  pid=1817 comm="cnss-daemon" path="/vendor/bin/sh" dev="dm-2" ino=293 scontext=u:r:wcnss_service:s0 tcontext=u:object_r:vendor_shell_exec:s0 tclass=file permissive=0 SEPF_SM-A207F_11_0004 audit_filtered
03-16 12:15:43.062  1024  1024 E cnss-daemon: Failed to get sock name Socket operation on non-socket
03-16 12:15:43.066   577   577 E audit   : type=1400 audit(1773634543.062:17511703): avc:  denied  { execute_no_trans } for  pid=1818 comm="cnss-daemon" path="/vendor/bin/sh" dev="dm-2" ino=293 scontext=u:r:wcnss_service:s0 tcontext=u:object_r:vendor_shell_exec:s0 tclass=file permissive=0 SEPF_SM-A207F_11_0004 audit_filtered
03-16 12:15:43.067  1024  1024 E cnss-daemon: Failed to get sock name Socket operation on non-socket
03-16 12:15:43.070   577   577 E audit   : type=1400 audit(1773634543.062:17511704): avc:  denied  { execute_no_trans } for  pid=1819 comm="cnss-daemon" path="/vendor/bin/sh" dev="dm-2" ino=293 scontext=u:r:wcnss_service:s0 tcontext=u:object_r:vendor_shell_exec:s0 tclass=file permissive=0 SEPF_SM-A207F_11_0004 audit_filtered
03-16 12:15:43.072  1024  1024 E cnss-daemon: Failed to get sock name Socket operation on non-socket
03-16 12:15:43.075   577   577 E audit   : type=1400 audit(1773634543.072:17511705): avc:  denied  { execute_no_trans } for  pid=1820 comm="cnss-daemon" path="/vendor/bin/sh" dev="dm-2" ino=293 scontext=u:r:wcnss_service:s0 tcontext=u:object_r:vendor_shell_exec:s0 tclass=file permissive=0 SEPF_SM-A207F_11_0004 audit_filtered
03-16 12:15:43.076  1024  1024 E cnss-daemon: Failed to get sock name Socket operation on non-socket
03-16 12:15:43.080  1024  1024 E cnss-daemon: Failed to get sock name Socket operation on non-socket
03-16 12:15:43.084  1024  1024 E cnss-daemon: Failed to get sock name Socket operation on non-socket
03-16 12:15:43.088  1024  1024 E cnss-daemon: Failed to get sock name Socket operation on non-socket
03-16 12:15:43.092  1024  1024 E cnss-daemon: Failed to get sock name Socket operation on non-socket
03-16 12:15:43.097  1024  1024 E cnss-daemon: Failed to get sock name Socket operation on non-socket
03-16 12:15:43.101  1024  1024 E cnss-daemon: Failed to get sock name Socket operation on non-socket
03-16 12:15:43.105  1024  1024 E cnss-daemon: Failed to get sock name Socket operation on non-socket
03-16 12:15:43.110  1024  1024 E cnss-daemon: Failed to get sock name Socket operation on non-socket
03-16 12:15:43.114  1024  1024 E cnss-daemon: Failed to get sock name Socket operation on non-socket
03-16 12:15:43.118  1024  1024 E cnss-daemon: Failed to get sock name Socket operation on non-socket
03-16 12:15:43.122  1024  1024 E cnss-daemon: Failed to get sock name Socket operation on non-socket
03-16 12:15:43.126  1024  1024 E cnss-daemon: Failed to get sock name Socket operation on non-socket
03-16 12:15:43.130  1024  1024 E cnss-daemon: Failed to get sock name Socket operation on non-socket
03-16 12:15:43.134  1024  1024 E cnss-daemon: Failed to get sock name Socket operation on non-socket
03-16 12:15:43.138  1024  1024 E cnss-daemon: Failed to get sock name Socket operation on non-socket
03-16 12:15:43.142  1024  1024 E cnss-daemon: Failed to get sock name Socket operation on non-socket
03-16 12:15:43.146  1024  1024 E cnss-daemon: Failed to get sock name Socket operation on non-socket
03-16 12:15:43.150  1024  1024 E cnss-daemon: Failed to get sock name Socket operation on non-socket
03-16 12:15:43.155  1024  1024 E cnss-daemon: Failed to get sock name Socket operation on non-socket
03-16 12:15:43.160  1024  1024 E cnss-daemon: Failed to get sock name Socket operation on non-socket
03-16 12:15:43.166  1024  1024 E cnss-daemon: Failed to get sock name Socket operation on non-socket
03-16 12:15:43.171  1024  1024 E cnss-daemon: Failed to get sock name Socket operation on non-socket
03-16 12:15:43.177  1024  1024 E cnss-daemon: Failed to get sock name Socket operation on non-socket
03-16 12:15:43.183  1024  1024 E cnss-daemon: Failed to get sock name Socket operation on non-socket
03-16 12:15:43.189  1024  1024 E cnss-daemon: Failed to get sock name Socket operation on non-socket
03-16 12:15:43.195  1024  1024 E cnss-daemon: Failed to get sock name Socket operation on non-socket
03-16 12:15:43.200  1024  1024 E cnss-daemon: Failed to get sock name Socket operation on non-socket
03-16 12:15:43.204  1024  1024 E cnss-daemon: Failed to get sock name Socket operation on non-socket
03-16 12:15:43.208  1024  1024 E cnss-daemon: Failed to get sock name Socket operation on non-socket
03-16 12:15:43.212  1024  1024 E cnss-daemon: Failed to get sock name Socket operation on non-socket
03-16 12:15:43.217  1024  1024 E cnss-daemon: Failed to get sock name Socket operation on non-socket
03-16 12:15:43.221  1024  1024 E cnss-daemon: Failed to get sock name Socket operation on non-socket
03-16 12:15:43.225  1024  1024 E cnss-daemon: Failed to get sock name Socket operation on non-socket
03-16 12:15:43.230  1024  1024 E cnss-daemon: Failed to get sock name Socket operation on non-socket
03-16 12:15:43.234  1024  1024 E cnss-daemon: Failed to get sock name Socket operation on non-socket
03-16 12:15:43.238  1024  1024 E cnss-daemon: Failed to get sock name Socket operation on non-socket
03-16 12:15:43.242  1024  1024 E cnss-daemon: Failed to get sock name Socket operation on non-socket
03-16 12:15:43.247  1024  1024 E cnss-daemon: Failed to get sock name Socket operation on non-socket
03-16 12:15:43.251  1024  1024 E cnss-daemon: Failed to get sock name Socket operation on non-socket
03-16 12:15:43.255  1024  1024 E cnss-daemon: Failed to get sock name Socket operation on non-socket
03-16 12:15:43.259  1024  1024 E cnss-daemon: Failed to get sock name Socket operation on non-socket
03-16 12:15:43.264  1024  1024 E cnss-daemon: Failed to get sock name Socket operation on non-socket
03-16 12:15:43.269  1024  1024 E cnss-daemon: Failed to get sock name Socket operation on non-socket
03-16 12:15:43.273  1024  1024 E cnss-daemon: Failed to get sock name Socket operation on non-socket
03-16 12:15:43.278  1024  1024 E cnss-daemon: Failed to get sock name Socket operation on non-socket
03-16 12:15:43.282  1024  1024 E cnss-daemon: Failed to get sock name Socket operation on non-socket
03-16 12:15:43.288  1024  1024 E cnss-daemon: Failed to get sock name Socket operation on non-socket
03-16 12:15:43.293  1024  1024 E cnss-daemon: Failed to get sock name Socket operation on non-socket
03-16 12:15:43.297  1024  1024 E cnss-daemon: Failed to get sock name Socket operation on non-socket
03-16 12:15:43.302  1024  1024 E cnss-daemon: Failed to get sock name Socket operation on non-socket
03-16 12:15:43.308  1024  1024 E cnss-daemon: Failed to get sock name Socket operation on non-socket
03-16 12:15:43.313  1024  1024 E cnss-daemon: Failed to get sock name Socket operation on non-socket
03-16 12:15:43.320  1024  1024 E cnss-daemon: Failed to get sock name Socket operation on non-socket
03-16 12:15:43.326  1024  1024 E cnss-daemon: Failed to get sock name Socket operation on non-socket
03-16 12:15:43.332  1024  1024 E cnss-daemon: Failed to get sock name Socket operation on non-socket
03-16 12:15:43.339  1024  1024 E cnss-daemon: Failed to get sock name Socket operation on non-socket
03-16 12:15:43.345  1024  1024 E cnss-daemon: Failed to get sock name Socket operation on non-socket
03-16 12:15:43.351  1024  1024 E cnss-daemon: Failed to get sock name Socket operation on non-socket
03-16 12:15:43.357  1024  1024 E cnss-daemon: Failed to get sock name Socket operation on non-socket
03-16 12:15:43.364  1024  1024 E cnss-daemon: Failed to get sock name Socket operation on non-socket
03-16 12:15:43.370  1024  1024 E cnss-daemon: Failed to get sock name Socket operation on non-socket
03-16 12:15:43.377  1024  1024 E cnss-daemon: Failed to get sock name Socket operation on non-socket
03-16 12:15:43.383  1024  1024 E cnss-daemon: Failed to get sock name Socket operation on non-socket
03-16 12:15:43.389  1024  1024 E cnss-daemon: Failed to get sock name Socket operation on non-socket
03-16 12:15:43.395  1024  1024 E cnss-daemon: Failed to get sock name Socket operation on non-socket
03-16 12:15:43.401  1024  1024 E cnss-daemon: Failed to get sock name Socket operation on non-socket
03-16 12:15:43.407  1024  1024 E cnss-daemon: Failed to get sock name Socket operation on non-socket
03-16 12:15:43.414  1024  1024 E cnss-daemon: Failed to get sock name Socket operation on non-socket
03-16 12:15:43.420  1024  1024 E cnss-daemon: Failed to get sock name Socket operation on non-socket
03-16 12:15:43.426  1024  1024 E cnss-daemon: Failed to get sock name Socket operation on non-socket
03-16 12:15:43.430  1024  1024 E cnss-daemon: Failed to get sock name Socket operation on non-socket
03-16 12:15:43.434  1024  1024 E cnss-daemon: Failed to get sock name Socket operation on non-socket
03-16 12:15:43.438  1024  1024 E cnss-daemon: Failed to get sock name Socket operation on non-socket
03-16 12:15:43.442  1024  1024 E cnss-daemon: Failed to get sock name Socket operation on non-socket
03-16 12:15:43.446  1024  1024 E cnss-daemon: Failed to get sock name Socket operation on non-socket
03-16 12:15:43.451  1024  1024 E cnss-daemon: Failed to get sock name Socket operation on non-socket
03-16 12:15:43.455  1024  1024 E cnss-daemon: Failed to get sock name Socket operation on non-socket
03-16 12:15:43.459  1024  1024 E cnss-daemon: Failed to get sock name Socket operation on non-socket
03-16 12:15:43.463  1024  1024 E cnss-daemon: Failed to get sock name Socket operation on non-socket
03-16 12:15:43.467  1024  1024 E cnss-daemon: Failed to get sock name Socket operation on non-socket
03-16 12:15:43.471  1024  1024 E cnss-daemon: Failed to get sock name Socket operation on non-socket
03-16 12:15:43.475  1024  1024 E cnss-daemon: Failed to get sock name Socket operation on non-socket
03-16 12:15:43.478  1024  1024 E cnss-daemon: Failed to get sock name Socket operation on non-socket
03-16 12:15:43.482  1024  1024 E cnss-daemon: Failed to get sock name Socket operation on non-socket
03-16 12:15:43.486  1024  1024 E cnss-daemon: Failed to get sock name Socket operation on non-socket
03-16 12:15:43.490  1024  1024 E cnss-daemon: Failed to get sock name Socket operation on non-socket
03-16 12:15:43.495  1024  1024 E cnss-daemon: Failed to get sock name Socket operation on non-socket
03-16 12:15:43.498  1024  1024 E cnss-daemon: Failed to get sock name Socket operation on non-socket
03-16 12:15:43.500 26095 26460 I ContactsProvider_EventLog: contents_sample_state: [CONTACT contacts(2319) data(24345) accounts({com.whatsapp.w4b (151)=1293, com.google (205)=25, com.google (7)=2124, com.whatsapp (308)=1293, com.google.android.apps.tachyon (8)=11, vnd.sec.contact.sim (3)=118}) accounts deleted({}) in_trash(in_trash(0), in_trash_for_sync(0)) calls([logtype:100 cnt:18, logtype:300 cnt:500, logtype:1000 cnt:79]) countryIso(ID) userId(0)  ]
03-16 12:15:43.500 26095 26460 I ContactsProvider_EventLog: contents_sample_state: [ agr({[7 ,7 ,151]=1, [7 ,7 ,151 ,308]=4, [7 ,7 ,7 ,151]=1, [308]=48, [205 ,8]=1, [7 ,151 ,308]=1108, [7 ,308 ,151 ,8]=1, [7 ,3]=13, [151 ,205 ,308]=1, [7 ,7]=3, [151]=46, [7 ,151 ,151 ,308 ,308]=4, [7 ,7 ,7 ,151 ,308]=1, [151 ,308 ,3]=29, [205 ,151 ,308]=13, [7]=891, [151 ,308]=5, [3]=43, [7 ,308 ,151]=14, [7 ,151]=20, [151 ,308 ,8]=1, [7 ,308]=20, [205 ,7]=1, [7 ,151 ,308 ,8]=7, [7 ,151 ,308 ,3]=22, [7 ,8]=1, [205]=9, [308 ,151 ,3]=11})  ]
03-16 12:15:43.500 26095 26460 I ContactsProvider_EventLog: contents_sample_state: [ actCnt({android.process.acore(26095)=1})  ]
03-16 12:15:43.500 26095 26460 I ContactsProvider_EventLog: contents_sample_state: [PROFILE contacts(0) data(0) accounts({})  ] [SAPROFILE contacts(1) data(1) accounts({vnd.sec.contact.phone (1)=1})  ]
03-16 12:15:43.500 26095 26460 I ContactsProvider_EventLog: contents_sample_state: [STORAGE Contacts(CE) Profile(CE) SAProfile(CE) CallLog(CE)  ]
03-16 12:15:43.502  1024  1024 E cnss-daemon: Failed to get sock name Socket operation on non-socket
03-16 12:15:43.506  1024  1024 E cnss-daemon: Failed to get sock name Socket operation on non-socket
03-16 12:15:43.511  1024  1024 E cnss-daemon: Failed to get sock name Socket operation on non-socket
03-16 12:15:43.515  1024  1024 E cnss-daemon: Failed to get sock name Socket operation on non-socket
03-16 12:15:43.519  1024  1024 E cnss-daemon: Failed to get sock name Socket operation on non-socket
03-16 12:15:43.523  1024  1024 E cnss-daemon: Failed to get sock name Socket operation on non-socket
03-16 12:15:43.527  1024  1024 E cnss-daemon: Failed to get sock name Socket operation on non-socket
03-16 12:15:43.532  1024  1024 E cnss-daemon: Failed to get sock name Socket operation on non-socket
03-16 12:15:43.536  1024  1024 E cnss-daemon: Failed to get sock name Socket operation on non-socket
03-16 12:15:43.541  1024  1024 E cnss-daemon: Failed to get sock name Socket operation on non-socket
03-16 12:15:43.545  1024  1024 E cnss-daemon: Failed to get sock name Socket operation on non-socket
03-16 12:15:43.549  1024  1024 E cnss-daemon: Failed to get sock name Socket operation on non-socket
03-16 12:15:43.553  1024  1024 E cnss-daemon: Failed to get sock name Socket operation on non-socket
03-16 12:15:43.557  1024  1024 E cnss-daemon: Failed to get sock name Socket operation on non-socket
03-16 12:15:43.561  1024  1024 E cnss-daemon: Failed to get sock name Socket operation on non-socket
03-16 12:15:43.566  1024  1024 E cnss-daemon: Failed to get sock name Socket operation on non-socket
03-16 12:15:43.570  1024  1024 E cnss-daemon: Failed to get sock name Socket operation on non-socket
03-16 12:15:43.573  1024  1024 E cnss-daemon: Failed to get sock name Socket operation on non-socket
03-16 12:15:43.578  1024  1024 E cnss-daemon: Failed to get sock name Socket operation on non-socket
03-16 12:15:43.583  1024  1024 E cnss-daemon: Failed to get sock name Socket operation on non-socket
03-16 12:15:43.587  1024  1024 E cnss-daemon: Failed to get sock name Socket operation on non-socket
03-16 12:15:43.591  1024  1024 E cnss-daemon: Failed to get sock name Socket operation on non-socket
03-16 12:15:43.596  1024  1024 E cnss-daemon: Failed to get sock name Socket operation on non-socket
03-16 12:15:43.601  1024  1024 E cnss-daemon: Failed to get sock name Socket operation on non-socket
03-16 12:15:43.605  1024  1024 E cnss-daemon: Failed to get sock name Socket operation on non-socket
03-16 12:15:43.624  1024  1024 E cnss-daemon: Failed to get sock name Socket operation on non-socket
03-16 12:15:43.627  1024  1024 E cnss-daemon: Failed to get sock name Socket operation on non-socket
03-16 12:15:43.631  1024  1024 E cnss-daemon: Failed to get sock name Socket operation on non-socket
03-16 12:15:43.635  1024  1024 E cnss-daemon: Failed to get sock name Socket operation on non-socket
03-16 12:15:43.639  1024  1024 E cnss-daemon: Failed to get sock name Socket operation on non-socket
03-16 12:15:43.642  1024  1024 E cnss-daemon: Failed to get sock name Socket operation on non-socket
03-16 12:15:43.645  1024  1024 E cnss-daemon: Failed to get sock name Socket operation on non-socket
03-16 12:15:43.649  1024  1024 E cnss-daemon: Failed to get sock name Socket operation on non-socket
03-16 12:15:43.652  1024  1024 E cnss-daemon: Failed to get sock name Socket operation on non-socket
03-16 12:15:43.656  1024  1024 E cnss-daemon: Failed to get sock name Socket operation on non-socket
03-16 12:15:43.659  1024  1024 E cnss-daemon: Failed to get sock name Socket operation on non-socket
03-16 12:15:43.663  1024  1024 E cnss-daemon: Failed to get sock name Socket operation on non-socket
03-16 12:15:43.666  1024  1024 E cnss-daemon: Failed to get sock name Socket operation on non-socket
03-16 12:15:43.669  1024  1024 E cnss-daemon: Failed to get sock name Socket operation on non-socket
03-16 12:15:43.673  1024  1024 E cnss-daemon: Failed to get sock name Socket operation on non-socket
03-16 12:15:43.676  1024  1024 E cnss-daemon: Failed to get sock name Socket operation on non-socket
03-16 12:15:43.680  1024  1024 E cnss-daemon: Failed to get sock name Socket operation on non-socket
03-16 12:15:43.684  1024  1024 E cnss-daemon: Failed to get sock name Socket operation on non-socket
03-16 12:15:43.687  1024  1024 E cnss-daemon: Failed to get sock name Socket operation on non-socket
03-16 12:15:43.691  1024  1024 E cnss-daemon: Failed to get sock name Socket operation on non-socket
03-16 12:15:43.695  1024  1024 E cnss-daemon: Failed to get sock name Socket operation on non-socket
03-16 12:15:43.698  1024  1024 E cnss-daemon: Failed to get sock name Socket operation on non-socket
03-16 12:15:43.703  1024  1024 E cnss-daemon: Failed to get sock name Socket operation on non-socket
03-16 12:15:43.707  1024  1024 E cnss-daemon: Failed to get sock name Socket operation on non-socket
03-16 12:15:43.711  1024  1024 E cnss-daemon: Failed to get sock name Socket operation on non-socket
03-16 12:15:43.715  1024  1024 E cnss-daemon: Failed to get sock name Socket operation on non-socket
03-16 12:15:43.719  1024  1024 E cnss-daemon: Failed to get sock name Socket operation on non-socket
03-16 12:15:43.723  1024  1024 E cnss-daemon: Failed to get sock name Socket operation on non-socket
03-16 12:15:43.727  1024  1024 E cnss-daemon: Failed to get sock name Socket operation on non-socket
03-16 12:15:43.732  1024  1024 E cnss-daemon: Failed to get sock name Socket operation on non-socket
03-16 12:15:43.736  1024  1024 E cnss-daemon: Failed to get sock name Socket operation on non-socket
03-16 12:15:43.740  1024  1024 E cnss-daemon: Failed to get sock name Socket operation on non-socket
03-16 12:15:43.744  1024  1024 E cnss-daemon: Failed to get sock name Socket operation on non-socket
03-16 12:15:43.748  1024  1024 E cnss-daemon: Failed to get sock name Socket operation on non-socket
03-16 12:15:43.752  1024  1024 E cnss-daemon: Failed to get sock name Socket operation on non-socket
03-16 12:15:43.757  1024  1024 E cnss-daemon: Failed to get sock name Socket operation on non-socket
03-16 12:15:43.761  1024  1024 E cnss-daemon: Failed to get sock name Socket operation on non-socket
03-16 12:15:43.766  1024  1024 E cnss-daemon: Failed to get sock name Socket operation on non-socket
03-16 12:15:43.770  1024  1024 E cnss-daemon: Failed to get sock name Socket operation on non-socket
03-16 12:15:43.774  1024  1024 E cnss-daemon: Failed to get sock name Socket operation on non-socket
03-16 12:15:43.778  1024  1024 E cnss-daemon: Failed to get sock name Socket operation on non-socket
03-16 12:15:43.782  1024  1024 E cnss-daemon: Failed to get sock name Socket operation on non-socket
03-16 12:15:43.786  1024  1024 E cnss-daemon: Failed to get sock name Socket operation on non-socket
03-16 12:15:43.791  1024  1024 E cnss-daemon: Failed to get sock name Socket operation on non-socket
03-16 12:15:43.795  1024  1024 E cnss-daemon: Failed to get sock name Socket operation on non-socket
03-16 12:15:43.799  1024  1024 E cnss-daemon: Failed to get sock name Socket operation on non-socket
03-16 12:15:43.803  1024  1024 E cnss-daemon: Failed to get sock name Socket operation on non-socket
03-16 12:15:43.807  1024  1024 E cnss-daemon: Failed to get sock name Socket operation on non-socket
03-16 12:15:43.812  1024  1024 E cnss-daemon: Failed to get sock name Socket operation on non-socket
03-16 12:15:43.816  1024  1024 E cnss-daemon: Failed to get sock name Socket operation on non-socket
03-16 12:15:43.820  1024  1024 E cnss-daemon: Failed to get sock name Socket operation on non-socket
03-16 12:15:43.825  1024  1024 E cnss-daemon: Failed to get sock name Socket operation on non-socket
03-16 12:15:43.830  1024  1024 E cnss-daemon: Failed to get sock name Socket operation on non-socket
03-16 12:15:43.834  1024  1024 E cnss-daemon: Failed to get sock name Socket operation on non-socket
03-16 12:15:43.838  1024  1024 E cnss-daemon: Failed to get sock name Socket operation on non-socket
03-16 12:15:43.842  1024  1024 E cnss-daemon: Failed to get sock name Socket operation on non-socket
03-16 12:15:43.847  1024  1024 E cnss-daemon: Failed to get sock name Socket operation on non-socket
03-16 12:15:43.851  1024  1024 E cnss-daemon: Failed to get sock name Socket operation on non-socket
03-16 12:15:43.855   533   533 I io_stats: !@ 179,0 r 37628750 497079519 w 3202966 54022416 d 737996 16870944 f 425907 721313 iot 16894920 14847407 th 51200 51200 38740 pt 101170 inp 0 0 82828.680
03-16 12:15:43.856  1024  1024 E cnss-daemon: Failed to get sock name Socket operation on non-socket
03-16 12:15:43.859  1024  1024 E cnss-daemon: Failed to get sock name Socket operation on non-socket
03-16 12:15:43.863  1024  1024 E cnss-daemon: Failed to get sock name Socket operation on non-socket
03-16 12:15:43.867  1024  1024 E cnss-daemon: Failed to get sock name Socket operation on non-socket
03-16 12:15:43.870  1024  1024 E cnss-daemon: Failed to get sock name Socket operation on non-socket
03-16 12:15:43.874  1024  1024 E cnss-daemon: Failed to get sock name Socket operation on non-socket
03-16 12:15:43.878  1024  1024 E cnss-daemon: Failed to get sock name Socket operation on non-socket
03-16 12:15:43.882  1024  1024 E cnss-daemon: Failed to get sock name Socket operation on non-socket
03-16 12:15:43.886  1024  1024 E cnss-daemon: Failed to get sock name Socket operation on non-socket
03-16 12:15:43.890  1024  1024 E cnss-daemon: Failed to get sock name Socket operation on non-socket
03-16 12:15:43.894  1024  1024 E cnss-daemon: Failed to get sock name Socket operation on non-socket
03-16 12:15:43.897  1024  1024 E cnss-daemon: Failed to get sock name Socket operation on non-socket
03-16 12:15:43.901  1024  1024 E cnss-daemon: Failed to get sock name Socket operation on non-socket
03-16 12:15:43.905  1024  1024 E cnss-daemon: Failed to get sock name Socket operation on non-socket
03-16 12:15:43.909  1024  1024 E cnss-daemon: Failed to get sock name Socket operation on non-socket
03-16 12:15:43.913  1024  1024 E cnss-daemon: Failed to get sock name Socket operation on non-socket
03-16 12:15:43.916  1024  1024 E cnss-daemon: Failed to get sock name Socket operation on non-socket
03-16 12:15:43.920  1024  1024 E cnss-daemon: Failed to get sock name Socket operation on non-socket
03-16 12:15:43.923  1024  1024 E cnss-daemon: Failed to get sock name Socket operation on non-socket
