--------- beginning of main
03-16 12:15:34.597  1024  1024 E cnss-daemon: Failed to get sock name Socket operation on non-socket
03-16 12:15:34.600  1024  1024 E cnss-daemon: Failed to get sock name Socket operation on non-socket
03-16 12:15:34.605  1024  1024 E cnss-daemon: Failed to get sock name Socket operation on non-socket
03-16 12:15:34.609  1024  1024 E cnss-daemon: Failed to get sock name Socket operation on non-socket
03-16 12:15:34.612  1024  1024 E cnss-daemon: Failed to get sock name Socket operation on non-socket
03-16 12:15:34.616  1024  1024 E cnss-daemon: Failed to get sock name Socket operation on non-socket
03-16 12:15:34.620  1024  1024 E cnss-daemon: Failed to get sock name Socket operation on non-socket
03-16 12:15:34.625  1024  1024 E cnss-daemon: Failed to get sock name Socket operation on non-socket
03-16 12:15:34.629  1024  1024 E cnss-daemon: Failed to get sock name Socket operation on non-socket
03-16 12:15:34.633  1024  1024 E cnss-daemon: Failed to get sock name Socket operation on non-socket
03-16 12:15:34.637  1024  1024 E cnss-daemon: Failed to get sock name Socket operation on non-socket
03-16 12:15:34.642  1024  1024 E cnss-daemon: Failed to get sock name Socket operation on non-socket
03-16 12:15:34.646  1024  1024 E cnss-daemon: Failed to get sock name Socket operation on non-socket
03-16 12:15:34.650  1024  1024 E cnss-daemon: Failed to get sock name Socket operation on non-socket
03-16 12:15:34.655  1024  1024 E cnss-daemon: Failed to get sock name Socket operation on non-socket
03-16 12:15:34.659  1024  1024 E cnss-daemon: Failed to get sock name Socket operation on non-socket
03-16 12:15:34.662  1024  1024 E cnss-daemon: Failed to get sock name Socket operation on non-socket
03-16 12:15:34.666  1024  1024 E cnss-daemon: Failed to get sock name Socket operation on non-socket
03-16 12:15:34.669  1024  1024 E cnss-daemon: Failed to get sock name Socket operation on non-socket
03-16 12:15:34.673  1024  1024 E cnss-daemon: Failed to get sock name Socket operation on non-socket
03-16 12:15:34.677  1024  1024 E cnss-daemon: Failed to get sock name Socket operation on non-socket
03-16 12:15:34.681  1024  1024 E cnss-daemon: Failed to get sock name Socket operation on non-socket
03-16 12:15:34.686  1024  1024 E cnss-daemon: Failed to get sock name Socket operation on non-socket
03-16 12:15:34.691  1024  1024 E cnss-daemon: Failed to get sock name Socket operation on non-socket
03-16 12:15:34.696  1024  1024 E cnss-daemon: Failed to get sock name Socket operation on non-socket
03-16 12:15:34.701  1024  1024 E cnss-daemon: Failed to get sock name Socket operation on non-socket
03-16 12:15:34.707  1024  1024 E cnss-daemon: Failed to get sock name Socket operation on non-socket
03-16 12:15:34.713  1024  1024 E cnss-daemon: Failed to get sock name Socket operation on non-socket
03-16 12:15:34.718  1024  1024 E cnss-daemon: Failed to get sock name Socket operation on non-socket
03-16 12:15:34.724  1024  1024 E cnss-daemon: Failed to get sock name Socket operation on non-socket
03-16 12:15:34.729  1024  1024 E cnss-daemon: Failed to get sock name Socket operation on non-socket
03-16 12:15:34.735  1024  1024 E cnss-daemon: Failed to get sock name Socket operation on non-socket
03-16 12:15:34.740  1024  1024 E cnss-daemon: Failed to get sock name Socket operation on non-socket
03-16 12:15:34.746  1024  1024 E cnss-daemon: Failed to get sock name Socket operation on non-socket
03-16 12:15:34.752  1024  1024 E cnss-daemon: Failed to get sock name Socket operation on non-socket
03-16 12:15:34.758  1024  1024 E cnss-daemon: Failed to get sock name Socket operation on non-socket
03-16 12:15:34.763  1024  1024 E cnss-daemon: Failed to get sock name Socket operation on non-socket
03-16 12:15:34.769  1024  1024 E cnss-daemon: Failed to get sock name Socket operation on non-socket
03-16 12:15:34.774  1024  1024 E cnss-daemon: Failed to get sock name Socket operation on non-socket
03-16 12:15:34.779  1024  1024 E cnss-daemon: Failed to get sock name Socket operation on non-socket
03-16 12:15:34.785  1024  1024 E cnss-daemon: Failed to get sock name Socket operation on non-socket
03-16 12:15:34.790  1024  1024 E cnss-daemon: Failed to get sock name Socket operation on non-socket
03-16 12:15:34.796  1024  1024 E cnss-daemon: Failed to get sock name Socket operation on non-socket
03-16 12:15:34.802  1024  1024 E cnss-daemon: Failed to get sock name Socket operation on non-socket
03-16 12:15:34.808  1024  1024 E cnss-daemon: Failed to get sock name Socket operation on non-socket
03-16 12:15:34.814  1024  1024 E cnss-daemon: Failed to get sock name Socket operation on non-socket
03-16 12:15:34.820  1024  1024 E cnss-daemon: Failed to get sock name Socket operation on non-socket
03-16 12:15:34.826  1024  1024 E cnss-daemon: Failed to get sock name Socket operation on non-socket
03-16 12:15:34.832  1024  1024 E cnss-daemon: Failed to get sock name Socket operation on non-socket
03-16 12:15:34.837  1024  1024 E cnss-daemon: Failed to get sock name Socket operation on non-socket
03-16 12:15:34.842  1024  1024 E cnss-daemon: Failed to get sock name Socket operation on non-socket
03-16 12:15:34.845  1024  1024 E cnss-daemon: Failed to get sock name Socket operation on non-socket
03-16 12:15:34.849  1024  1024 E cnss-daemon: Failed to get sock name Socket operation on non-socket
03-16 12:15:34.853  1024  1024 E cnss-daemon: Failed to get sock name Socket operation on non-socket
03-16 12:15:34.857  1024  1024 E cnss-daemon: Failed to get sock name Socket operation on non-socket
03-16 12:15:34.861  1024  1024 E cnss-daemon: Failed to get sock name Socket operation on non-socket
03-16 12:15:34.865  1024  1024 E cnss-daemon: Failed to get sock name Socket operation on non-socket
03-16 12:15:34.869  1024  1024 E cnss-daemon: Failed to get sock name Socket operation on non-socket
03-16 12:15:34.873  1024  1024 E cnss-daemon: Failed to get sock name Socket operation on non-socket
03-16 12:15:34.877  1024  1024 E cnss-daemon: Failed to get sock name Socket operation on non-socket
03-16 12:15:34.880  1883  2357 I SemDvfsHyPerManager: acquire hyper - APP_LAUNCH/1883@31, type = -999
03-16 12:15:34.882  1024  1024 E cnss-daemon: Failed to get sock name Socket operation on non-socket
03-16 12:15:34.883   703   750 I HYPER-HAL: [RequestManager.cpp]acquire(): Acquired ID : 1832686  [1883 / 31]    HINT : APP_LAUNCH    list : 
03-16 12:15:34.887  1024  1024 E cnss-daemon: Failed to get sock name Socket operation on non-socket
03-16 12:15:34.889   703   750 E HYPER-HAL: [HandlerSysfs.cpp]doResourceHandling(): Couldn't Open Sysfs - /sys/class/scsi_host/host0/../../../clkscale_enable
03-16 12:15:34.891  1024  1024 E cnss-daemon: Failed to get sock name Socket operation on non-socket
03-16 12:15:34.895  1024  1024 E cnss-daemon: Failed to get sock name Socket operation on non-socket
03-16 12:15:34.896   703   750 I HYPER-HAL: [ResourceManager.cpp]updateResource(): [CPUMinFreq] UpdateResource Request ID : 1832686    Value : 1804800
03-16 12:15:34.899  1024  1024 E cnss-daemon: Failed to get sock name Socket operation on non-socket
03-16 12:15:34.903  1024  1024 E cnss-daemon: Failed to get sock name Socket operation on non-socket
03-16 12:15:34.907  1024  1024 E cnss-daemon: Failed to get sock name Socket operation on non-socket
03-16 12:15:34.910  1024  1024 E cnss-daemon: Failed to get sock name Socket operation on non-socket
03-16 12:15:34.913  1024  1024 E cnss-daemon: Failed to get sock name Socket operation on non-socket
03-16 12:15:34.916  1024  1024 E cnss-daemon: Failed to get sock name Socket operation on non-socket
03-16 12:15:34.920  1024  1024 E cnss-daemon: Failed to get sock name Socket operation on non-socket
--------- beginning of system
03-16 12:15:34.921  1883 12767 I ActivityTaskManager: START u0 {flg=0x10000000 cmp=com.example.helloworld/.MainActivity} from uid 2000
03-16 12:15:34.922  1883 12767 D ActivityTaskManager: TaskLaunchParamsModifier:task=null activity=ActivityRecord{51e4894 u0 com.example.helloworld/.MainActivity task-display-area=DefaultTaskDisplayArea@34216148 display-area-windowing-mode=1
03-16 12:15:34.922  1883 12767 D ActivityTaskManager: TaskLaunchParamsModifier:task=Task{71fdbbd #1009 visible=false type=standard mode=fullscreen translucent=true A=11022:com.example.helloworld U=0 StackId=1009 sz=1} activity=ActivityRecord{51e4894 u0 com.example.helloworld/.MainActivity t-1} display-from-task=0 task-display-area=DefaultTaskDisplayArea@34216148 display-area-windowing-mode=1 non-freeform-display maximized-bounds
03-16 12:15:34.923  1024  1024 E cnss-daemon: Failed to get sock name Socket operation on non-socket
03-16 12:15:34.926  1024  1024 E cnss-daemon: Failed to get sock name Socket operation on non-socket
03-16 12:15:34.931  1024  1024 E cnss-daemon: Failed to get sock name Socket operation on non-socket
03-16 12:15:34.935  1024  1024 E cnss-daemon: Failed to get sock name Socket operation on non-socket
03-16 12:15:34.938  1024  1024 E cnss-daemon: Failed to get sock name Socket operation on non-socket
03-16 12:15:34.940  1883 12767 V WindowManager: Prepare app transition: transit=TRANSIT_ACTIVITY_OPEN mNextAppTransition=TRANSIT_UNSET alwaysKeepCurrent=false displayId=0 Callers=com.android.server.wm.DisplayContent.prepareAppTransition:5809 com.android.server.wm.DisplayContent.prepareAppTransition:5803 com.android.server.wm.ActivityStack.startActivityLocked:2595 com.android.server.wm.ActivityStarter.startActivityInner:2684 com.android.server.wm.ActivityStarter.startActivityUnchecked:2207 
03-16 12:15:34.942  1024  1024 E cnss-daemon: Failed to get sock name Socket operation on non-socket
03-16 12:15:34.943  1883 12767 D MARsPolicyManager: onPackageResumedFG pkgName = com.example.helloworld, userId = 0
03-16 12:15:34.943  1883 12767 V WindowManager: Prepare app transition: transit=TRANSIT_ACTIVITY_OPEN mNextAppTransition=TRANSIT_ACTIVITY_OPEN alwaysKeepCurrent=false displayId=0 Callers=com.android.server.wm.DisplayContent.prepareAppTransition:5809 com.android.server.wm.DisplayContent.prepareAppTransition:5803 com.android.server.wm.ActivityStack.resumeTopActivityInnerLocked:2255 com.android.server.wm.ActivityStack.resumeTopActivityUncheckedLocked:1873 com.android.server.wm.RootWindowContainer.resumeFocusedStacksTopActivities:2700 
03-16 12:15:34.945  1883 12767 W ActivityTaskManager: Tried to set launchTime (0) < mLastActivityLaunchTime (81848831)
03-16 12:15:34.947  1024  1024 E cnss-daemon: Failed to get sock name Socket operation on non-socket
03-16 12:15:34.949  1883 12767 V WindowManager: rotationForOrientation(orient=SCREEN_ORIENTATION_NOSENSOR (5), last=ROTATION_0 (0)); user=ROTATION_0 (0) 
03-16 12:15:34.949  1883 12767 D WindowManager: rotationForOrientation, orientationSource=Window{10d4059 u0 NotificationShade}
03-16 12:15:34.951  1024  1024 E cnss-daemon: Failed to get sock name Socket operation on non-socket
03-16 12:15:34.951  1883 12767 V WindowManager: Computed rotation=ROTATION_0 (0) for display id=0 based on lastOrientation=SCREEN_ORIENTATION_NOSENSOR (5) and oldRotation=ROTATION_0 (0), caller=com.android.server.wm.DisplayRotation.updateOrientation:394 com.android.server.wm.DisplayContent.updateOrientation:1698 com.android.server.wm.DisplayContent.updateOrientation:1626 com.android.server.wm.RootWindowContainer.ensureVisibilityAndConfig:2166 com.android.server.wm.ActivityStackSupervisor.realStartActivityLocked:932 com.android.server.wm.ActivityStackSupervisor.startSpecificActivity:1247 
03-16 12:15:34.952   713   769 E ANDR-PERF-UTIL: Failed to update node /proc/9217/sched_boost with value 3
03-16 12:15:34.952   713   769 E ANDR-PERF-OPTSHANDLER: can't boost task 9217
03-16 12:15:34.952   713   769 E ANDR-PERF-RESOURCEQS: Failed to apply optimization [3, 32]
03-16 12:15:34.952  1883 12767 D TspStateManager: updateCustomValue customSetting=
03-16 12:15:34.953  1883 12767 D TspStateManager: updateCustomValue customSetting=
03-16 12:15:34.954  1024  1024 E cnss-daemon: Failed to get sock name Socket operation on non-socket
03-16 12:15:34.956  1883 12767 D PkgDataHelper: notifyAppCreate(), pkgName: com.example.helloworld, sendRet: true
03-16 12:15:34.956  1883  6182 D GameManagerService: onLooperPrepared(), msg: MSG_APP_CREATE, pkgName: com.example.helloworld
03-16 12:15:34.958  1024  1024 E cnss-daemon: Failed to get sock name Socket operation on non-socket
03-16 12:15:34.958  1883 12767 D InputDispatcher: Focused application set to (0): 51e4894
03-16 12:15:34.961  1024  1024 E cnss-daemon: Failed to get sock name Socket operation on non-socket
03-16 12:15:34.961  1883 12767 D ActivityTaskManager: finishFixedRotationTransform, r=ActivityRecord{51e4894 u0 com.example.helloworld/.MainActivity t1009}, caller=com.android.server.wm.WindowToken.finishFixedRotationTransform:664 com.android.server.wm.DisplayContent$FixedRotationTransitionListener.onAppTransitionFinishedLocked:7025 com.android.server.wm.AppTransition.notifyAppTransitionFinishedLocked:552 com.android.server.wm.ActivityRecord.onAnimationFinished:7164 com.android.server.wm.ActivityRecord.postApplyAnimation:5013 
03-16 12:15:34.961  1883 12767 D MARsPolicyManager: onPackageResumedFG pkgName = com.example.helloworld, userId = 0
03-16 12:15:34.962  1883 12767 D ActivityTaskManager: finishFixedRotationTransform, r=ActivityRecord{51e4894 u0 com.example.helloworld/.MainActivity t1009}, caller=com.android.server.wm.WindowToken.finishFixedRotationTransform:664 com.android.server.wm.DisplayContent$FixedRotationTransitionListener.onAppTransitionFinishedLocked:7025 com.android.server.wm.AppTransition.notifyAppTransitionFinishedLocked:552 com.android.server.wm.ActivityRecord.onAnimationFinished:7164 com.android.server.wm.ActivityRecord.postApplyAnimation:5013 
03-16 12:15:34.963  1883 12767 W WindowManager: Execute app transition: mNextAppTransition=TRANSIT_ACTIVITY_OPEN, displayId: 0 Callers=com.android.server.wm.RootWindowContainer.executeAppTransitionForAllDisplay:2621 com.android.server.wm.ActivityStackSupervisor.reportResumedActivityLocked:2274 com.android.server.wm.ActivityRecord.completeResumeLocked:5710 com.android.server.wm.ActivityStack.minimalResumeActivityLocked:1225 com.android.server.wm.ActivityStackSupervisor.realStartActivityLocked:1160 
03-16 12:15:34.968  1024  1024 E cnss-daemon: Failed to get sock name Socket operation on non-socket
03-16 12:15:34.968  1883 12767 I SemDvfsHyPerManager: acquire hyper - AMS_APP_LAUNCH/1883@15, type = -999
03-16 12:15:34.969   703   750 I HYPER-HAL: [RequestManager.cpp]acquire(): Acquired ID : 1802166  [1883 / 15]    HINT : AMS_APP_LAUNCH    list : 
03-16 12:15:34.969   703   750 E HYPER-HAL: [HandlerSysfs.cpp]doResourceHandling(): Couldn't Open Sysfs - /sys/class/scsi_host/host0/../../../clkscale_enable
03-16 12:15:34.970   703   750 I HYPER-HAL: [ResourceManager.cpp]updateResource(): [CPUMinFreq] UpdateResource Request ID : 1802166    Value : 1804800
03-16 12:15:34.977  1024  1024 E cnss-daemon: Failed to get sock name Socket operation on non-socket
03-16 12:15:34.980   577   577 E audit   : type=1400 audit(1773634534.972:17509604): avc:  denied  { execute_no_trans } for  pid=31395 comm="cnss-daemon" path="/vendor/bin/sh" dev="dm-2" ino=293 scontext=u:r:wcnss_service:s0 tcontext=u:object_r:vendor_shell_exec:s0 tclass=file permissive=0 SEPF_SM-A207F_11_0004 audit_filtered
03-16 12:15:34.980  1883  2263 I GameSDK@LifeCycle: noteResumeComponent(): package name  : com.example.helloworld
03-16 12:15:34.981  1883  1883 I CocktailBarManagerServiceContainer: handleMessage: entry what = 5
03-16 12:15:34.981  1883  1883 I CocktailBarManagerServiceImpl: changeVisibleEdgeService : no active host
03-16 12:15:34.984  1024  1024 E cnss-daemon: Failed to get sock name Socket operation on non-socket
03-16 12:15:34.984  1883  2263 D GameManagerService: noteResumeComponent(), received resumed-component: com.example.helloworld
03-16 12:15:34.984  1883  6182 D GameManagerService: onLooperPrepared(), msg: MSG_APP_RESUME, resumeComponent: ComponentInfo{com.example.helloworld/com.example.helloworld.MainActivity}
03-16 12:15:34.984  1883  6182 D GameManagerService: handleResume().
03-16 12:15:34.985  1883  6182 D GameManagerService:   handleResume(). display is turned off. ignore
03-16 12:15:34.986   577   577 E audit   : type=1400 audit(1773634534.982:17509605): avc:  denied  { execute_no_trans } for  pid=31396 comm="cnss-daemon" path="/vendor/bin/sh" dev="dm-2" ino=293 scontext=u:r:wcnss_service:s0 tcontext=u:object_r:vendor_shell_exec:s0 tclass=file permissive=0 SEPF_SM-A207F_11_0004 audit_filtered
03-16 12:15:34.988  1024  1024 E cnss-daemon: Failed to get sock name Socket operation on non-socket
03-16 12:15:34.990   577   577 E audit   : type=1400 audit(1773634534.982:17509606): avc:  denied  { execute_no_trans } for  pid=31397 comm="cnss-daemon" path="/vendor/bin/sh" dev="dm-2" ino=293 scontext=u:r:wcnss_service:s0 tcontext=u:object_r:vendor_shell_exec:s0 tclass=file permissive=0 SEPF_SM-A207F_11_0004 audit_filtered
03-16 12:15:34.991  1024  1024 E cnss-daemon: Failed to get sock name Socket operation on non-socket
03-16 12:15:34.994   577   577 E audit   : type=1400 audit(1773634534.982:17509607): avc:  denied  { execute_no_trans } for  pid=31398 comm="cnss-daemon" path="/vendor/bin/sh" dev="dm-2" ino=293 scontext=u:r:wcnss_service:s0 tcontext=u:object_r:vendor_shell_exec:s0 tclass=file permissive=0 SEPF_SM-A207F_11_0004 audit_filtered
03-16 12:15:34.995  1024  1024 E cnss-daemon: Failed to get sock name Socket operation on non-socket
03-16 12:15:34.997   577   577 E audit   : type=1400 audit(1773634534.992:17509608): avc:  denied  { execute_no_trans } for  pid=31399 comm="cnss-daemon" path="/vendor/bin/sh" dev="dm-2" ino=293 scontext=u:r:wcnss_service:s0 tcontext=u:object_r:vendor_shell_exec:s0 tclass=file permissive=0 SEPF_SM-A207F_11_0004 audit_filtered
03-16 12:15:34.998  1024  1024 E cnss-daemon: Failed to get sock name Socket operation on non-socket
03-16 12:15:35.001  1024  1024 E cnss-daemon: Failed to get sock name Socket operation on non-socket
03-16 12:15:35.004  1024  1024 E cnss-daemon: Failed to get sock name Socket operation on non-socket
03-16 12:15:35.007  1024  1024 E cnss-daemon: Failed to get sock name Socket operation on non-socket
03-16 12:15:35.010  1024  1024 E cnss-daemon: Failed to get sock name Socket operation on non-socket
03-16 12:15:35.013  1024  1024 E cnss-daemon: Failed to get sock name Socket operation on non-socket
03-16 12:15:35.016  1024  1024 E cnss-daemon: Failed to get sock name Socket operation on non-socket
03-16 12:15:35.019  1024  1024 E cnss-daemon: Failed to get sock name Socket operation on non-socket
03-16 12:15:35.022  1024  1024 E cnss-daemon: Failed to get sock name Socket operation on non-socket
03-16 12:15:35.026  1024  1024 E cnss-daemon: Failed to get sock name Socket operation on non-socket
03-16 12:15:35.029  1024  1024 E cnss-daemon: Failed to get sock name Socket operation on non-socket
03-16 12:15:35.033  1024  1024 E cnss-daemon: Failed to get sock name Socket operation on non-socket
03-16 12:15:35.036  1024  1024 E cnss-daemon: Failed to get sock name Socket operation on non-socket
03-16 12:15:35.039  1024  1024 E cnss-daemon: Failed to get sock name Socket operation on non-socket
03-16 12:15:35.042  1024  1024 E cnss-daemon: Failed to get sock name Socket operation on non-socket
03-16 12:15:35.046  1024  1024 E cnss-daemon: Failed to get sock name Socket operation on non-socket
03-16 12:15:35.049  1024  1024 E cnss-daemon: Failed to get sock name Socket operation on non-socket
03-16 12:15:35.052  1024  1024 E cnss-daemon: Failed to get sock name Socket operation on non-socket
03-16 12:15:35.052  9217  9217 D MainActivity: Mobile Ads SDK initialized: {com.google.android.gms.ads.MobileAds=com.google.android.gms.internal.ads.zzbrc@cc5d038}
03-16 12:15:35.055  1024  1024 E cnss-daemon: Failed to get sock name Socket operation on non-socket
03-16 12:15:35.058  1024  1024 E cnss-daemon: Failed to get sock name Socket operation on non-socket
03-16 12:15:35.061  1024  1024 E cnss-daemon: Failed to get sock name Socket operation on non-socket
03-16 12:15:35.062  1883 13729 I ActivityTaskManager: START u0 {act=android.content.pm.action.REQUEST_PERMISSIONS pkg=com.google.android.permissioncontroller cmp=com.google.android.permissioncontroller/com.android.permissioncontroller.permission.ui.GrantPermissionsActivity (has extras)} from uid 11022
03-16 12:15:35.064  1024  1024 E cnss-daemon: Failed to get sock name Socket operation on non-socket
03-16 12:15:35.064  1883 13729 D ActivityTaskManager: TaskLaunchParamsModifier:task=null activity=ActivityRecord{a98e332 u0 com.google.android.permissioncontroller/com.android.permissioncontroller.permission.ui.GrantPermissionsActivity display-area-from-source=DefaultTaskDisplayArea@34216148 task-display-area=DefaultTaskDisplayArea@34216148 display-area-windowing-mode=1
03-16 12:15:35.065  1883 13729 D ActivityTaskManager: TaskLaunchParamsModifier:task=Task{71fdbbd #1009 visible=false type=standard mode=fullscreen translucent=true A=11022:com.example.helloworld U=0 StackId=1009 sz=2} activity=ActivityRecord{a98e332 u0 com.google.android.permissioncontroller/com.android.permissioncontroller.permission.ui.GrantPermissionsActivity t-1} display-from-task=0 task-display-area=DefaultTaskDisplayArea@34216148 display-area-windowing-mode=1 inherit-from-source=fullscreen activity-options-fullscreen=Rect(0, 0 - 0, 0) non-freeform-display maximized-bounds
03-16 12:15:35.067  1024  1024 E cnss-daemon: Failed to get sock name Socket operation on non-socket
03-16 12:15:35.070  1883 13729 V WindowManager: Prepare app transition: transit=TRANSIT_ACTIVITY_OPEN mNextAppTransition=TRANSIT_ACTIVITY_OPEN alwaysKeepCurrent=false displayId=0 Callers=com.android.server.wm.DisplayContent.prepareAppTransition:5809 com.android.server.wm.DisplayContent.prepareAppTransition:5803 com.android.server.wm.ActivityStack.startActivityLocked:2595 com.android.server.wm.ActivityStarter.startActivityInner:2684 com.android.server.wm.ActivityStarter.startActivityUnchecked:2207 
03-16 12:15:35.071  1024  1024 E cnss-daemon: Failed to get sock name Socket operation on non-socket
03-16 12:15:35.074  1024  1024 E cnss-daemon: Failed to get sock name Socket operation on non-socket
03-16 12:15:35.079  1024  1024 E cnss-daemon: Failed to get sock name Socket operation on non-socket
03-16 12:15:35.085  1024  1024 E cnss-daemon: Failed to get sock name Socket operation on non-socket
03-16 12:15:35.089  1024  1024 E cnss-daemon: Failed to get sock name Socket operation on non-socket
03-16 12:15:35.092  1024  1024 E cnss-daemon: Failed to get sock name Socket operation on non-socket
03-16 12:15:35.096  1024  1024 E cnss-daemon: Failed to get sock name Socket operation on non-socket
03-16 12:15:35.099  1024  1024 E cnss-daemon: Failed to get sock name Socket operation on non-socket
03-16 12:15:35.103  1024  1024 E cnss-daemon: Failed to get sock name Socket operation on non-socket
03-16 12:15:35.106  1024  1024 E cnss-daemon: Failed to get sock name Socket operation on non-socket
03-16 12:15:35.110  1024  1024 E cnss-daemon: Failed to get sock name Socket operation on non-socket
03-16 12:15:35.113  1024  1024 E cnss-daemon: Failed to get sock name Socket operation on non-socket
03-16 12:15:35.117  1024  1024 E cnss-daemon: Failed to get sock name Socket operation on non-socket
03-16 12:15:35.120  1024  1024 E cnss-daemon: Failed to get sock name Socket operation on non-socket
03-16 12:15:35.123  1024  1024 E cnss-daemon: Failed to get sock name Socket operation on non-socket
03-16 12:15:35.126  1024  1024 E cnss-daemon: Failed to get sock name Socket operation on non-socket
03-16 12:15:35.130  1024  1024 E cnss-daemon: Failed to get sock name Socket operation on non-socket
03-16 12:15:35.134  1024  1024 E cnss-daemon: Failed to get sock name Socket operation on non-socket
03-16 12:15:35.137  1024  1024 E cnss-daemon: Failed to get sock name Socket operation on non-socket
03-16 12:15:35.140  1024  1024 E cnss-daemon: Failed to get sock name Socket operation on non-socket
03-16 12:15:35.144  1024  1024 E cnss-daemon: Failed to get sock name Socket operation on non-socket
03-16 12:15:35.147  1024  1024 E cnss-daemon: Failed to get sock name Socket operation on non-socket
03-16 12:15:35.150  1024  1024 E cnss-daemon: Failed to get sock name Socket operation on non-socket
03-16 12:15:35.153  1024  1024 E cnss-daemon: Failed to get sock name Socket operation on non-socket
03-16 12:15:35.157  1024  1024 E cnss-daemon: Failed to get sock name Socket operation on non-socket
03-16 12:15:35.160  1024  1024 E cnss-daemon: Failed to get sock name Socket operation on non-socket
03-16 12:15:35.165  1024  1024 E cnss-daemon: Failed to get sock name Socket operation on non-socket
03-16 12:15:35.168  1024  1024 E cnss-daemon: Failed to get sock name Socket operation on non-socket
03-16 12:15:35.172  1024  1024 E cnss-daemon: Failed to get sock name Socket operation on non-socket
03-16 12:15:35.176  1024  1024 E cnss-daemon: Failed to get sock name Socket operation on non-socket
03-16 12:15:35.179  1024  1024 E cnss-daemon: Failed to get sock name Socket operation on non-socket
03-16 12:15:35.183  1024  1024 E cnss-daemon: Failed to get sock name Socket operation on non-socket
03-16 12:15:35.186  1024  1024 E cnss-daemon: Failed to get sock name Socket operation on non-socket
03-16 12:15:35.189  1024  1024 E cnss-daemon: Failed to get sock name Socket operation on non-socket
03-16 12:15:35.193  1024  1024 E cnss-daemon: Failed to get sock name Socket operation on non-socket
03-16 12:15:35.196  1024  1024 E cnss-daemon: Failed to get sock name Socket operation on non-socket
03-16 12:15:35.199  1024  1024 E cnss-daemon: Failed to get sock name Socket operation on non-socket
03-16 12:15:35.203  1024  1024 E cnss-daemon: Failed to get sock name Socket operation on non-socket
03-16 12:15:35.207  1024  1024 E cnss-daemon: Failed to get sock name Socket operation on non-socket
03-16 12:15:35.210  1024  1024 E cnss-daemon: Failed to get sock name Socket operation on non-socket
03-16 12:15:35.214  1024  1024 E cnss-daemon: Failed to get sock name Socket operation on non-socket
03-16 12:15:35.218  1024  1024 E cnss-daemon: Failed to get sock name Socket operation on non-socket
03-16 12:15:35.221  1024  1024 E cnss-daemon: Failed to get sock name Socket operation on non-socket
03-16 12:15:35.224  1024  1024 E cnss-daemon: Failed to get sock name Socket operation on non-socket
03-16 12:15:35.228  1024  1024 E cnss-daemon: Failed to get sock name Socket operation on non-socket
03-16 12:15:35.231  1024  1024 E cnss-daemon: Failed to get sock name Socket operation on non-socket
03-16 12:15:35.234  1024  1024 E cnss-daemon: Failed to get sock name Socket operation on non-socket
03-16 12:15:35.237  1024  1024 E cnss-daemon: Failed to get sock name Socket operation on non-socket
03-16 12:15:35.240  1024  1024 E cnss-daemon: Failed to get sock name Socket operation on non-socket
03-16 12:15:35.244  1024  1024 E cnss-daemon: Failed to get sock name Socket operation on non-socket
03-16 12:15:35.247  1024  1024 E cnss-daemon: Failed to get sock name Socket operation on non-socket
03-16 12:15:35.251  1024  1024 E cnss-daemon: Failed to get sock name Socket operation on non-socket
03-16 12:15:35.254  1024  1024 E cnss-daemon: Failed to get sock name Socket operation on non-socket
03-16 12:15:35.257  1024  1024 E cnss-daemon: Failed to get sock name Socket operation on non-socket
03-16 12:15:35.260  1024  1024 E cnss-daemon: Failed to get sock name Socket operation on non-socket
03-16 12:15:35.264  1024  1024 E cnss-daemon: Failed to get sock name Socket operation on non-socket
03-16 12:15:35.268  1024  1024 E cnss-daemon: Failed to get sock name Socket operation on non-socket
03-16 12:15:35.272  1024  1024 E cnss-daemon: Failed to get sock name Socket operation on non-socket
03-16 12:15:35.276  1024  1024 E cnss-daemon: Failed to get sock name Socket operation on non-socket
03-16 12:15:35.280  1024  1024 E cnss-daemon: Failed to get sock name Socket operation on non-socket
03-16 12:15:35.281  9217  9217 I DecorView: [INFO] isPopOver=false, config=true
03-16 12:15:35.282  9217  9217 I DecorView: updateCaptionType >> DecorView@dbc1f7c[], isFloating=false, isApplication=true, hasWindowDecorCaption=false, hasWindowControllerCallback=true
03-16 12:15:35.282  9217  9217 D DecorView: setCaptionType = 0, this = DecorView@dbc1f7c[]
03-16 12:15:35.284  1024  1024 E cnss-daemon: Failed to get sock name Socket operation on non-socket
03-16 12:15:35.287  1024  1024 E cnss-daemon: Failed to get sock name Socket operation on non-socket
03-16 12:15:35.291  1024  1024 E cnss-daemon: Failed to get sock name Socket operation on non-socket
03-16 12:15:35.295  1024  1024 E cnss-daemon: Failed to get sock name Socket operation on non-socket
03-16 12:15:35.298  9217 10820 I DynamiteModule: Considering local module com.google.android.gms.ads.dynamite:0 and remote module com.google.android.gms.ads.dynamite:260480602
03-16 12:15:35.298  9217 10820 I DynamiteModule: Selected remote version of com.google.android.gms.ads.dynamite, version >= 260480602
03-16 12:15:35.298  9217 10820 V DynamiteModule: Dynamite loader version >= 2, using loadModule2NoCrashUtils
03-16 12:15:35.298  1024  1024 E cnss-daemon: Failed to get sock name Socket operation on non-socket
03-16 12:15:35.302  1024  1024 E cnss-daemon: Failed to get sock name Socket operation on non-socket
03-16 12:15:35.308  1024  1024 E cnss-daemon: Failed to get sock name Socket operation on non-socket
03-16 12:15:35.311  1024  1024 E cnss-daemon: Failed to get sock name Socket operation on non-socket
03-16 12:15:35.315  1024  1024 E cnss-daemon: Failed to get sock name Socket operation on non-socket
03-16 12:15:35.318  1024  1024 E cnss-daemon: Failed to get sock name Socket operation on non-socket
03-16 12:15:35.322  1024  1024 E cnss-daemon: Failed to get sock name Socket operation on non-socket
03-16 12:15:35.325  1024  1024 E cnss-daemon: Failed to get sock name Socket operation on non-socket
03-16 12:15:35.329  1024  1024 E cnss-daemon: Failed to get sock name Socket operation on non-socket
03-16 12:15:35.332  1024  1024 E cnss-daemon: Failed to get sock name Socket operation on non-socket
03-16 12:15:35.336  1024  1024 E cnss-daemon: Failed to get sock name Socket operation on non-socket
03-16 12:15:35.340  1024  1024 E cnss-daemon: Failed to get sock name Socket operation on non-socket
03-16 12:15:35.344  1024  1024 E cnss-daemon: Failed to get sock name Socket operation on non-socket
03-16 12:15:35.347  1024  1024 E cnss-daemon: Failed to get sock name Socket operation on non-socket
03-16 12:15:35.352  1024  1024 E cnss-daemon: Failed to get sock name Socket operation on non-socket
03-16 12:15:35.356  1024  1024 E cnss-daemon: Failed to get sock name Socket operation on non-socket
03-16 12:15:35.359  1024  1024 E cnss-daemon: Failed to get sock name Socket operation on non-socket
03-16 12:15:35.362  9217 10820 I Ads     : Use RequestConfiguration.Builder().setTestDeviceIds(Arrays.asList("8DB14B952ED03EDC510DFA8262C86F71")) to get test ads on this device.
03-16 12:15:35.364  1024  1024 E cnss-daemon: Failed to get sock name Socket operation on non-socket
03-16 12:15:35.367  1024  1024 E cnss-daemon: Failed to get sock name Socket operation on non-socket
03-16 12:15:35.371  1024  1024 E cnss-daemon: Failed to get sock name Socket operation on non-socket
03-16 12:15:35.374  1024  1024 E cnss-daemon: Failed to get sock name Socket operation on non-socket
03-16 12:15:35.379  1024  1024 E cnss-daemon: Failed to get sock name Socket operation on non-socket
03-16 12:15:35.382  1024  1024 E cnss-daemon: Failed to get sock name Socket operation on non-socket
03-16 12:15:35.386  1024  1024 E cnss-daemon: Failed to get sock name Socket operation on non-socket
03-16 12:15:35.389  1024  1024 E cnss-daemon: Failed to get sock name Socket operation on non-socket
03-16 12:15:35.393  1024  1024 E cnss-daemon: Failed to get sock name Socket operation on non-socket
03-16 12:15:35.397  1024  1024 E cnss-daemon: Failed to get sock name Socket operation on non-socket
03-16 12:15:35.406  1024  1024 E cnss-daemon: Failed to get sock name Socket operation on non-socket
03-16 12:15:35.411  1883 12767 I AppsFilter: interaction: PackageSetting{8a7822 com.example.helloworld/11022} -> PackageSetting{16c4f05 org.telegram.messenger/10081} BLOCKED
03-16 12:15:35.413  1024  1024 E cnss-daemon: Failed to get sock name Socket operation on non-socket
03-16 12:15:35.417  1024  1024 E cnss-daemon: Failed to get sock name Socket operation on non-socket
03-16 12:15:35.421  1024  1024 E cnss-daemon: Failed to get sock name Socket operation on non-socket
03-16 12:15:35.425  1024  1024 E cnss-daemon: Failed to get sock name Socket operation on non-socket
03-16 12:15:35.430  1024  1024 E cnss-daemon: Failed to get sock name Socket operation on non-socket
03-16 12:15:35.436  1024  1024 E cnss-daemon: Failed to get sock name Socket operation on non-socket
03-16 12:15:35.443  1024  1024 E cnss-daemon: Failed to get sock name Socket operation on non-socket
03-16 12:15:35.447  1024  1024 E cnss-daemon: Failed to get sock name Socket operation on non-socket
03-16 12:15:35.448  1883 12767 I AppsFilter: interaction: PackageSetting{8a7822 com.example.helloworld/11022} -> PackageSetting{69c1bf5 com.taxsee.taxsee/10010} BLOCKED
03-16 12:15:35.448  1883 12767 I AppsFilter: interaction: PackageSetting{8a7822 com.example.helloworld/11022} -> PackageSetting{4286f05 com.google.android.apps.maps/10132} BLOCKED
03-16 12:15:35.452  1024  1024 E cnss-daemon: Failed to get sock name Socket operation on non-socket
03-16 12:15:35.460  1024  1024 E cnss-daemon: Failed to get sock name Socket operation on non-socket
03-16 12:15:35.464  1883  2263 W ActivityTaskManager: Activity top resumed state loss timeout for ActivityRecord{51e4894 u0 com.example.helloworld/.MainActivity t1009}
03-16 12:15:35.465  1024  1024 E cnss-daemon: Failed to get sock name Socket operation on non-socket
03-16 12:15:35.468  1883  2263 W ActivityTaskManager: Activity pause timeout for ActivityRecord{51e4894 u0 com.example.helloworld/.MainActivity t1009}
03-16 12:15:35.469  1883  2263 D MARsPolicyManager: onPackageResumedFG pkgName = com.google.android.permissioncontroller, userId = 0
03-16 12:15:35.470  1024  1024 E cnss-daemon: Failed to get sock name Socket operation on non-socket
03-16 12:15:35.474  1024  1024 E cnss-daemon: Failed to get sock name Socket operation on non-socket
03-16 12:15:35.477  1883  2263 V WindowManager: Prepare app transition: transit=TRANSIT_ACTIVITY_OPEN mNextAppTransition=TRANSIT_ACTIVITY_OPEN alwaysKeepCurrent=false displayId=0 Callers=com.android.server.wm.DisplayContent.prepareAppTransition:5809 com.android.server.wm.DisplayContent.prepareAppTransition:5803 com.android.server.wm.ActivityStack.resumeTopActivityInnerLocked:2267 com.android.server.wm.ActivityStack.resumeTopActivityUncheckedLocked:1873 com.android.server.wm.RootWindowContainer.resumeFocusedStacksTopActivities:2754 
03-16 12:15:35.479  1024  1024 E cnss-daemon: Failed to get sock name Socket operation on non-socket
03-16 12:15:35.479   713   769 E ANDR-PERF-UTIL: Failed to update node /proc/29963/sched_boost with value 3
03-16 12:15:35.479  1883  2263 V WindowManager: rotationForOrientation(orient=SCREEN_ORIENTATION_NOSENSOR (5), last=ROTATION_0 (0)); user=ROTATION_0 (0) 
03-16 12:15:35.479   713   769 E ANDR-PERF-OPTSHANDLER: can't boost task 29963
03-16 12:15:35.479   713   769 E ANDR-PERF-RESOURCEQS: Failed to apply optimization [3, 32]
03-16 12:15:35.479  1883  2263 D WindowManager: rotationForOrientation, orientationSource=Window{10d4059 u0 NotificationShade}
03-16 12:15:35.480  1883  2263 V WindowManager: Computed rotation=ROTATION_0 (0) for display id=0 based on lastOrientation=SCREEN_ORIENTATION_NOSENSOR (5) and oldRotation=ROTATION_0 (0), caller=com.android.server.wm.DisplayRotation.updateOrientation:394 com.android.server.wm.DisplayContent.updateOrientation:1698 com.android.server.wm.DisplayContent.updateOrientation:1626 com.android.server.wm.RootWindowContainer.ensureVisibilityAndConfig:2166 com.android.server.wm.ActivityStackSupervisor.realStartActivityLocked:932 com.android.server.wm.ActivityStackSupervisor.startSpecificActivity:1247 
03-16 12:15:35.481  1883  2263 D TspStateManager: updateCustomValue customSetting=
03-16 12:15:35.482  1883  2263 D TspStateManager: updateCustomValue customSetting=
03-16 12:15:35.484  1024  1024 E cnss-daemon: Failed to get sock name Socket operation on non-socket
03-16 12:15:35.485  1883  6182 D GameManagerService: onLooperPrepared(), msg: MSG_APP_CREATE, pkgName: com.google.android.permissioncontroller
03-16 12:15:35.485  1883  2263 D PkgDataHelper: notifyAppCreate(), pkgName: com.google.android.permissioncontroller, sendRet: true
03-16 12:15:35.487  1883  2263 D InputDispatcher: Focused application set to (0): a98e332
03-16 12:15:35.487  9217 10820 W ServiceBindIntentUtils: Dynamic lookup for intent failed for action: com.google.android.gms.ads.service.CACHE
03-16 12:15:35.489  1024  1024 E cnss-daemon: Failed to get sock name Socket operation on non-socket
03-16 12:15:35.489  1883  2263 D ActivityTaskManager: finishFixedRotationTransform, r=ActivityRecord{a98e332 u0 com.google.android.permissioncontroller/com.android.permissioncontroller.permission.ui.GrantPermissionsActivity t1009}, caller=com.android.server.wm.WindowToken.finishFixedRotationTransform:664 com.android.server.wm.DisplayContent$FixedRotationTransitionListener.onAppTransitionFinishedLocked:7025 com.android.server.wm.AppTransition.notifyAppTransitionFinishedLocked:552 com.android.server.wm.ActivityRecord.onAnimationFinished:7164 com.android.server.wm.ActivityRecord.postApplyAnimation:5013 
03-16 12:15:35.490  1883  2263 D MARsPolicyManager: onPackageResumedFG pkgName = com.google.android.permissioncontroller, userId = 0
03-16 12:15:35.491  1883  2263 D ActivityTaskManager: finishFixedRotationTransform, r=ActivityRecord{a98e332 u0 com.google.android.permissioncontroller/com.android.permissioncontroller.permission.ui.GrantPermissionsActivity t1009}, caller=com.android.server.wm.WindowToken.finishFixedRotationTransform:664 com.android.server.wm.DisplayContent$FixedRotationTransitionListener.onAppTransitionFinishedLocked:7025 com.android.server.wm.AppTransition.notifyAppTransitionFinishedLocked:552 com.android.server.wm.ActivityRecord.onAnimationFinished:7164 com.android.server.wm.ActivityRecord.postApplyAnimation:5013 
03-16 12:15:35.492  1883  2263 W WindowManager: Execute app transition: mNextAppTransition=TRANSIT_ACTIVITY_OPEN, displayId: 0 Callers=com.android.server.wm.RootWindowContainer.executeAppTransitionForAllDisplay:2621 com.android.server.wm.ActivityStackSupervisor.reportResumedActivityLocked:2274 com.android.server.wm.ActivityRecord.completeResumeLocked:5710 com.android.server.wm.ActivityStack.minimalResumeActivityLocked:1225 com.android.server.wm.ActivityStackSupervisor.realStartActivityLocked:1160 
03-16 12:15:35.497  1883  8546 V ActivityManager: Changed top to 10104,ProcessRecord{93f9335 29963:com.google.android.permissioncontroller/u0a104}
03-16 12:15:35.504  1024  1024 E cnss-daemon: Failed to get sock name Socket operation on non-socket
03-16 12:15:35.508  1024  1024 E cnss-daemon: Failed to get sock name Socket operation on non-socket
03-16 12:15:35.508  1883  2263 D GameManagerService: notePauseComponent(), received paused-component: com.example.helloworld
03-16 12:15:35.510  1883 12767 I AppsFilter: interaction: PackageSetting{8a7822 com.example.helloworld/11022} -> PackageSetting{f38c3cf com.sec.android.app.samsungapps/10058} BLOCKED
03-16 12:15:35.512  1883  2259 D SehCodecSolutionService: Update top [com.google.android.permissioncontroller]
03-16 12:15:35.514  1024  1024 E cnss-daemon: Failed to get sock name Socket operation on non-socket
03-16 12:15:35.517 16430 16430 D BoundBrokerSvc: onBind: Intent { act=com.google.android.gms.ads.service.CACHE pkg=com.google.android.gms }
03-16 12:15:35.517 16430 16430 D BoundBrokerSvc: Loading bound service for intent: Intent { act=com.google.android.gms.ads.service.CACHE pkg=com.google.android.gms }
03-16 12:15:35.522  1883  2263 I GameSDK@LifeCycle: noteResumeComponent(): package name  : com.google.android.permissioncontroller
03-16 12:15:35.528  1024  1024 E cnss-daemon: Failed to get sock name Socket operation on non-socket
03-16 12:15:35.532  9217 10820 I DynamiteModule: Considering local module com.google.android.gms.ads.dynamite:0 and remote module com.google.android.gms.ads.dynamite:260480602
03-16 12:15:35.532  9217 10820 I DynamiteModule: Selected remote version of com.google.android.gms.ads.dynamite, version >= 260480602
03-16 12:15:35.532  9217 10820 V DynamiteModule: Dynamite loader version >= 2, using loadModule2NoCrashUtils
03-16 12:15:35.532  1024  1024 E cnss-daemon: Failed to get sock name Socket operation on non-socket
03-16 12:15:35.533  1883  2263 D SemGameManager: getGMSBinder(), begin
03-16 12:15:35.534  1883  2263 D SemGameManager: getGMSBinder(), successful: true
03-16 12:15:35.534  1883  2263 D SemGameManager: isAvailable(), ret=true
03-16 12:15:35.534  1883  2263 D SemGameManager: isGamePackage(), pkgName=com.google.android.permissioncontroller
03-16 12:15:35.534  1883  2263 D SemGameManager: getGMSBinder(), begin
03-16 12:15:35.535  1883  2263 D SemGameManager: getGMSBinder(), successful: true
03-16 12:15:35.535  1883  2263 D GameManagerService: identifyGamePackage. com.google.android.permissioncontroller, mCurrentUserId: 0, callerUserId: 0
03-16 12:15:35.535  1883  2263 D PkgDataHelper: getGamePkgData(). com.google.android.permissioncontroller
03-16 12:15:35.535  1883  2263 D SemGameManager: isGamePackage(), ret=false
03-16 12:15:35.539  1883  1883 I CocktailBarManagerServiceContainer: handleMessage: entry what = 5
03-16 12:15:35.539  1883  1883 I CocktailBarManagerServiceImpl: changeVisibleEdgeService : no active host
03-16 12:15:35.541  1024  1024 E cnss-daemon: Failed to get sock name Socket operation on non-socket
03-16 12:15:35.543  1883  2263 D GameManagerService: noteResumeComponent(), received resumed-component: com.google.android.permissioncontroller
03-16 12:15:35.545   713   769 E ANDR-PERF-OPTSHANDLER: Perflock resource /proc/sys/kernel/sched_spill_nr_run not supported
03-16 12:15:35.545   713   769 E ANDR-PERF-RESOURCEQS: Failed to apply optimization [3, 11]
03-16 12:15:35.548  1024  1024 E cnss-daemon: Failed to get sock name Socket operation on non-socket
03-16 12:15:35.554  9217 10820 I Ads     : Use RequestConfiguration.Builder().setTestDeviceIds(Arrays.asList("8DB14B952ED03EDC510DFA8262C86F71")) to get test ads on this device.
03-16 12:15:35.556  1024  1024 E cnss-daemon: Failed to get sock name Socket operation on non-socket
03-16 12:15:35.562 16430 16430 D BoundBrokerSvc: onBind: Intent { act=com.google.android.gms.safebrowsing.SafeBrowsingService.START dat=chimera-action: cmp=com.google.android.gms/.chimera.GmsBoundBrokerService }
03-16 12:15:35.562 16430 16430 D BoundBrokerSvc: Loading bound service for intent: Intent { act=com.google.android.gms.safebrowsing.SafeBrowsingService.START dat=chimera-action: cmp=com.google.android.gms/.chimera.GmsBoundBrokerService }
03-16 12:15:35.564  1024  1024 E cnss-daemon: Failed to get sock name Socket operation on non-socket
03-16 12:15:35.564   905  5617 I CameraService: notifyMonitoredUids
03-16 12:15:35.572  1024  1024 E cnss-daemon: Failed to get sock name Socket operation on non-socket
03-16 12:15:35.577  1024  1024 E cnss-daemon: Failed to get sock name Socket operation on non-socket
03-16 12:15:35.586  1883 13521 D InputTransport: Input channel constructed: 'e45e8cf', fd=640
03-16 12:15:35.586  1883 13729 I AppsFilter: interaction: PackageSetting{8a7822 com.example.helloworld/11022} -> PackageSetting{16c4f05 org.telegram.messenger/10081} BLOCKED
03-16 12:15:35.586  1883 13521 D InputTransport: Input channel constructed: 'e45e8cf', fd=642
03-16 12:15:35.588  1024  1024 E cnss-daemon: Failed to get sock name Socket operation on non-socket
03-16 12:15:35.593  1024  1024 E cnss-daemon: Failed to get sock name Socket operation on non-socket
03-16 12:15:35.596  1883 13521 D WindowManager: isScreenshotDisabledLocked - win: Window{e45e8cf u0 com.example.helloworld/com.example.helloworld.MainActivity}
03-16 12:15:35.596  1883 13521 D WindowManager: isScreenshotDisabledLocked: userId = 0, disabled =false
03-16 12:15:35.599  1024  1024 E cnss-daemon: Failed to get sock name Socket operation on non-socket
03-16 12:15:35.601  1883 13521 D InputTransport: Input channel destroyed: 'e45e8cf', fd=642
03-16 12:15:35.602  9217  9217 D InputTransport: Input channel constructed: 'e45e8cf', fd=127
03-16 12:15:35.604  1024  1024 E cnss-daemon: Failed to get sock name Socket operation on non-socket
03-16 12:15:35.610  1024  1024 E cnss-daemon: Failed to get sock name Socket operation on non-socket
03-16 12:15:35.613  1024  1024 E cnss-daemon: Failed to get sock name Socket operation on non-socket
03-16 12:15:35.617  1024  1024 E cnss-daemon: Failed to get sock name Socket operation on non-socket
03-16 12:15:35.617  9217  9217 I ViewRootImpl@ecbc1af[MainActivity]: setView = com.android.internal.policy.DecorView@dbc1f7c TM=true
03-16 12:15:35.620  1024  1024 E cnss-daemon: Failed to get sock name Socket operation on non-socket
03-16 12:15:35.626  1024  1024 E cnss-daemon: Failed to get sock name Socket operation on non-socket
03-16 12:15:35.632  1024  1024 E cnss-daemon: Failed to get sock name Socket operation on non-socket
03-16 12:15:35.633  9217 31543 W Ads     : Not retrying to fetch app settings
03-16 12:15:35.635  9217 31584 W ServiceBindIntentUtils: Dynamic lookup for intent failed for action: com.google.android.gms.ads.service.START
03-16 12:15:35.638  1024  1024 E cnss-daemon: Failed to get sock name Socket operation on non-socket
03-16 12:15:35.642  1024  1024 E cnss-daemon: Failed to get sock name Socket operation on non-socket
03-16 12:15:35.645 16430 16430 D BoundBrokerSvc: onBind: Intent { act=com.google.android.gms.ads.service.START pkg=com.google.android.gms }
03-16 12:15:35.645 16430 16430 D BoundBrokerSvc: Loading bound service for intent: Intent { act=com.google.android.gms.ads.service.START pkg=com.google.android.gms }
03-16 12:15:35.646  1024  1024 E cnss-daemon: Failed to get sock name Socket operation on non-socket
03-16 12:15:35.649  1024  1024 E cnss-daemon: Failed to get sock name Socket operation on non-socket
03-16 12:15:35.654  1024  1024 E cnss-daemon: Failed to get sock name Socket operation on non-socket
03-16 12:15:35.656 16430 16430 D BoundBrokerSvc: onBind: Intent { act=com.google.android.gms.ads.identifier.service.EVENT_ATTESTATION dat=chimera-action: cmp=com.google.android.gms/.chimera.GmsBoundBrokerService }
03-16 12:15:35.656 16430 16430 D BoundBrokerSvc: Loading bound service for intent: Intent { act=com.google.android.gms.ads.identifier.service.EVENT_ATTESTATION dat=chimera-action: cmp=com.google.android.gms/.chimera.GmsBoundBrokerService }
03-16 12:15:35.658  1024  1024 E cnss-daemon: Failed to get sock name Socket operation on non-socket
03-16 12:15:35.662  9217  9217 I ViewRootImpl@ecbc1af[MainActivity]: stopped(true) old=false
03-16 12:15:35.663  1024  1024 E cnss-daemon: Failed to get sock name Socket operation on non-socket
03-16 12:15:35.667  1024  1024 E cnss-daemon: Failed to get sock name Socket operation on non-socket
03-16 12:15:35.670  1024  1024 E cnss-daemon: Failed to get sock name Socket operation on non-socket
03-16 12:15:35.673  1024  1024 E cnss-daemon: Failed to get sock name Socket operation on non-socket
03-16 12:15:35.677  1024  1024 E cnss-daemon: Failed to get sock name Socket operation on non-socket
03-16 12:15:35.680  1024  1024 E cnss-daemon: Failed to get sock name Socket operation on non-socket
03-16 12:15:35.685  1024  1024 E cnss-daemon: Failed to get sock name Socket operation on non-socket
03-16 12:15:35.688  1024  1024 E cnss-daemon: Failed to get sock name Socket operation on non-socket
03-16 12:15:35.693  1024  1024 E cnss-daemon: Failed to get sock name Socket operation on non-socket
03-16 12:15:35.696  1024  1024 E cnss-daemon: Failed to get sock name Socket operation on non-socket
03-16 12:15:35.699  1883 12857 V WindowManager: Relayout Window{e45e8cf u0 com.example.helloworld/com.example.helloworld.MainActivity}: viewVisibility=8 req=0x0
03-16 12:15:35.700  1024  1024 E cnss-daemon: Failed to get sock name Socket operation on non-socket
03-16 12:15:35.703  1024  1024 E cnss-daemon: Failed to get sock name Socket operation on non-socket
03-16 12:15:35.707  1024  1024 E cnss-daemon: Failed to get sock name Socket operation on non-socket
03-16 12:15:35.707  1883 12857 V WindowManager: Relayout hash=e45e8cf, pid=9217: mAttrs={(0,0)(fillxfill) sim={adjust=pan forwardNavigation} ty=BASE_APPLICATION wanim=0x1030304
03-16 12:15:35.707  1883 12857 V WindowManager:   fl=81810100
03-16 12:15:35.707  1883 12857 V WindowManager:   pfl=12020000
03-16 12:15:35.707  1883 12857 V WindowManager:   fitSides= naviIconColor=0}
03-16 12:15:35.709  9217  9217 I SurfaceControl: assignNativeObject: nativeObject = 0 Surface(name=null)/@0xa66694b / android.view.SurfaceControl.readFromParcel:1121 android.view.IWindowSession$Stub$Proxy.relayout:1830 android.view.ViewRootImpl.relayoutWindow:9005 android.view.ViewRootImpl.performTraversals:3360 android.view.ViewRootImpl.doTraversal:2618 android.view.ViewRootImpl$TraversalRunnable.run:9971 android.view.Choreographer$CallbackRecord.run:1010 android.view.Choreographer.doCallbacks:809 android.view.Choreographer.doFrame:744 android.view.Choreographer$FrameDisplayEventReceiver.run:995 
